 zlibwapi

 Timestamp is 586f2877 (Thu Jan  5 21:17:43 2017)

 Preferred load address is 10000000

 Start         Length     Name                   Class
 0001:00000000 000225daH .text$mn                CODE
 0002:00000000 00000104H .CRT$XCA                DATA
 0002:00000104 00000104H .CRT$XCZ                DATA
 0002:00000208 00000104H .CRT$XIA                DATA
 0002:0000030c 00000104H .CRT$XIZ                DATA
 0002:00000410 00000104H .CRT$XPA                DATA
 0002:00000514 00000104H .CRT$XPZ                DATA
 0002:00000618 00000104H .CRT$XTA                DATA
 0002:0000071c 00000104H .CRT$XTZ                DATA
 0002:00000820 00004cdcH .rdata                  DATA
 0002:000054fc 0000019cH .rdata$zzzdbg           DATA
 0002:00005698 00000104H .rtc$IAA                DATA
 0002:0000579c 00000104H .rtc$IZZ                DATA
 0002:000058a0 00000104H .rtc$TAA                DATA
 0002:000059a4 00000104H .rtc$TZZ                DATA
 0002:00005aa8 00000198H .xdata$x                DATA
 0002:00005c40 00001091H .edata                  DATA
 0003:00000000 00000878H .data                   DATA
 0003:00000878 00000458H .bss                    DATA
 0004:00000000 000001bcH .idata$5                DATA
 0004:000001bc 0000003cH .idata$2                DATA
 0004:000001f8 00000014H .idata$3                DATA
 0004:0000020c 000001bcH .idata$4                DATA
 0004:000003c8 000005e8H .idata$6                DATA
 0005:00000000 00000125H .gfids$y                DATA
 0006:00000000 00000104H .00cfg                  DATA
 0007:00000000 00000170H .rsrc$01                DATA
 0007:00000170 000004dcH .rsrc$02                DATA

  Address         Publics by Value              Rva+Base       Lib:Object

 0000:00000000       ___guard_longjmp_table     00000000     <absolute>
 0000:00000000       ___guard_iat_count         00000000     <absolute>
 0000:00000000       ___dynamic_value_reloc_table 00000000     <absolute>
 0000:00000000       ___guard_iat_table         00000000     <absolute>
 0000:00000000       ___safe_se_handler_count   00000000     <absolute>
 0000:00000000       ___guard_fids_table        00000000     <absolute>
 0000:00000000       ___guard_longjmp_count     00000000     <absolute>
 0000:00000000       ___safe_se_handler_table   00000000     <absolute>
 0000:00000000       ___guard_fids_count        00000000     <absolute>
 0000:00000100       ___guard_flags             00000100     <absolute>
 0000:00000000       ___ImageBase               10000000     <linker-defined>
 0001:00000a20       _longest_match             10001a20 f   match686.obj
 0001:00000c08       _match_init                10001c08 f   match686.obj
 0001:00000d90       _inflate_fast              10001d90 f   inffas32.obj
 0001:00001610       _adler32@12                10002610 f   adler32.obj
 0001:00001630       _adler32_z@12              10002630 f   adler32.obj
 0001:00001bd0       _adler32_combine@12        10002bd0 f   adler32.obj
 0001:00001cf0       _adler32_combine64@16      10002cf0 f   adler32.obj
 0001:00001ed0       _compress@16               10002ed0 f   compress.obj
 0001:00001ef0       _compress2@20              10002ef0 f   compress.obj
 0001:00002020       _compressBound@4           10003020 f   compress.obj
 0001:000020a0       _crc32@12                  100030a0 f   crc32.obj
 0001:000020c0       _crc32_z@12                100030c0 f   crc32.obj
 0001:00002310       _crc32_combine@12          10003310 f   crc32.obj
 0001:00002330       _get_crc_table@0           10003330 f   crc32.obj
 0001:00003010       _crc32_combine64@16        10004010 f   crc32.obj
 0001:00003420       _deflate@8                 10004420 f   deflate.obj
 0001:00004440       _deflateEnd@4              10005440 f   deflate.obj
 0001:00004550       _deflateSetDictionary@12   10005550 f   deflate.obj
 0001:000047c0       _deflateGetDictionary@12   100057c0 f   deflate.obj
 0001:00004860       _deflateCopy@8             10005860 f   deflate.obj
 0001:00004ac0       _deflateReset@4            10005ac0 f   deflate.obj
 0001:00004af0       _deflateParams@12          10005af0 f   deflate.obj
 0001:00004ca0       _deflateTune@20            10005ca0 f   deflate.obj
 0001:00004d00       _deflateBound@8            10005d00 f   deflate.obj
 0001:00004e90       _deflatePending@12         10005e90 f   deflate.obj
 0001:00004ee0       _deflatePrime@12           10005ee0 f   deflate.obj
 0001:00004fc0       _deflateSetHeader@8        10005fc0 f   deflate.obj
 0001:00005000       _deflateInit_@16           10006000 f   deflate.obj
 0001:00005030       _deflateInit2_@32          10006030 f   deflate.obj
 0001:000053a0       _deflateResetKeep@4        100063a0 f   deflate.obj
 0001:00008940       _gzclose@4                 10009940 f   gzclose.obj
 0001:000089a0       _gzdopen@8                 100099a0 f   gzlib.obj
 0001:00008a10       _gzbuffer@8                10009a10 f   gzlib.obj
 0001:00008a80       _gzrewind@4                10009a80 f   gzlib.obj
 0001:00008b10       _gzeof@4                   10009b10 f   gzlib.obj
 0001:00008b70       _gzerror@8                 10009b70 f   gzlib.obj
 0001:00008bf0       _gzclearerr@4              10009bf0 f   gzlib.obj
 0001:00008c60       _gzopen@8                  10009c60 f   gzlib.obj
 0001:00008c80       _gzseek@12                 10009c80 f   gzlib.obj
 0001:00008ce0       _gztell@4                  10009ce0 f   gzlib.obj
 0001:00008d30       _gzoffset@4                10009d30 f   gzlib.obj
 0001:00008d80       _gzopen_w@8                10009d80 f   gzlib.obj
 0001:00008da0       _gzopen64@8                10009da0 f   gzlib.obj
 0001:00008dc0       _gzseek64@16               10009dc0 f   gzlib.obj
 0001:000090a0       _gztell64@4                1000a0a0 f   gzlib.obj
 0001:00009120       _gzoffset64@4              1000a120 f   gzlib.obj
 0001:000091c0       _gz_error                  1000a1c0 f   gzlib.obj
 0001:00009b20       ___local_stdio_printf_options 1000ab20 f i gzlib.obj
 0001:00009b30       _snprintf                  1000ab30 f i gzlib.obj
 0001:00009b80       _vsnprintf                 1000ab80 f i gzlib.obj
 0001:00009bf0       _gzread@12                 1000abf0 f   gzread.obj
 0001:00009c90       _gzfread@16                1000ac90 f   gzread.obj
 0001:00009d40       _gzgets@12                 1000ad40 f   gzread.obj
 0001:00009ef0       _gzgetc@4                  1000aef0 f   gzread.obj
 0001:00009fc0       _gzungetc@8                1000afc0 f   gzread.obj
 0001:0000a190       _gzdirect@4                1000b190 f   gzread.obj
 0001:0000a1e0       _gzclose_r@4               1000b1e0 f   gzread.obj
 0001:0000a2d0       _gzgetc_@4                 1000b2d0 f   gzread.obj
 0001:0000af90       _gzsetparams@12            1000bf90 f   gzwrite.obj
 0001:0000b080       _gzwrite@12                1000c080 f   gzwrite.obj
 0001:0000b0f0       _gzfwrite@16               1000c0f0 f   gzwrite.obj
 0001:0000b190       _gzprintf                  1000c190 f   gzwrite.obj
 0001:0000b1d0       _gzputs@8                  1000c1d0 f   gzwrite.obj
 0001:0000b250       _gzputc@8                  1000c250 f   gzwrite.obj
 0001:0000b380       _gzflush@8                 1000c380 f   gzwrite.obj
 0001:0000b420       _gzclose_w@4               1000c420 f   gzwrite.obj
 0001:0000b540       _gzvprintf                 1000c540 f   gzwrite.obj
 0001:0000c120       _inflateBack@20            1000d120 f   infback.obj
 0001:0000d4f0       _inflateBackEnd@4          1000e4f0 f   infback.obj
 0001:0000d540       _inflateBackInit_@20       1000e540 f   infback.obj
 0001:0000dbf0       _inflate@8                 1000ebf0 f   inflate.obj
 0001:0000fdb0       _inflateEnd@4              10010db0 f   inflate.obj
 0001:0000fe30       _inflateSetDictionary@12   10010e30 f   inflate.obj
 0001:0000ff00       _inflateGetDictionary@12   10010f00 f   inflate.obj
 0001:0000ffa0       _inflateSync@4             10010fa0 f   inflate.obj
 0001:00010130       _inflateCopy@8             10011130 f   inflate.obj
 0001:000102f0       _inflateReset@4            100112f0 f   inflate.obj
 0001:00010350       _inflateReset2@8           10011350 f   inflate.obj
 0001:00010420       _inflatePrime@12           10011420 f   inflate.obj
 0001:000104c0       _inflateMark@4             100114c0 f   inflate.obj
 0001:00010540       _inflateGetHeader@8        10011540 f   inflate.obj
 0001:000105a0       _inflateInit_@12           100115a0 f   inflate.obj
 0001:000105c0       _inflateInit2_@16          100115c0 f   inflate.obj
 0001:000106e0       _inflateSyncPoint@4        100116e0 f   inflate.obj
 0001:00010740       _inflateUndermine@8        10011740 f   inflate.obj
 0001:00010780       _inflateValidate@8         10011780 f   inflate.obj
 0001:000107e0       _inflateCodesUsed@4        100117e0 f   inflate.obj
 0001:00010820       _inflateResetKeep@4        10011820 f   inflate.obj
 0001:000117e0       _inflate_table             100127e0 f   inftrees.obj
 0001:00011ef0       _fill_fopen64_filefunc     10012ef0 f   ioapi.obj
 0001:00011f50       _fill_fopen_filefunc       10012f50 f   ioapi.obj
 0001:00011fb0       _call_zopen64              10012fb0 f   ioapi.obj
 0001:00012000       _call_zseek64              10013000 f   ioapi.obj
 0001:00012080       _call_ztell64              10013080 f   ioapi.obj
 0001:000120e0       _fill_zlib_filefunc64_32_def_from_filefunc32 100130e0 f   ioapi.obj
 0001:00012590       _fill_win32_filefunc       10013590 f   iowin32.obj
 0001:000125f0       _fill_win32_filefunc64     100135f0 f   iowin32.obj
 0001:00012650       _fill_win32_filefunc64A    10013650 f   iowin32.obj
 0001:000126b0       _fill_win32_filefunc64W    100136b0 f   iowin32.obj
 0001:00012710       _win32_open_file_func      10013710 f   iowin32.obj
 0001:00012780       _win32_read_file_func      10013780 f   iowin32.obj
 0001:000127f0       _win32_write_file_func     100137f0 f   iowin32.obj
 0001:00012860       _win32_tell64_file_func    10013860 f   iowin32.obj
 0001:000128f0       _win32_seek64_file_func    100138f0 f   iowin32.obj
 0001:000129b0       _win32_close_file_func     100139b0 f   iowin32.obj
 0001:00012a00       _win32_error_file_func     10013a00 f   iowin32.obj
 0001:00012b20       _win32_open64_file_func    10013b20 f   iowin32.obj
 0001:00012b90       _win32_open64_file_funcA   10013b90 f   iowin32.obj
 0001:00012c00       _win32_open64_file_funcW   10013c00 f   iowin32.obj
 0001:00012ce0       _win32_tell_file_func      10013ce0 f   iowin32.obj
 0001:00012d60       _win32_seek_file_func      10013d60 f   iowin32.obj
 0001:00013040       __tr_init                  10014040 f   trees.obj
 0001:000130d0       __tr_tally                 100140d0 f   trees.obj
 0001:00013210       __tr_flush_block           10014210 f   trees.obj
 0001:000135e0       __tr_flush_bits            100145e0 f   trees.obj
 0001:00013600       __tr_align                 10014600 f   trees.obj
 0001:00013870       __tr_stored_block          10014870 f   trees.obj
 0001:00016e20       _uncompress@16             10017e20 f   uncompr.obj
 0001:00016e40       _uncompress2@16            10017e40 f   uncompr.obj
 0001:00017030       _unzStringFileNameCompare@12 10018030 f   unzip.obj
 0001:00017070       _unzOpen@4                 10018070 f   unzip.obj
 0001:00017090       _unzOpen64@4               10018090 f   unzip.obj
 0001:000170b0       _unzOpen2@8                100180b0 f   unzip.obj
 0001:00017100       _unzOpen2_64@8             10018100 f   unzip.obj
 0001:00017160       _unzClose@4                10018160 f   unzip.obj
 0001:000171c0       _unzGetGlobalInfo@8        100181c0 f   unzip.obj
 0001:00017200       _unzGetGlobalInfo64@8      10018200 f   unzip.obj
 0001:00017240       _unzGetGlobalComment@12    10018240 f   unzip.obj
 0001:00017310       _unzGoToFirstFile@4        10018310 f   unzip.obj
 0001:000173b0       _unzGoToNextFile@4         100183b0 f   unzip.obj
 0001:000174f0       _unzLocateFile@12          100184f0 f   unzip.obj
 0001:00017650       _unzGetFilePos@8           10018650 f   unzip.obj
 0001:00017690       _unzGoToFilePos@8          10018690 f   unzip.obj
 0001:000176e0       _unzGetFilePos64@8         100186e0 f   unzip.obj
 0001:00017750       _unzGoToFilePos64@8        10018750 f   unzip.obj
 0001:000177f0       _unzGetCurrentFileInfo64@32 100187f0 f   unzip.obj
 0001:00017830       _unzGetCurrentFileInfo@32  10018830 f   unzip.obj
 0001:00017930       _unzGetCurrentFileZStreamPos64@4 10018930 f   unzip.obj
 0001:00017990       _unzOpenCurrentFile@4      10018990 f   unzip.obj
 0001:000179b0       _unzOpenCurrentFilePassword@8 100189b0 f   unzip.obj
 0001:000179d0       _unzOpenCurrentFile2@16    100189d0 f   unzip.obj
 0001:000179f0       _unzOpenCurrentFile3@20    100189f0 f   unzip.obj
 0001:00017d60       _unzCloseCurrentFile@4     10018d60 f   unzip.obj
 0001:00017e50       _unzReadCurrentFile@12     10018e50 f   unzip.obj
 0001:00018330       _unztell@4                 10019330 f   unzip.obj
 0001:00018370       _unztell64@4               10019370 f   unzip.obj
 0001:000183c0       _unzeof@4                  100193c0 f   unzip.obj
 0001:00018420       _unzGetLocalExtrafield@12  10019420 f   unzip.obj
 0001:00018530       _unzGetOffset64@4          10019530 f   unzip.obj
 0001:000185e0       _unzGetOffset@4            100195e0 f   unzip.obj
 0001:00018610       _unzSetOffset64@12         10019610 f   unzip.obj
 0001:000186b0       _unzSetOffset@8            100196b0 f   unzip.obj
 0001:0001adc0       _zipOpen@8                 1001bdc0 f   zip.obj
 0001:0001ade0       _zipOpen64@8               1001bde0 f   zip.obj
 0001:0001ae00       _zipOpen2@16               1001be00 f   zip.obj
 0001:0001ae50       _zipOpen2_64@16            1001be50 f   zip.obj
 0001:0001aeb0       _zipOpenNewFileInZip@40    1001beb0 f   zip.obj
 0001:0001af00       _zipOpenNewFileInZip64@44  1001bf00 f   zip.obj
 0001:0001af50       _zipOpenNewFileInZip2@44   1001bf50 f   zip.obj
 0001:0001afa0       _zipOpenNewFileInZip2_64@48 1001bfa0 f   zip.obj
 0001:0001aff0       _zipOpenNewFileInZip3@64   1001bff0 f   zip.obj
 0001:0001b050       _zipOpenNewFileInZip3_64@68 1001c050 f   zip.obj
 0001:0001b0b0       _zipOpenNewFileInZip4@72   1001c0b0 f   zip.obj
 0001:0001b110       _zipOpenNewFileInZip4_64@76 1001c110 f   zip.obj
 0001:0001b860       _zipWriteInFileInZip@12    1001c860 f   zip.obj
 0001:0001ba60       _zipCloseFileInZip@4       1001ca60 f   zip.obj
 0001:0001ba80       _zipCloseFileInZipRaw@12   1001ca80 f   zip.obj
 0001:0001baa0       _zipCloseFileInZipRaw64@16 1001caa0 f   zip.obj
 0001:0001c1a0       _zipClose@8                1001d1a0 f   zip.obj
 0001:0001c3c0       _zipRemoveExtraInfoBlock@12 1001d3c0 f   zip.obj
 0001:0001d4c0       _LoadCentralDirectoryRecord 1001e4c0 f   zip.obj
 0001:0001db00       _zipOpen3@16               1001eb00 f   zip.obj
 0001:0001dcc0       _Write_LocalFileHeader     1001ecc0 f   zip.obj
 0001:0001e180       _Write_Zip64EndOfCentralDirectoryLocator 1001f180 f   zip.obj
 0001:0001e240       _Write_Zip64EndOfCentralDirectoryRecord 1001f240 f   zip.obj
 0001:0001e3f0       _Write_EndOfCentralDirectoryRecord 1001f3f0 f   zip.obj
 0001:0001e5f0       _Write_GlobalComment       1001f5f0 f   zip.obj
 0001:0001f4b0       _zlibVersion@0             100204b0 f   zutil.obj
 0001:0001f4c0       _zlibCompileFlags@0        100204c0 f   zutil.obj
 0001:0001f5f0       _zError@4                  100205f0 f   zutil.obj
 0001:0001f610       _zcalloc                   10020610 f   zutil.obj
 0001:0001f630       _zcfree                    10020630 f   zutil.obj
 0001:0001f6a6       _CreateFileA@28            100206a6 f   kernel32:KERNEL32.dll
 0001:0001f6ac       _CreateFileW@28            100206ac f   kernel32:KERNEL32.dll
 0001:0001f6b2       _ReadFile@20               100206b2 f   kernel32:KERNEL32.dll
 0001:0001f6b8       _SetFilePointer@16         100206b8 f   kernel32:KERNEL32.dll
 0001:0001f6be       _WriteFile@20              100206be f   kernel32:KERNEL32.dll
 0001:0001f6c4       _CloseHandle@4             100206c4 f   kernel32:KERNEL32.dll
 0001:0001f6ca       _GetLastError@0            100206ca f   kernel32:KERNEL32.dll
 0001:0001f6d0       __allrem                   100206d0 f   MSVCRTD:llrem.obj
 0001:0001f7b0       __allshr                   100207b0 f   MSVCRTD:llshr.obj
 0001:0001f7e0       __allmul                   100207e0 f   MSVCRTD:llmul.obj
 0001:0001f830       __allshl                   10020830 f   MSVCRTD:llshl.obj
 0001:0001f860       __aulldiv                  10020860 f   MSVCRTD:ulldiv.obj
 0001:0001f8f0       __aullshr                  100208f0 f   MSVCRTD:ullshr.obj
 0001:0001f920       __alloca_probe             10020920 f   MSVCRTD:chkstk.obj
 0001:0001f920       __chkstk                   10020920 f   MSVCRTD:chkstk.obj
 0001:0001ff60       __CRT_INIT@12              10020f60 f   MSVCRTD:dll_dllmain.obj
 0001:0001ff80       __DllMainCRTStartup@12     10020f80 f   MSVCRTD:dll_dllmain.obj
 0001:0001ffb0       ??$__crt_fast_decode_pointer@PAP6AXXZ@@YAPAP6AXXZQAP6AXXZ@Z 10020fb0 f i MSVCRTD:utility.obj
 0001:0001ffe0       ??$__crt_fast_encode_pointer@PAP6AXXZ@@YAPAP6AXXZQAP6AXXZ@Z 10020fe0 f i MSVCRTD:utility.obj
 0001:00020020       ?__crt_rotate_pointer_value@@YAIIH@Z 10021020 f i MSVCRTD:utility.obj
 0001:00020030       ?configure_argv@__scrt_narrow_argv_policy@@SAHXZ 10021030 f i MSVCRTD:utility.obj
 0001:00020190       _NtCurrentTeb              10021190 f i MSVCRTD:utility.obj
 0001:000201a0       ___scrt_acquire_startup_lock 100211a0 f   MSVCRTD:utility.obj
 0001:00020200       ___scrt_dllmain_after_initialize_c 10021200 f   MSVCRTD:utility.obj
 0001:00020240       ___scrt_dllmain_before_initialize_c 10021240 f   MSVCRTD:utility.obj
 0001:00020270       ___scrt_dllmain_crt_thread_attach 10021270 f   MSVCRTD:utility.obj
 0001:000202b0       ___scrt_dllmain_crt_thread_detach 100212b0 f   MSVCRTD:utility.obj
 0001:000202d0       ___scrt_dllmain_exception_filter 100212d0 f   MSVCRTD:utility.obj
 0001:00020330       ___scrt_dllmain_uninitialize_c 10021330 f   MSVCRTD:utility.obj
 0001:00020370       ___scrt_dllmain_uninitialize_critical 10021370 f   MSVCRTD:utility.obj
 0001:00020390       ___scrt_initialize_crt     10021390 f   MSVCRTD:utility.obj
 0001:000203f0       ___scrt_initialize_onexit_tables 100213f0 f   MSVCRTD:utility.obj
 0001:000204f0       ___scrt_is_nonwritable_in_current_image 100214f0 f   MSVCRTD:utility.obj
 0001:00020670       ___scrt_release_startup_lock 10021670 f   MSVCRTD:utility.obj
 0001:000206a0       ___scrt_uninitialize_crt   100216a0 f   MSVCRTD:utility.obj
 0001:000206f0       __onexit                   100216f0 f   MSVCRTD:utility.obj
 0001:00020780       _at_quick_exit             10021780 f   MSVCRTD:utility.obj
 0001:000207e0       _atexit                    100217e0 f   MSVCRTD:utility.obj
 0001:00020820       ___security_init_cookie    10021820 f   MSVCRTD:gs_support.obj
 0001:00020940       _DllMain@12                10021940 f   MSVCRTD:dll_dllmain_stub.obj
 0001:00020970       ?__scrt_initialize_type_info@@YAXXZ 10021970 f   MSVCRTD:tncleanup.obj
 0001:00020990       ?__scrt_uninitialize_type_info@@YAXXZ 10021990 f   MSVCRTD:tncleanup.obj
 0001:000209b0       ___local_stdio_scanf_options 100219b0 f i MSVCRTD:default_local_stdio_options.obj
 0001:000209c0       ___scrt_initialize_default_local_stdio_options 100219c0 f   MSVCRTD:default_local_stdio_options.obj
 0001:00020a10       ___scrt_get_dyn_tls_init_callback 10021a10 f   MSVCRTD:dyn_tls_init.obj
 0001:00020a20       ___scrt_fastfail           10021a20 f   MSVCRTD:utility_desktop.obj
 0001:00020bb0       ___scrt_get_show_window_mode 10021bb0 f   MSVCRTD:utility_desktop.obj
 0001:00020c00       ___scrt_initialize_winrt   10021c00 f   MSVCRTD:utility_desktop.obj
 0001:00020c10       ___scrt_is_managed_app     10021c10 f   MSVCRTD:utility_desktop.obj
 0001:00020cc0       ___scrt_set_unhandled_exception_filter 10021cc0 f   MSVCRTD:utility_desktop.obj
 0001:00020ce0       ___scrt_unhandled_exception_filter@4 10021ce0 f   MSVCRTD:utility_desktop.obj
 0001:00020d60       __crt_debugger_hook        10021d60 f   MSVCRTD:utility_desktop.obj
 0001:00020d80       __RTC_Initialize           10021d80 f   MSVCRTD:_initsect_.obj
 0001:00020dc0       __RTC_Terminate            10021dc0 f   MSVCRTD:_initsect_.obj
 0001:00020e00       @_guard_check_icall@4      10021e00 f i MSVCRTD:checkcfg.obj
 0001:00020e20       __except_handler4          10021e20 f   MSVCRTD:_chandler4gs_.obj
 0001:00020e50       ___isa_available_init      10021e50 f   MSVCRTD:_cpu_disp_.obj
 0001:000211e0       __get_startup_argv_mode    100221e0 f   MSVCRTD:argv_mode.obj
 0001:000211f0       ___scrt_is_ucrt_dll_in_use 100221f0 f   MSVCRTD:ucrt_detection.obj
 0001:00021220       @_guard_check_icall_nop@4  10022220 f i MSVCRTD:guard_support.obj
 0001:00021230       __guard_icall_checks_enforced 10022230 f i MSVCRTD:guard_support.obj
 0001:00021260       @__security_check_cookie@4 10022260 f   MSVCRTD:_secchk_.obj
 0001:00021280       ___raise_securityfailure   10022280 f   MSVCRTD:gs_report.obj
 0001:000212c0       ___report_gsfailure        100222c0 f   MSVCRTD:gs_report.obj
 0001:00021410       ___report_rangecheckfailure 10022410 f   MSVCRTD:gs_report.obj
 0001:00021420       ___report_securityfailure  10022420 f   MSVCRTD:gs_report.obj
 0001:00021530       ___report_securityfailureEx 10022530 f   MSVCRTD:gs_report.obj
 0001:0002169e       _memcpy                    1002269e f   vcruntimed:VCRUNTIME140D.dll
 0001:000216a4       _memset                    100226a4 f   vcruntimed:VCRUNTIME140D.dll
 0001:000216aa       _memchr                    100226aa f   vcruntimed:VCRUNTIME140D.dll
 0001:000216b0       ___telemetry_main_invoke_trigger 100226b0 f   vcruntimed:VCRUNTIME140D.dll
 0001:000216b6       ___telemetry_main_return_trigger 100226b6 f   vcruntimed:VCRUNTIME140D.dll
 0001:000216bc       ___std_type_info_destroy_list 100226bc f   vcruntimed:VCRUNTIME140D.dll
 0001:000216c2       __except_handler4_common   100226c2 f   vcruntimed:VCRUNTIME140D.dll
 0001:000216c8       ___stdio_common_vsprintf   100226c8 f   ucrtd:ucrtbased.dll
 0001:000216ce       _strlen                    100226ce f   ucrtd:ucrtbased.dll
 0001:000216d4       _free                      100226d4 f   ucrtd:ucrtbased.dll
 0001:000216da       _malloc                    100226da f   ucrtd:ucrtbased.dll
 0001:000216e0       _wcstombs                  100226e0 f   ucrtd:ucrtbased.dll
 0001:000216e6       __wopen                    100226e6 f   ucrtd:ucrtbased.dll
 0001:000216ec       __lseeki64                 100226ec f   ucrtd:ucrtbased.dll
 0001:000216f2       __open                     100226f2 f   ucrtd:ucrtbased.dll
 0001:000216f8       __errno                    100226f8 f   ucrtd:ucrtbased.dll
 0001:000216fe       _strerror                  100226fe f   ucrtd:ucrtbased.dll
 0001:00021704       __close                    10022704 f   ucrtd:ucrtbased.dll
 0001:0002170a       __read                     1002270a f   ucrtd:ucrtbased.dll
 0001:00021710       __write                    10022710 f   ucrtd:ucrtbased.dll
 0001:00021716       _fclose                    10022716 f   ucrtd:ucrtbased.dll
 0001:0002171c       _ferror                    1002271c f   ucrtd:ucrtbased.dll
 0001:00021722       _fopen                     10022722 f   ucrtd:ucrtbased.dll
 0001:00021728       _fread                     10022728 f   ucrtd:ucrtbased.dll
 0001:0002172e       _fseek                     1002272e f   ucrtd:ucrtbased.dll
 0001:00021734       __fseeki64                 10022734 f   ucrtd:ucrtbased.dll
 0001:0002173a       _ftell                     1002273a f   ucrtd:ucrtbased.dll
 0001:00021740       __ftelli64                 10022740 f   ucrtd:ucrtbased.dll
 0001:00021746       _fwrite                    10022746 f   ucrtd:ucrtbased.dll
 0001:0002174c       _strcmp                    1002274c f   ucrtd:ucrtbased.dll
 0001:00021752       _srand                     10022752 f   ucrtd:ucrtbased.dll
 0001:00021758       _rand                      10022758 f   ucrtd:ucrtbased.dll
 0001:0002175e       __time64                   1002275e f   ucrtd:ucrtbased.dll
 0001:00021764       __initterm                 10022764 f   ucrtd:ucrtbased.dll
 0001:0002176a       __initterm_e               1002276a f   ucrtd:ucrtbased.dll
 0001:00021770       __seh_filter_dll           10022770 f   ucrtd:ucrtbased.dll
 0001:00021776       __configure_narrow_argv    10022776 f   ucrtd:ucrtbased.dll
 0001:0002177c       __initialize_narrow_environment 1002277c f   ucrtd:ucrtbased.dll
 0001:00021782       __initialize_onexit_table  10022782 f   ucrtd:ucrtbased.dll
 0001:00021788       __register_onexit_function 10022788 f   ucrtd:ucrtbased.dll
 0001:0002178e       __execute_onexit_table     1002278e f   ucrtd:ucrtbased.dll
 0001:00021794       __crt_atexit               10022794 f   ucrtd:ucrtbased.dll
 0001:0002179a       __crt_at_quick_exit        1002279a f   ucrtd:ucrtbased.dll
 0001:000217a0       __cexit                    100227a0 f   ucrtd:ucrtbased.dll
 0001:000217a6       _terminate                 100227a6 f   ucrtd:ucrtbased.dll
 0001:000217ac       _QueryPerformanceCounter@4 100227ac f   kernel32:KERNEL32.dll
 0001:000217b2       _GetCurrentProcessId@0     100227b2 f   kernel32:KERNEL32.dll
 0001:000217b8       _GetCurrentThreadId@0      100227b8 f   kernel32:KERNEL32.dll
 0001:000217be       _GetSystemTimeAsFileTime@4 100227be f   kernel32:KERNEL32.dll
 0001:000217c4       _DisableThreadLibraryCalls@4 100227c4 f   kernel32:KERNEL32.dll
 0001:000217ca       _InitializeSListHead@4     100227ca f   kernel32:KERNEL32.dll
 0001:000217d0       _IsDebuggerPresent@0       100227d0 f   kernel32:KERNEL32.dll
 0001:000217d6       _UnhandledExceptionFilter@4 100227d6 f   kernel32:KERNEL32.dll
 0001:000217dc       _SetUnhandledExceptionFilter@4 100227dc f   kernel32:KERNEL32.dll
 0001:000217e2       _GetStartupInfoW@4         100227e2 f   kernel32:KERNEL32.dll
 0001:000217e8       _IsProcessorFeaturePresent@4 100227e8 f   kernel32:KERNEL32.dll
 0001:000217ee       _GetModuleHandleW@4        100227ee f   kernel32:KERNEL32.dll
 0001:000217f4       _GetCurrentProcess@0       100227f4 f   kernel32:KERNEL32.dll
 0001:000217fa       _TerminateProcess@8        100227fa f   kernel32:KERNEL32.dll
 0001:00021800       ___vcrt_initialize         10022800 f   MSVCRTD:ucrt_stubs.obj
 0001:00021800       ___scrt_stub_for_acrt_initialize 10022800 f   MSVCRTD:ucrt_stubs.obj
 0001:00021800       ___acrt_initialize         10022800 f   MSVCRTD:ucrt_stubs.obj
 0001:00021810       ___scrt_stub_for_acrt_thread_attach 10022810 f   MSVCRTD:ucrt_stubs.obj
 0001:00021810       ___acrt_thread_attach      10022810 f   MSVCRTD:ucrt_stubs.obj
 0001:00021810       ___vcrt_thread_attach      10022810 f   MSVCRTD:ucrt_stubs.obj
 0001:00021820       ___scrt_stub_for_acrt_thread_detach 10022820 f   MSVCRTD:ucrt_stubs.obj
 0001:00021820       ___vcrt_thread_detach      10022820 f   MSVCRTD:ucrt_stubs.obj
 0001:00021820       ___acrt_thread_detach      10022820 f   MSVCRTD:ucrt_stubs.obj
 0001:00021830       ___scrt_stub_for_acrt_uninitialize 10022830 f   MSVCRTD:ucrt_stubs.obj
 0001:00021830       ___acrt_uninitialize       10022830 f   MSVCRTD:ucrt_stubs.obj
 0001:00021830       ___vcrt_uninitialize       10022830 f   MSVCRTD:ucrt_stubs.obj
 0001:00021840       ___scrt_stub_for_acrt_uninitialize_critical 10022840 f   MSVCRTD:ucrt_stubs.obj
 0001:00021840       ___vcrt_uninitialize_critical 10022840 f   MSVCRTD:ucrt_stubs.obj
 0001:00021840       ___acrt_uninitialize_critical 10022840 f   MSVCRTD:ucrt_stubs.obj
 0001:00021850       __is_c_termination_complete 10022850 f   MSVCRTD:ucrt_stubs.obj
 0001:00021850       ___scrt_stub_for_is_c_termination_complete 10022850 f   MSVCRTD:ucrt_stubs.obj
 0002:00000000       ___xc_a                    10024000     MSVCRTD:initializers.obj
 0002:00000104       ___xc_z                    10024104     MSVCRTD:initializers.obj
 0002:00000208       ___xi_a                    10024208     MSVCRTD:initializers.obj
 0002:0000030c       ___xi_z                    1002430c     MSVCRTD:initializers.obj
 0002:00000410       ___xp_a                    10024410     MSVCRTD:initializers.obj
 0002:00000514       ___xp_z                    10024514     MSVCRTD:initializers.obj
 0002:00000618       ___xt_a                    10024618     MSVCRTD:initializers.obj
 0002:0000071c       ___xt_z                    1002471c     MSVCRTD:initializers.obj
 0002:00002e88       _deflate_copyright         10026e88     deflate.obj
 0002:00004438       _inflate_copyright         10028438     inftrees.obj
 0002:000045a8       __length_code              100285a8     trees.obj
 0002:000046a8       __dist_code                100286a8     trees.obj
 0002:00005238       _unz_copyright             10029238     unzip.obj
 0002:000052a0       _zip_copyright             100292a0     zip.obj
 0002:00005300       _z_errmsg                  10029300     zutil.obj
 0002:00005330       __pRawDllMain              10029330     MSVCRTD:dll_dllmain.obj
 0002:00005330       __pDefaultRawDllMain       10029330     MSVCRTD:dll_dllmain.obj
 0002:00005378       __load_config_used         10029378     MSVCRTD:loadcfg.obj
 0002:00005698       ___rtc_iaa                 10029698     MSVCRTD:_initsect_.obj
 0002:0000579c       ___rtc_izz                 1002979c     MSVCRTD:_initsect_.obj
 0002:000058a0       ___rtc_taa                 100298a0     MSVCRTD:_initsect_.obj
 0002:000059a4       ___rtc_tzz                 100299a4     MSVCRTD:_initsect_.obj
 0003:00000750       ___scrt_native_dllmain_reason 1002b750     MSVCRTD:utility.obj
 0003:00000754       ___security_cookie_complement 1002b754     MSVCRTD:gs_cookie.obj
 0003:00000758       ___security_cookie         1002b758     MSVCRTD:gs_cookie.obj
 0003:00000760       ___isa_enabled             1002b760     MSVCRTD:_cpu_disp_.obj
 0003:00000764       ___scrt_ucrt_dll_is_in_use 1002b764     MSVCRTD:ucrt_stubs.obj
 0003:00000888       ___scrt_current_native_startup_state 1002b888     MSVCRTD:utility.obj
 0003:0000088c       ___scrt_native_startup_lock 1002b88c     MSVCRTD:utility.obj
 0003:000008b0       ?__type_info_root_node@@3U__type_info_node@@A 1002b8b0     MSVCRTD:tncleanup.obj
 0003:000008c0       ?_OptionsStorage@?1??__local_stdio_printf_options@@9@4_KA 1002b8c0     MSVCRTD:default_local_stdio_options.obj
 0003:000008d0       ?_OptionsStorage@?1??__local_stdio_scanf_options@@9@4_KA 1002b8d0     MSVCRTD:default_local_stdio_options.obj
 0003:000008dc       ___scrt_debugger_hook_flag 1002b8dc     MSVCRTD:utility_desktop.obj
 0003:000008e0       ___isa_available           1002b8e0     MSVCRTD:_cpu_disp_.obj
 0003:000008e4       ___favor                   1002b8e4     MSVCRTD:_cpu_disp_.obj
 0003:00000cb0       ?_OptionsStorage@?1??__local_stdio_printf_options@@9@9 1002bcb0     <common>
 0003:00000cc4       ___dyn_tls_init_callback   1002bcc4     <common>
 0004:00000000       __imp__CreateFileA@28      1002c000     kernel32:KERNEL32.dll
 0004:00000004       __imp__CreateFileW@28      1002c004     kernel32:KERNEL32.dll
 0004:00000008       __imp__ReadFile@20         1002c008     kernel32:KERNEL32.dll
 0004:0000000c       __imp__SetFilePointer@16   1002c00c     kernel32:KERNEL32.dll
 0004:00000010       __imp__WriteFile@20        1002c010     kernel32:KERNEL32.dll
 0004:00000014       __imp__CloseHandle@4       1002c014     kernel32:KERNEL32.dll
 0004:00000018       __imp__GetLastError@0      1002c018     kernel32:KERNEL32.dll
 0004:0000001c       __imp__GetCurrentProcess@0 1002c01c     kernel32:KERNEL32.dll
 0004:00000020       __imp__GetModuleHandleW@4  1002c020     kernel32:KERNEL32.dll
 0004:00000024       __imp__IsProcessorFeaturePresent@4 1002c024     kernel32:KERNEL32.dll
 0004:00000028       __imp__GetStartupInfoW@4   1002c028     kernel32:KERNEL32.dll
 0004:0000002c       __imp__SetUnhandledExceptionFilter@4 1002c02c     kernel32:KERNEL32.dll
 0004:00000030       __imp__UnhandledExceptionFilter@4 1002c030     kernel32:KERNEL32.dll
 0004:00000034       __imp__IsDebuggerPresent@0 1002c034     kernel32:KERNEL32.dll
 0004:00000038       __imp__InitializeSListHead@4 1002c038     kernel32:KERNEL32.dll
 0004:0000003c       __imp__DisableThreadLibraryCalls@4 1002c03c     kernel32:KERNEL32.dll
 0004:00000040       __imp__GetSystemTimeAsFileTime@4 1002c040     kernel32:KERNEL32.dll
 0004:00000044       __imp__GetCurrentThreadId@0 1002c044     kernel32:KERNEL32.dll
 0004:00000048       __imp__GetCurrentProcessId@0 1002c048     kernel32:KERNEL32.dll
 0004:0000004c       __imp__QueryPerformanceCounter@4 1002c04c     kernel32:KERNEL32.dll
 0004:00000050       __imp__TerminateProcess@8  1002c050     kernel32:KERNEL32.dll
 0004:00000054       \177KERNEL32_NULL_THUNK_DATA 1002c054     kernel32:KERNEL32.dll
 0004:00000090       __imp__memcpy              1002c090     vcruntimed:VCRUNTIME140D.dll
 0004:00000094       __imp__memchr              1002c094     vcruntimed:VCRUNTIME140D.dll
 0004:00000098       __imp____telemetry_main_invoke_trigger 1002c098     vcruntimed:VCRUNTIME140D.dll
 0004:0000009c       __imp____telemetry_main_return_trigger 1002c09c     vcruntimed:VCRUNTIME140D.dll
 0004:000000a0       __imp____std_type_info_destroy_list 1002c0a0     vcruntimed:VCRUNTIME140D.dll
 0004:000000a4       __imp___except_handler4_common 1002c0a4     vcruntimed:VCRUNTIME140D.dll
 0004:000000a8       __imp__memset              1002c0a8     vcruntimed:VCRUNTIME140D.dll
 0004:000000ac       \177VCRUNTIME140D_NULL_THUNK_DATA 1002c0ac     vcruntimed:VCRUNTIME140D.dll
 0004:000000dc       __imp__ferror              1002c0dc     ucrtd:ucrtbased.dll
 0004:000000e0       __imp__fopen               1002c0e0     ucrtd:ucrtbased.dll
 0004:000000e4       __imp__fread               1002c0e4     ucrtd:ucrtbased.dll
 0004:000000e8       __imp__fseek               1002c0e8     ucrtd:ucrtbased.dll
 0004:000000ec       __imp___wopen              1002c0ec     ucrtd:ucrtbased.dll
 0004:000000f0       __imp__ftell               1002c0f0     ucrtd:ucrtbased.dll
 0004:000000f4       __imp___ftelli64           1002c0f4     ucrtd:ucrtbased.dll
 0004:000000f8       __imp__fwrite              1002c0f8     ucrtd:ucrtbased.dll
 0004:000000fc       __imp__strcmp              1002c0fc     ucrtd:ucrtbased.dll
 0004:00000100       __imp__srand               1002c100     ucrtd:ucrtbased.dll
 0004:00000104       __imp__rand                1002c104     ucrtd:ucrtbased.dll
 0004:00000108       __imp___time64             1002c108     ucrtd:ucrtbased.dll
 0004:0000010c       __imp___initterm           1002c10c     ucrtd:ucrtbased.dll
 0004:00000110       __imp___initterm_e         1002c110     ucrtd:ucrtbased.dll
 0004:00000114       __imp__fclose              1002c114     ucrtd:ucrtbased.dll
 0004:00000118       __imp___configure_narrow_argv 1002c118     ucrtd:ucrtbased.dll
 0004:0000011c       __imp___initialize_narrow_environment 1002c11c     ucrtd:ucrtbased.dll
 0004:00000120       __imp___initialize_onexit_table 1002c120     ucrtd:ucrtbased.dll
 0004:00000124       __imp___register_onexit_function 1002c124     ucrtd:ucrtbased.dll
 0004:00000128       __imp___execute_onexit_table 1002c128     ucrtd:ucrtbased.dll
 0004:0000012c       __imp___crt_atexit         1002c12c     ucrtd:ucrtbased.dll
 0004:00000130       __imp___crt_at_quick_exit  1002c130     ucrtd:ucrtbased.dll
 0004:00000134       __imp___cexit              1002c134     ucrtd:ucrtbased.dll
 0004:00000138       __imp__terminate           1002c138     ucrtd:ucrtbased.dll
 0004:0000013c       __imp__wcstombs            1002c13c     ucrtd:ucrtbased.dll
 0004:00000140       __imp__malloc              1002c140     ucrtd:ucrtbased.dll
 0004:00000144       __imp__free                1002c144     ucrtd:ucrtbased.dll
 0004:00000148       __imp__strlen              1002c148     ucrtd:ucrtbased.dll
 0004:0000014c       __imp____stdio_common_vsprintf 1002c14c     ucrtd:ucrtbased.dll
 0004:00000150       __imp___write              1002c150     ucrtd:ucrtbased.dll
 0004:00000154       __imp___read               1002c154     ucrtd:ucrtbased.dll
 0004:00000158       __imp___close              1002c158     ucrtd:ucrtbased.dll
 0004:0000015c       __imp__strerror            1002c15c     ucrtd:ucrtbased.dll
 0004:00000160       __imp___errno              1002c160     ucrtd:ucrtbased.dll
 0004:00000164       __imp___open               1002c164     ucrtd:ucrtbased.dll
 0004:00000168       __imp___seh_filter_dll     1002c168     ucrtd:ucrtbased.dll
 0004:0000016c       __imp___lseeki64           1002c16c     ucrtd:ucrtbased.dll
 0004:00000170       __imp___fseeki64           1002c170     ucrtd:ucrtbased.dll
 0004:00000174       \177ucrtbased_NULL_THUNK_DATA 1002c174     ucrtd:ucrtbased.dll
 0004:000001bc       __IMPORT_DESCRIPTOR_KERNEL32 1002c1bc     kernel32:KERNEL32.dll
 0004:000001d0       __IMPORT_DESCRIPTOR_VCRUNTIME140D 1002c1d0     vcruntimed:VCRUNTIME140D.dll
 0004:000001e4       __IMPORT_DESCRIPTOR_ucrtbased 1002c1e4     ucrtd:ucrtbased.dll
 0004:000001f8       __NULL_IMPORT_DESCRIPTOR   1002c1f8     kernel32:KERNEL32.dll
 0006:00000000       ___guard_check_icall_fptr  1002e000     MSVCRTD:guard_support.obj
