 zlibwapi

 Timestamp is 586c7047 (Tue Jan  3 19:47:19 2017)

 Preferred load address is 10000000

 Start         Length     Name                   Class
 0001:00000000 00000260H .text                   CODE
 0001:00000260 0004e848H .text$mn                CODE
 0002:00000000 00000170H .idata$5                DATA
 0002:00000170 00000004H .00cfg                  DATA
 0002:00000174 00000004H .CRT$XCA                DATA
 0002:00000178 00000004H .CRT$XCZ                DATA
 0002:0000017c 00000004H .CRT$XIA                DATA
 0002:00000180 0000000cH .CRT$XIC                DATA
 0002:0000018c 00000004H .CRT$XIZ                DATA
 0002:00000190 00000004H .CRT$XPA                DATA
 0002:00000194 00000008H .CRT$XPX                DATA
 0002:0000019c 00000004H .CRT$XPXA               DATA
 0002:000001a0 00000004H .CRT$XPZ                DATA
 0002:000001a4 00000004H .CRT$XTA                DATA
 0002:000001a8 00000008H .CRT$XTZ                DATA
 0002:000001b0 0000b50cH .rdata                  DATA
 0002:0000b6bc 0000020cH .rdata$r                DATA
 0002:0000b8c8 00000010H .rdata$zETW0            DATA
 0002:0000b8d8 00000077H .rdata$zETW1            DATA
 0002:0000b94f 0000002cH .rdata$zETW2            DATA
 0002:0000b97b 00000001H .rdata$zETW9            DATA
 0002:0000b97c 0000038cH .rdata$zzzdbg           DATA
 0002:0000bd08 00000004H .rtc$IAA                DATA
 0002:0000bd0c 00000004H .rtc$IZZ                DATA
 0002:0000bd10 00000004H .rtc$TAA                DATA
 0002:0000bd14 00000004H .rtc$TZZ                DATA
 0002:0000bd18 000008b8H .xdata$x                DATA
 0002:0000c5d0 00000cfcH .edata                  DATA
 0002:0000d2cc 00000028H .idata$2                DATA
 0002:0000d2f4 00000014H .idata$3                DATA
 0002:0000d308 00000170H .idata$4                DATA
 0002:0000d478 000006baH .idata$6                DATA
 0003:00000000 000008f0H .data                   DATA
 0003:000008f0 000000b8H .data$r                 DATA
 0003:000009a8 000012b8H .bss                    DATA
 0004:00000000 000000ecH .gfids$x                DATA
 0004:000000ec 00000080H .gfids$y                DATA
 0005:00000000 00000060H .rsrc$01                DATA
 0005:00000060 00000338H .rsrc$02                DATA

  Address         Publics by Value              Rva+Base       Lib:Object

 0000:00000000       ___guard_longjmp_table     00000000     <absolute>
 0000:00000000       __except_list              00000000     <absolute>
 0000:00000000       ___safe_se_handler_table   00000000     <absolute>
 0000:00000000       ___guard_longjmp_count     00000000     <absolute>
 0000:00000000       ___dynamic_value_reloc_table 00000000     <absolute>
 0000:00000000       ___guard_fids_table        00000000     <absolute>
 0000:00000000       ___guard_iat_count         00000000     <absolute>
 0000:00000000       ___guard_iat_table         00000000     <absolute>
 0000:00000000       ___guard_fids_count        00000000     <absolute>
 0000:00000000       ___safe_se_handler_count   00000000     <absolute>
 0000:00000100       ___guard_flags             00000100     <absolute>
 0000:00000000       ___ImageBase               10000000     <linker-defined>
 0001:00000000       ?TraceLoggingRegister@__vcrt_trace_logging_provider@@YAJPBU_TlgProvider_t@1@PBU_GUID@@P6GX1KE_K2PAU_EVENT_FILTER_DESCRIPTOR@@PAX@Z4@Z 10001000 f i libvcruntime:telemetry.obj
 0001:0000005d       ?TraceLoggingSetInformation@__vcrt_trace_logging_provider@@YAJPBU_TlgProvider_t@1@W4_EVENT_INFO_CLASS@@PAXK@Z 1000105d f i libvcruntime:telemetry.obj
 0001:00000088       ?TraceLoggingUnregister@__vcrt_trace_logging_provider@@YAXPBU_TlgProvider_t@1@@Z 10001088 f i libvcruntime:telemetry.obj
 0001:000000a7       ?_TlgCreateSz@__vcrt_trace_logging_provider@@YAXPAU_EVENT_DATA_DESCRIPTOR@@PBD@Z 100010a7 f i libvcruntime:telemetry.obj
 0001:000000df       ?_TlgCreateWsz@__vcrt_trace_logging_provider@@YAXPAU_EVENT_DATA_DESCRIPTOR@@PB_W@Z 100010df f i libvcruntime:telemetry.obj
 0001:00000123       ?_TlgEnableCallback@__vcrt_trace_logging_provider@@YGXPBU_GUID@@KE_K1PAU_EVENT_FILTER_DESCRIPTOR@@PAX@Z 10001123 f i libvcruntime:telemetry.obj
 0001:0000019b       ?_TlgKeywordOn@__vcrt_trace_logging_provider@@YAEPBU_TlgProvider_t@1@_K@Z 1000119b f i libvcruntime:telemetry.obj
 0001:000001d7       ?_TlgWrite@__vcrt_trace_logging_provider@@YAJPBU_TlgProvider_t@1@PBXPBU_GUID@@2IPAU_EVENT_DATA_DESCRIPTOR@@@Z 100011d7 f i libvcruntime:telemetry.obj
 0001:00000260       _adler32_z@12              10001260 f   adler32.obj
 0001:000004e0       _adler32@12                100014e0 f   adler32.obj
 0001:000005b0       _adler32_combine@12        100015b0 f   adler32.obj
 0001:000005d0       _compress2@20              100015d0 f   compress.obj
 0001:000006b0       _compress@16               100016b0 f   compress.obj
 0001:000006d0       _compressBound@4           100016d0 f   compress.obj
 0001:000006f0       _get_crc_table@0           100016f0 f   crc32.obj
 0001:00000700       _crc32_z@12                10001700 f   crc32.obj
 0001:00000730       _crc32@12                  10001730 f   crc32.obj
 0001:00000e00       _crc32_combine@12          10001e00 f   crc32.obj
 0001:00000e70       _deflateInit_@16           10001e70 f   deflate.obj
 0001:00000e90       _deflateInit2_@32          10001e90 f   deflate.obj
 0001:00001130       _deflateSetDictionary@12   10002130 f   deflate.obj
 0001:000012e0       _deflateGetDictionary@12   100022e0 f   deflate.obj
 0001:00001340       _deflateResetKeep@4        10002340 f   deflate.obj
 0001:000013f0       _deflateReset@4            100023f0 f   deflate.obj
 0001:00001420       _deflateSetHeader@8        10002420 f   deflate.obj
 0001:00001450       _deflatePending@12         10002450 f   deflate.obj
 0001:00001490       _deflatePrime@12           10002490 f   deflate.obj
 0001:00001520       _deflateParams@12          10002520 f   deflate.obj
 0001:00001670       _deflateTune@20            10002670 f   deflate.obj
 0001:000016c0       _deflateBound@8            100026c0 f   deflate.obj
 0001:00001830       _deflate@8                 10002830 f   deflate.obj
 0001:000020c0       _deflateEnd@4              100030c0 f   deflate.obj
 0001:00002160       _deflateCopy@8             10003160 f   deflate.obj
 0001:00003430       _gzclose@4                 10004430 f   gzclose.obj
 0001:00003460       ___local_stdio_printf_options 10004460 f i gzlib.obj
 0001:00003470       _vsnprintf                 10004470 f i gzlib.obj
 0001:000034b0       _snprintf                  100044b0 f i gzlib.obj
 0001:00003860       _gzopen@8                  10004860 f   gzlib.obj
 0001:00003880       _gzdopen@8                 10004880 f   gzlib.obj
 0001:000038e0       _gzopen_w@8                100048e0 f   gzlib.obj
 0001:00003900       _gzbuffer@8                10004900 f   gzlib.obj
 0001:00003950       _gzrewind@4                10004950 f   gzlib.obj
 0001:000039b0       _gzseek64@16               100049b0 f   gzlib.obj
 0001:00003b40       _gzseek@12                 10004b40 f   gzlib.obj
 0001:00003b80       _gztell64@4                10004b80 f   gzlib.obj
 0001:00003be0       _gztell@4                  10004be0 f   gzlib.obj
 0001:00003c10       _gzoffset64@4              10004c10 f   gzlib.obj
 0001:00003c60       _gzoffset@4                10004c60 f   gzlib.obj
 0001:00003c90       _gzeof@4                   10004c90 f   gzlib.obj
 0001:00003cd0       _gzerror@8                 10004cd0 f   gzlib.obj
 0001:00003d20       _gzclearerr@4              10004d20 f   gzlib.obj
 0001:00003d60       _gz_error                  10004d60 f   gzlib.obj
 0001:00004410       _gzread@12                 10005410 f   gzread.obj
 0001:00004480       _gzfread@16                10005480 f   gzread.obj
 0001:00004500       _gzgetc@4                  10005500 f   gzread.obj
 0001:00004570       _gzgetc_@4                 10005570 f   gzread.obj
 0001:00004580       _gzungetc@8                10005580 f   gzread.obj
 0001:00004660       _gzgets@12                 10005660 f   gzread.obj
 0001:00004780       _gzdirect@4                10005780 f   gzread.obj
 0001:000047c0       _gzclose_r@4               100057c0 f   gzread.obj
 0001:00004c20       _gzwrite@12                10005c20 f   gzwrite.obj
 0001:00004c70       _gzfwrite@16               10005c70 f   gzwrite.obj
 0001:00004ce0       _gzputc@8                  10005ce0 f   gzwrite.obj
 0001:00004db0       _gzputs@8                  10005db0 f   gzwrite.obj
 0001:00004e00       _gzvprintf                 10005e00 f   gzwrite.obj
 0001:00004f30       _gzprintf                  10005f30 f   gzwrite.obj
 0001:00004f50       _gzflush@8                 10005f50 f   gzwrite.obj
 0001:00004fc0       _gzsetparams@12            10005fc0 f   gzwrite.obj
 0001:00005080       _gzclose_w@4               10006080 f   gzwrite.obj
 0001:00005150       _inflateBackInit_@20       10006150 f   infback.obj
 0001:00005250       _inflateBack@20            10006250 f   infback.obj
 0001:00006070       _inflateBackEnd@4          10007070 f   infback.obj
 0001:000060f0       _inflateResetKeep@4        100070f0 f   inflate.obj
 0001:00006190       _inflateReset@4            10007190 f   inflate.obj
 0001:000061d0       _inflateReset2@8           100071d0 f   inflate.obj
 0001:00006260       _inflateInit2_@16          10007260 f   inflate.obj
 0001:00006330       _inflateInit_@12           10007330 f   inflate.obj
 0001:00006350       _inflatePrime@12           10007350 f   inflate.obj
 0001:000064e0       _inflate@8                 100074e0 f   inflate.obj
 0001:00007c50       _inflateEnd@4              10008c50 f   inflate.obj
 0001:00007ca0       _inflateGetDictionary@12   10008ca0 f   inflate.obj
 0001:00007d10       _inflateSetDictionary@12   10008d10 f   inflate.obj
 0001:00007dc0       _inflateGetHeader@8        10008dc0 f   inflate.obj
 0001:00007e80       _inflateSync@4             10008e80 f   inflate.obj
 0001:00007f70       _inflateSyncPoint@4        10008f70 f   inflate.obj
 0001:00007fb0       _inflateCopy@8             10008fb0 f   inflate.obj
 0001:00008100       _inflateUndermine@8        10009100 f   inflate.obj
 0001:00008130       _inflateValidate@8         10009130 f   inflate.obj
 0001:00008170       _inflateMark@4             10009170 f   inflate.obj
 0001:000081e0       _inflateCodesUsed@4        100091e0 f   inflate.obj
 0001:00008210       _inflate_table             10009210 f   inftrees.obj
 0001:00008610       _call_zopen64              10009610 f   ioapi.obj
 0001:00008630       _call_zseek64              10009630 f   ioapi.obj
 0001:00008680       _call_ztell64              10009680 f   ioapi.obj
 0001:000086b0       _fill_zlib_filefunc64_32_def_from_filefunc32 100096b0 f   ioapi.obj
 0001:000088c0       _fill_fopen64_filefunc     100098c0 f   ioapi.obj
 0001:000089b0       _win32_open64_file_func    100099b0 f   iowin32.obj
 0001:00008a10       _win32_open64_file_funcA   10009a10 f   iowin32.obj
 0001:00008a70       _win32_open64_file_funcW   10009a70 f   iowin32.obj
 0001:00008ad0       _win32_open_file_func      10009ad0 f   iowin32.obj
 0001:00008b30       _win32_read_file_func      10009b30 f   iowin32.obj
 0001:00008b80       _win32_write_file_func     10009b80 f   iowin32.obj
 0001:00008c30       _win32_tell_file_func      10009c30 f   iowin32.obj
 0001:00008c80       _win32_tell64_file_func    10009c80 f   iowin32.obj
 0001:00008ce0       _win32_seek_file_func      10009ce0 f   iowin32.obj
 0001:00008d50       _win32_seek64_file_func    10009d50 f   iowin32.obj
 0001:00008dd0       _win32_close_file_func     10009dd0 f   iowin32.obj
 0001:00008e00       _win32_error_file_func     10009e00 f   iowin32.obj
 0001:00008e20       _fill_win32_filefunc       10009e20 f   iowin32.obj
 0001:00008e60       _fill_win32_filefunc64     10009e60 f   iowin32.obj
 0001:00008ea0       _fill_win32_filefunc64A    10009ea0 f   iowin32.obj
 0001:00008ee0       _fill_win32_filefunc64W    10009ee0 f   iowin32.obj
 0001:00008f30       __tr_init                  10009f30 f   trees.obj
 0001:00009ec0       __tr_stored_block          1000aec0 f   trees.obj
 0001:00009fb0       __tr_flush_bits            1000afb0 f   trees.obj
 0001:00009fc0       __tr_align                 1000afc0 f   trees.obj
 0001:0000a0b0       __tr_flush_block           1000b0b0 f   trees.obj
 0001:0000a820       _uncompress2@16            1000b820 f   uncompr.obj
 0001:0000a950       _uncompress@16             1000b950 f   uncompr.obj
 0001:0000aca0       _unzStringFileNameCompare@12 1000bca0 f   unzip.obj
 0001:0000b540       _unzOpen2@8                1000c540 f   unzip.obj
 0001:0000b590       _unzOpen2_64@8             1000c590 f   unzip.obj
 0001:0000b5f0       _unzOpen@4                 1000c5f0 f   unzip.obj
 0001:0000b610       _unzOpen64@4               1000c610 f   unzip.obj
 0001:0000b630       _unzClose@4                1000c630 f   unzip.obj
 0001:0000b670       _unzGetGlobalInfo64@8      1000c670 f   unzip.obj
 0001:0000b6a0       _unzGetGlobalInfo@8        1000c6a0 f   unzip.obj
 0001:0000bd10       _unzGetCurrentFileInfo64@32 1000cd10 f   unzip.obj
 0001:0000bd40       _unzGetCurrentFileInfo@32  1000cd40 f   unzip.obj
 0001:0000be00       _unzGoToFirstFile@4        1000ce00 f   unzip.obj
 0001:0000be70       _unzGoToNextFile@4         1000ce70 f   unzip.obj
 0001:0000bf20       _unzLocateFile@12          1000cf20 f   unzip.obj
 0001:0000c0d0       _unzGetFilePos64@8         1000d0d0 f   unzip.obj
 0001:0000c120       _unzGetFilePos@8           1000d120 f   unzip.obj
 0001:0000c150       _unzGoToFilePos64@8        1000d150 f   unzip.obj
 0001:0000c1c0       _unzGoToFilePos@8          1000d1c0 f   unzip.obj
 0001:0000c460       _unzOpenCurrentFile3@20    1000d460 f   unzip.obj
 0001:0000c6d0       _unzOpenCurrentFile@4      1000d6d0 f   unzip.obj
 0001:0000c6f0       _unzOpenCurrentFilePassword@8 1000d6f0 f   unzip.obj
 0001:0000c710       _unzOpenCurrentFile2@16    1000d710 f   unzip.obj
 0001:0000c730       _unzGetCurrentFileZStreamPos64@4 1000d730 f   unzip.obj
 0001:0000c770       _unzReadCurrentFile@12     1000d770 f   unzip.obj
 0001:0000ca30       _unztell@4                 1000da30 f   unzip.obj
 0001:0000ca60       _unztell64@4               1000da60 f   unzip.obj
 0001:0000ca90       _unzeof@4                  1000da90 f   unzip.obj
 0001:0000cad0       _unzGetLocalExtrafield@12  1000dad0 f   unzip.obj
 0001:0000cba0       _unzCloseCurrentFile@4     1000dba0 f   unzip.obj
 0001:0000cc40       _unzGetGlobalComment@12    1000dc40 f   unzip.obj
 0001:0000d820       _LoadCentralDirectoryRecord 1000e820 f   zip.obj
 0001:0000dcc0       _zipOpen3@16               1000ecc0 f   zip.obj
 0001:0000de30       _zipOpen2@16               1000ee30 f   zip.obj
 0001:0000de80       _zipOpen2_64@16            1000ee80 f   zip.obj
 0001:0000dee0       _zipOpen@8                 1000eee0 f   zip.obj
 0001:0000df00       _zipOpen64@8               1000ef00 f   zip.obj
 0001:0000df20       _Write_LocalFileHeader     1000ef20 f   zip.obj
 0001:0000e130       _zipOpenNewFileInZip4_64@76 1000f130 f   zip.obj
 0001:0000e610       _zipOpenNewFileInZip3@64   1000f610 f   zip.obj
 0001:0000e660       _zipOpenNewFileInZip3_64@68 1000f660 f   zip.obj
 0001:0000e6b0       _zipOpenNewFileInZip2@44   1000f6b0 f   zip.obj
 0001:0000e6f0       _zipOpenNewFileInZip2_64@48 1000f6f0 f   zip.obj
 0001:0000e730       _zipOpenNewFileInZip64@44  1000f730 f   zip.obj
 0001:0000e770       _zipOpenNewFileInZip@40    1000f770 f   zip.obj
 0001:0000e870       _zipWriteInFileInZip@12    1000f870 f   zip.obj
 0001:0000e970       _zipCloseFileInZipRaw@12   1000f970 f   zip.obj
 0001:0000e990       _zipCloseFileInZipRaw64@16 1000f990 f   zip.obj
 0001:0000ee80       _zipCloseFileInZip@4       1000fe80 f   zip.obj
 0001:0000eea0       _Write_Zip64EndOfCentralDirectoryLocator 1000fea0 f   zip.obj
 0001:0000ef20       _Write_Zip64EndOfCentralDirectoryRecord 1000ff20 f   zip.obj
 0001:0000f040       _Write_EndOfCentralDirectoryRecord 10010040 f   zip.obj
 0001:0000f180       _Write_GlobalComment       10010180 f   zip.obj
 0001:0000f1f0       _zipClose@8                100101f0 f   zip.obj
 0001:0000f380       _zlibVersion@0             10010380 f   zutil.obj
 0001:0000f390       _zlibCompileFlags@0        10010390 f   zutil.obj
 0001:0000f3a0       _zError@4                  100103a0 f   zutil.obj
 0001:0000f3c0       _zcalloc                   100103c0 f   zutil.obj
 0001:0000f3e0       _zcfree                    100103e0 f   zutil.obj
 0001:0000f3f0       _longest_match             100103f0 f   match686.obj
 0001:0000f5d8       _match_init                100105d8 f   match686.obj
 0001:0000f6e0       _inflate_fast              100106e0 f   inffas32.obj
 0001:0000fd74       _ReadFile@20               10010d74 f   kernel32:KERNEL32.dll
 0001:0000fd7a       _WriteFile@20              10010d7a f   kernel32:KERNEL32.dll
 0001:0000fd80       _SetFilePointer@16         10010d80 f   kernel32:KERNEL32.dll
 0001:0000fd86       _CreateFileW@28            10010d86 f   kernel32:KERNEL32.dll
 0001:0000fd8c       _GetLastError@0            10010d8c f   kernel32:KERNEL32.dll
 0001:0000fd92       _CreateFileA@28            10010d92 f   kernel32:KERNEL32.dll
 0001:0000fd98       _CloseHandle@4             10010d98 f   kernel32:KERNEL32.dll
 0001:000100c6       __CRT_INIT@12              100110c6 f   LIBCMT:dll_dllmain.obj
 0001:000100cf       __DllMainCRTStartup@12     100110cf f   LIBCMT:dll_dllmain.obj
 0001:000100f2       ??$__crt_fast_decode_pointer@PAP6AXXZ@@YAPAP6AXXZQAP6AXXZ@Z 100110f2 f i LIBCMT:utility.obj
 0001:00010106       ??$__crt_fast_encode_pointer@PAP6AXXZ@@YAPAP6AXXZQAP6AXXZ@Z 10011106 f i LIBCMT:utility.obj
 0001:00010123       ?__crt_rotate_pointer_value@@YAIIH@Z 10011123 f i LIBCMT:utility.obj
 0001:00010130       ?configure_argv@__scrt_narrow_argv_policy@@SAHXZ 10011130 f i LIBCMT:utility.obj
 0001:000101b4       _NtCurrentTeb              100111b4 f i LIBCMT:utility.obj
 0001:000101bb       ___scrt_acquire_startup_lock 100111bb f   LIBCMT:utility.obj
 0001:000101f0       ___scrt_dllmain_after_initialize_c 100111f0 f   LIBCMT:utility.obj
 0001:0001021b       ___scrt_dllmain_before_initialize_c 1001121b f   LIBCMT:utility.obj
 0001:00010229       ___scrt_dllmain_crt_thread_attach 10011229 f   LIBCMT:utility.obj
 0001:00010248       ___scrt_dllmain_crt_thread_detach 10011248 f   LIBCMT:utility.obj
 0001:00010255       ___scrt_dllmain_exception_filter 10011255 f   LIBCMT:utility.obj
 0001:00010288       ___scrt_dllmain_uninitialize_c 10011288 f   LIBCMT:utility.obj
 0001:000102ab       ___scrt_dllmain_uninitialize_critical 100112ab f   LIBCMT:utility.obj
 0001:000102b8       ___scrt_initialize_crt     100112b8 f   LIBCMT:utility.obj
 0001:000102f1       ___scrt_initialize_onexit_tables 100112f1 f   LIBCMT:utility.obj
 0001:00010388       ___scrt_is_nonwritable_in_current_image 10011388 f   LIBCMT:utility.obj
 0001:00010415       ___scrt_release_startup_lock 10011415 f   LIBCMT:utility.obj
 0001:00010432       ___scrt_uninitialize_crt   10011432 f   LIBCMT:utility.obj
 0001:0001045a       __onexit                   1001145a f   LIBCMT:utility.obj
 0001:00010495       _at_quick_exit             10011495 f   LIBCMT:utility.obj
 0001:000104c6       _atexit                    100114c6 f   LIBCMT:utility.obj
 0001:000104db       ___security_init_cookie    100114db f   LIBCMT:gs_support.obj
 0001:00010577       _DllMain@12                10011577 f   LIBCMT:dll_dllmain_stub.obj
 0001:0001057d       ?__scrt_initialize_type_info@@YAXXZ 1001157d f   LIBCMT:tncleanup.obj
 0001:00010589       ?__scrt_uninitialize_type_info@@YAXXZ 10011589 f   LIBCMT:tncleanup.obj
 0001:00010595       ___local_stdio_scanf_options 10011595 f i LIBCMT:default_local_stdio_options.obj
 0001:0001059b       ___scrt_initialize_default_local_stdio_options 1001159b f   LIBCMT:default_local_stdio_options.obj
 0001:000105b8       ___scrt_get_dyn_tls_init_callback 100115b8 f   LIBCMT:dyn_tls_init.obj
 0001:000105be       ___scrt_fastfail           100115be f   LIBCMT:utility_desktop.obj
 0001:000106d9       ___scrt_get_show_window_mode 100116d9 f   LIBCMT:utility_desktop.obj
 0001:0001070c       ___scrt_initialize_winrt   1001170c f   LIBCMT:utility_desktop.obj
 0001:0001070f       ___scrt_is_managed_app     1001170f f   LIBCMT:utility_desktop.obj
 0001:00010753       ___scrt_set_unhandled_exception_filter 10011753 f   LIBCMT:utility_desktop.obj
 0001:0001075f       ___scrt_unhandled_exception_filter@4 1001175f f   LIBCMT:utility_desktop.obj
 0001:000107a0       __crt_debugger_hook        100117a0 f   LIBCMT:utility_desktop.obj
 0001:000107a8       __RTC_Initialize           100117a8 f   LIBCMT:_initsect_.obj
 0001:000107d3       __RTC_Terminate            100117d3 f   LIBCMT:_initsect_.obj
 0001:000107fe       @_guard_check_icall@4      100117fe f i LIBCMT:checkcfg.obj
 0001:00010810       __SEH_prolog4              10011810 f   LIBCMT:_sehprolg4_.obj
 0001:00010856       __SEH_epilog4              10011856 f   LIBCMT:_sehprolg4_.obj
 0001:0001086b       ___isa_available_init      1001186b f   LIBCMT:_cpu_disp_.obj
 0001:00010a0c       __get_startup_argv_mode    10011a0c f   LIBCMT:argv_mode.obj
 0001:00010a10       ___scrt_is_ucrt_dll_in_use 10011a10 f   LIBCMT:ucrt_detection.obj
 0001:00010a1c       @_guard_check_icall_nop@4  10011a1c f i LIBCMT:guard_support.obj
 0001:00010a1d       __guard_icall_checks_enforced 10011a1d f i LIBCMT:guard_support.obj
 0001:00010a2f       @__security_check_cookie@4 10011a2f f   LIBCMT:_secchk_.obj
 0001:00010a40       ___raise_securityfailure   10011a40 f   LIBCMT:gs_report.obj
 0001:00010a68       ___report_gsfailure        10011a68 f   LIBCMT:gs_report.obj
 0001:00010b63       ___report_rangecheckfailure 10011b63 f   LIBCMT:gs_report.obj
 0001:00010b6f       ___report_securityfailure  10011b6f f   LIBCMT:gs_report.obj
 0001:00010c3f       ___report_securityfailureEx 10011c3f f   LIBCMT:gs_report.obj
 0001:00010d60       _memchr                    10011d60 f   libvcruntime:memchr.obj
 0001:00010e48       _EventDataDescCreate       10011e48 f i libvcruntime:telemetry.obj
 0001:00010e63       _HRESULT_FROM_WIN32        10011e63 f i libvcruntime:telemetry.obj
 0001:00010e77       ___telemetry_main_invoke_trigger 10011e77 f   libvcruntime:telemetry.obj
 0001:00010f13       ___telemetry_main_return_trigger 10011f13 f   libvcruntime:telemetry.obj
 0001:00010faf       ___vcrt_initialize_telemetry_provider 10011faf f   libvcruntime:telemetry.obj
 0001:00010fc2       ___vcrt_uninitialize_telemetry_provider 10011fc2 f   libvcruntime:telemetry.obj
 0001:00011010       __except_handler4          10012010 f   libvcruntime:_chandler4_.obj
 0001:0001116a       ___vcrt_initialize         1001216a f   libvcruntime:initialization.obj
 0001:00011198       ___vcrt_thread_attach      10012198 f   libvcruntime:initialization.obj
 0001:000111a3       ___vcrt_thread_detach      100121a3 f   libvcruntime:initialization.obj
 0001:000111ae       ___vcrt_uninitialize       100121ae f   libvcruntime:initialization.obj
 0001:000111d2       ___vcrt_uninitialize_critical 100121d2 f   libvcruntime:initialization.obj
 0001:000111e9       ??$?RD@__crt_internal_free_policy@@QBEXQBD@Z 100121e9 f i libvcruntime:std_type_info.obj
 0001:000111f9       ??$?RX@__crt_internal_free_policy@@QBEXQBX@Z 100121f9 f i libvcruntime:std_type_info.obj
 0001:00011209       ??$__crt_interlocked_compare_exchange_pointer@$$CBD$$T$$T@@YAPBDPDSBD$$T1@Z 10012209 f i libvcruntime:std_type_info.obj
 0001:0001121b       ??$__crt_interlocked_compare_exchange_pointer@$$CBDPAD$$T@@YAPBDPDSBDQAD$$T@Z 1001221b f i libvcruntime:std_type_info.obj
 0001:0001122d       ??$__crt_interlocked_read_pointer@$$CBD@@YAPBDPDSBD@Z 1001222d f i libvcruntime:std_type_info.obj
 0001:0001123d       ??0?$__crt_unique_heap_ptr@DU__crt_internal_free_policy@@@@QAE@QAD@Z 1001223d f i libvcruntime:std_type_info.obj
 0001:0001124b       ??0?$__crt_unique_heap_ptr@XU__crt_internal_free_policy@@@@QAE@QAX@Z 1001224b f i libvcruntime:std_type_info.obj
 0001:00011259       ??1?$__crt_unique_heap_ptr@DU__crt_internal_free_policy@@@@QAE@XZ 10012259 f i libvcruntime:std_type_info.obj
 0001:00011269       ??1?$__crt_unique_heap_ptr@XU__crt_internal_free_policy@@@@QAE@XZ 10012269 f i libvcruntime:std_type_info.obj
 0001:00011285       ??B?$__crt_unique_heap_ptr@DU__crt_internal_free_policy@@@@QBE_NXZ 10012285 f i libvcruntime:std_type_info.obj
 0001:0001128d       ??B?$__crt_unique_heap_ptr@XU__crt_internal_free_policy@@@@QBE_NXZ 1001228d f i libvcruntime:std_type_info.obj
 0001:000112b5       ?detach@?$__crt_unique_heap_ptr@XU__crt_internal_free_policy@@@@QAEPAXXZ 100122b5 f i libvcruntime:std_type_info.obj
 0001:000112bb       ?get@?$__crt_unique_heap_ptr@DU__crt_internal_free_policy@@@@QBEPADXZ 100122bb f i libvcruntime:std_type_info.obj
 0001:000112be       ?get@?$__crt_unique_heap_ptr@XU__crt_internal_free_policy@@@@QBEPAXXZ 100122be f i libvcruntime:std_type_info.obj
 0001:000112c1       ?is_valid@?$__crt_unique_heap_ptr@DU__crt_internal_free_policy@@@@QBE_NXZ 100122c1 f i libvcruntime:std_type_info.obj
 0001:000112c9       ?is_valid@?$__crt_unique_heap_ptr@XU__crt_internal_free_policy@@@@QBE_NXZ 100122c9 f i libvcruntime:std_type_info.obj
 0001:000112d1       ?release@?$__crt_unique_heap_ptr@DU__crt_internal_free_policy@@@@QAEXXZ 100122d1 f i libvcruntime:std_type_info.obj
 0001:000112e1       ?release@?$__crt_unique_heap_ptr@XU__crt_internal_free_policy@@@@QAEXXZ 100122e1 f i libvcruntime:std_type_info.obj
 0001:000112f1       ___std_type_info_compare   100122f1 f   libvcruntime:std_type_info.obj
 0001:0001132d       ___std_type_info_destroy_list 1001232d f   libvcruntime:std_type_info.obj
 0001:00011350       ___std_type_info_hash      10012350 f   libvcruntime:std_type_info.obj
 0001:00011376       ___std_type_info_name      10012376 f   libvcruntime:std_type_info.obj
 0001:00011450       _memset                    10012450 f   libvcruntime:memset.obj
 0001:000115aa       ??$?BX@__crt_fast_encoded_nullptr_t@@QBEPAXXZ 100125aa f i libvcruntime:winapi_downlevel.obj
 0001:000115c2       ??$__crt_fast_decode_pointer@PAX@@YAPAXQAX@Z 100125c2 f i libvcruntime:winapi_downlevel.obj
 0001:000115d6       ??$__crt_fast_encode_pointer@PAX@@YAPAXQAX@Z 100125d6 f i libvcruntime:winapi_downlevel.obj
 0001:000115f3       ??$__crt_interlocked_compare_exchange_pointer@UHINSTANCE__@@$$T$$T@@YAPAUHINSTANCE__@@PDSAU0@$$T1@Z 100125f3 f i libvcruntime:winapi_downlevel.obj
 0001:00011605       ??$__crt_interlocked_compare_exchange_pointer@X$$T$$T@@YAPAXPDSAX$$T1@Z 10012605 f i libvcruntime:winapi_downlevel.obj
 0001:00011617       ??$__crt_interlocked_exchange_pointer@UHINSTANCE__@@PAU1@@@YAPAUHINSTANCE__@@PDSAU0@QAU0@@Z 10012617 f i libvcruntime:winapi_downlevel.obj
 0001:00011624       ??$__crt_interlocked_exchange_pointer@UHINSTANCE__@@PAX@@YAPAUHINSTANCE__@@PDSAU0@QAX@Z 10012624 f i libvcruntime:winapi_downlevel.obj
 0001:00011631       ??$__crt_interlocked_exchange_pointer@XPAX@@YAPAXPDSAXQAX@Z 10012631 f i libvcruntime:winapi_downlevel.obj
 0001:0001163e       ??$__crt_interlocked_read_pointer@UHINSTANCE__@@@@YAPAUHINSTANCE__@@PDSAU0@@Z 1001263e f i libvcruntime:winapi_downlevel.obj
 0001:0001164e       ??$__crt_interlocked_read_pointer@X@@YAPAXPDSAX@Z 1001264e f i libvcruntime:winapi_downlevel.obj
 0001:0001165e       ?__crt_fast_encode_pointer@@YA?AU__crt_fast_encoded_nullptr_t@@$$T@Z 1001265e f i libvcruntime:winapi_downlevel.obj
 0001:00011901       ___vcrt_EventRegister      10012901 f   libvcruntime:winapi_downlevel.obj
 0001:00011941       ___vcrt_EventSetInformation 10012941 f   libvcruntime:winapi_downlevel.obj
 0001:00011984       ___vcrt_EventUnregister    10012984 f   libvcruntime:winapi_downlevel.obj
 0001:000119be       ___vcrt_EventWriteTransfer 100129be f   libvcruntime:winapi_downlevel.obj
 0001:00011a07       ___vcrt_FlsAlloc           10012a07 f   libvcruntime:winapi_downlevel.obj
 0001:00011a41       ___vcrt_FlsFree            10012a41 f   libvcruntime:winapi_downlevel.obj
 0001:00011a7b       ___vcrt_FlsGetValue        10012a7b f   libvcruntime:winapi_downlevel.obj
 0001:00011ab5       ___vcrt_FlsSetValue        10012ab5 f   libvcruntime:winapi_downlevel.obj
 0001:00011af2       ___vcrt_InitializeCriticalSectionEx 10012af2 f   libvcruntime:winapi_downlevel.obj
 0001:00011b38       ___vcrt_initialize_winapi_thunks 10012b38 f   libvcruntime:winapi_downlevel.obj
 0001:00011b5c       ___vcrt_uninitialize_winapi_thunks 10012b5c f   libvcruntime:winapi_downlevel.obj
 0001:00011b90       __local_unwind4            10012b90 f   libvcruntime:_exsup4_.obj
 0001:00011c66       __seh_longjmp_unwind4@4    10012c66 f   libvcruntime:_exsup4_.obj
 0001:00011c8e       @_EH4_CallFilterFunc@8     10012c8e f   libvcruntime:_exsup4_.obj
 0001:00011ca5       @_EH4_TransferToHandler@8  10012ca5 f   libvcruntime:_exsup4_.obj
 0001:00011cbe       @_EH4_GlobalUnwind2@8      10012cbe f   libvcruntime:_exsup4_.obj
 0001:00011cd7       @_EH4_LocalUnwind@16       10012cd7 f   libvcruntime:_exsup4_.obj
 0001:00011cee       ___except_validate_context_record 10012cee f   libvcruntime:jbcxrval.obj
 0001:00011cef       ___except_validate_jump_buffer 10012cef f   libvcruntime:jbcxrval.obj
 0001:00011cf0       ??$?RU__vcrt_ptd@@@__crt_internal_free_policy@@QBEXQBU__vcrt_ptd@@@Z 10012cf0 f i libvcruntime:per_thread_data.obj
 0001:00011d00       ??0?$__crt_unique_heap_ptr@U__vcrt_ptd@@U__crt_internal_free_policy@@@@QAE@QAU__vcrt_ptd@@@Z 10012d00 f i libvcruntime:per_thread_data.obj
 0001:00011d1d       ??1?$__crt_unique_heap_ptr@U__vcrt_ptd@@U__crt_internal_free_policy@@@@QAE@XZ 10012d1d f i libvcruntime:per_thread_data.obj
 0001:00011d36       ??B?$__crt_unique_heap_ptr@U__vcrt_ptd@@U__crt_internal_free_policy@@@@QBE_NXZ 10012d36 f i libvcruntime:per_thread_data.obj
 0001:00011d3e       ?detach@?$__crt_unique_heap_ptr@U__vcrt_ptd@@U__crt_internal_free_policy@@@@QAEPAU__vcrt_ptd@@XZ 10012d3e f i libvcruntime:per_thread_data.obj
 0001:00011d44       ?get@?$__crt_unique_heap_ptr@U__vcrt_ptd@@U__crt_internal_free_policy@@@@QBEPAU__vcrt_ptd@@XZ 10012d44 f i libvcruntime:per_thread_data.obj
 0001:00011d47       ?is_valid@?$__crt_unique_heap_ptr@U__vcrt_ptd@@U__crt_internal_free_policy@@@@QBE_NXZ 10012d47 f i libvcruntime:per_thread_data.obj
 0001:00011d4f       ?release@?$__crt_unique_heap_ptr@U__vcrt_ptd@@U__crt_internal_free_policy@@@@QAEXXZ 10012d4f f i libvcruntime:per_thread_data.obj
 0001:00011d79       ___vcrt_freefls@4          10012d79 f   libvcruntime:per_thread_data.obj
 0001:00011d95       ___vcrt_freeptd            10012d95 f   libvcruntime:per_thread_data.obj
 0001:00011dcb       ___vcrt_getptd             10012dcb f   libvcruntime:per_thread_data.obj
 0001:00011dd9       ___vcrt_getptd_noexit      10012dd9 f   libvcruntime:per_thread_data.obj
 0001:00011e6b       ___vcrt_initialize_ptd     10012e6b f   libvcruntime:per_thread_data.obj
 0001:00011e9e       ___vcrt_uninitialize_ptd   10012e9e f   libvcruntime:per_thread_data.obj
 0001:00011eb9       ___vcrt_initialize_locks   10012eb9 f   libvcruntime:locks.obj
 0001:00011ef5       ___vcrt_lock               10012ef5 f   libvcruntime:locks.obj
 0001:00011f0a       ___vcrt_uninitialize_locks 10012f0a f   libvcruntime:locks.obj
 0001:00011f39       ___vcrt_unlock             10012f39 f   libvcruntime:locks.obj
 0001:00011f4e       ??$?B$$A6AXXZ@__crt_fast_encoded_nullptr_t@@QBEP6AXXZXZ 10012f4e f i libvcruntime:purevirt_data.obj
 0001:00011f66       ??$__crt_fast_encode_pointer@P6AXXZ@@YAP6AXXZQ6AXXZ@Z 10012f66 f i libvcruntime:purevirt_data.obj
 0001:00011f83       ___vcrt_initialize_pure_virtual_call_handler 10012f83 f   libvcruntime:purevirt_data.obj
 0001:00011fa0       ??$__vcrt_va_start_verify_argument_type@QBD@@YAXXZ 10012fa0 f i libvcruntime:undname.obj
 0001:00011fa1       ??0Block@_HeapManager@@QAE@XZ 10012fa1 f i libvcruntime:undname.obj
 0001:00011fa7       ??0DName@@QAE@AAPBDD@Z     10012fa7 f   libvcruntime:undname.obj
 0001:00012060       ??0DName@@QAE@ABV0@@Z      10013060 f i libvcruntime:undname.obj
 0001:00012076       ??0DName@@QAE@D@Z          10013076 f   libvcruntime:undname.obj
 0001:000120a2       ??0DName@@QAE@PAV0@@Z      100130a2 f   libvcruntime:undname.obj
 0001:000120ef       ??0DName@@QAE@PBD@Z        100130ef f   libvcruntime:undname.obj
 0001:00012129       ??0DName@@QAE@W4DNameStatus@@@Z 10013129 f   libvcruntime:undname.obj
 0001:0001216c       ??0DName@@QAE@XZ           1001316c f i libvcruntime:undname.obj
 0001:0001217d       ??0DName@@QAE@_J@Z         1001317d f   libvcruntime:undname.obj
 0001:00012212       ??0DName@@QAE@_K@Z         10013212 f   libvcruntime:undname.obj
 0001:00012281       ??0DNameNode@@IAE@XZ       10013281 f   libvcruntime:undname.obj
 0001:0001228a       ??0DNameStatusNode@@AAE@W4DNameStatus@@@Z 1001328a f   libvcruntime:undname.obj
 0001:000122ad       ??0Replicator@@QAE@XZ      100132ad f i libvcruntime:undname.obj
 0001:000122b3       ??0UnDecorator@@QAE@PADPBDHP6APADJ@ZK@Z 100132b3 f i libvcruntime:undname.obj
 0001:0001231c       ??0charNode@@QAE@D@Z       1001331c f   libvcruntime:undname.obj
 0001:00012331       ??0pDNameNode@@QAE@PAVDName@@@Z 10013331 f   libvcruntime:undname.obj
 0001:00012359       ??0pairNode@@QAE@PAVDNameNode@@0@Z 10013359 f   libvcruntime:undname.obj
 0001:00012378       ??0pcharNode@@QAE@PBDH@Z   10013378 f   libvcruntime:undname.obj
 0001:000123d1       ??2@YAPAXIAAV_HeapManager@@H@Z 100133d1 f i libvcruntime:undname.obj
 0001:000123e6       ??4DName@@QAEAAV0@ABV0@@Z  100133e6 f   libvcruntime:undname.obj
 0001:000123fc       ??4DName@@QAEAAV0@D@Z      100133fc f i libvcruntime:undname.obj
 0001:00012428       ??4DName@@QAEAAV0@PAV0@@Z  10013428 f   libvcruntime:undname.obj
 0001:00012471       ??4DName@@QAEAAV0@PBD@Z    10013471 f   libvcruntime:undname.obj
 0001:000124a3       ??4DName@@QAEAAV0@W4DNameStatus@@@Z 100134a3 f   libvcruntime:undname.obj
 0001:000124d8       ??AReplicator@@QBE?AVDName@@H@Z 100134d8 f   libvcruntime:undname.obj
 0001:00012514       ??BUnDecorator@@QAEPADXZ   10013514 f i libvcruntime:undname.obj
 0001:0001268f       ??H@YA?AVDName@@DABV0@@Z   1001368f f i libvcruntime:undname.obj
 0001:000126b3       ??H@YA?AVDName@@PBDABV0@@Z 100136b3 f i libvcruntime:undname.obj
 0001:000126d7       ??H@YA?AVDName@@W4DNameStatus@@ABV0@@Z 100136d7 f i libvcruntime:undname.obj
 0001:000126fb       ??HDName@@QBE?AV0@ABV0@@Z  100136fb f   libvcruntime:undname.obj
 0001:0001271d       ??HDName@@QBE?AV0@D@Z      1001371d f   libvcruntime:undname.obj
 0001:0001273f       ??HDName@@QBE?AV0@PAV0@@Z  1001373f f   libvcruntime:undname.obj
 0001:00012761       ??HDName@@QBE?AV0@PBD@Z    10013761 f   libvcruntime:undname.obj
 0001:00012783       ??HDName@@QBE?AV0@W4DNameStatus@@@Z 10013783 f   libvcruntime:undname.obj
 0001:000127a5       ??YDName@@QAEAAV0@ABV0@@Z  100137a5 f   libvcruntime:undname.obj
 0001:000127e8       ??YDName@@QAEAAV0@D@Z      100137e8 f   libvcruntime:undname.obj
 0001:00012838       ??YDName@@QAEAAV0@PAV0@@Z  10013838 f   libvcruntime:undname.obj
 0001:0001289d       ??YDName@@QAEAAV0@PBD@Z    1001389d f   libvcruntime:undname.obj
 0001:000128fe       ??YDName@@QAEAAV0@W4DNameStatus@@@Z 100138fe f   libvcruntime:undname.obj
 0001:0001293e       ??YReplicator@@QAEAAV0@ABVDName@@@Z 1001393e f   libvcruntime:undname.obj
 0001:00012988       ??_5DName@@QAEAAV0@ABV0@@Z 10013988 f   libvcruntime:undname.obj
 0001:000129a4       ?Constructor@_HeapManager@@QAEXP6APAXI@ZP6AXPAX@Z@Z 100139a4 f i libvcruntime:undname.obj
 0001:000129c1       ?Destructor@_HeapManager@@QAEXXZ 100139c1 f i libvcruntime:undname.obj
 0001:000129fa       ?UScore@UnDecorator@@SAPBDW4Tokens@@@Z 100139fa f   libvcruntime:undname.obj
 0001:00012a17       ?append@DName@@AAEXPAVDNameNode@@@Z 10013a17 f   libvcruntime:undname.obj
 0001:00012a5d       ?composeDeclaration@UnDecorator@@CA?AVDName@@ABV2@@Z 10013a5d f i libvcruntime:undname.obj
 0001:0001377f       ?doAccessSpecifiers@UnDecorator@@SAHXZ 1001477f f i libvcruntime:undname.obj
 0001:0001378d       ?doAllocationLanguage@UnDecorator@@SAHXZ 1001478d f i libvcruntime:undname.obj
 0001:0001379b       ?doAllocationModel@UnDecorator@@SAHXZ 1001479b f i libvcruntime:undname.obj
 0001:000137a9       ?doEcsu@UnDecorator@@SAHXZ 100147a9 f i libvcruntime:undname.obj
 0001:000137b7       ?doEllipsis@UnDecorator@@SAHXZ 100147b7 f i libvcruntime:undname.obj
 0001:000137c5       ?doFunctionReturns@UnDecorator@@SAHXZ 100147c5 f i libvcruntime:undname.obj
 0001:000137d3       ?doMSKeywords@UnDecorator@@SAHXZ 100147d3 f i libvcruntime:undname.obj
 0001:000137e0       ?doMemberTypes@UnDecorator@@SAHXZ 100147e0 f i libvcruntime:undname.obj
 0001:000137ee       ?doNameOnly@UnDecorator@@SAHXZ 100147ee f i libvcruntime:undname.obj
 0001:000137f9       ?doNoIdentCharCheck@UnDecorator@@SAHXZ 100147f9 f i libvcruntime:undname.obj
 0001:00013804       ?doPchar@DName@@AAEXPBDH@Z 10014804 f   libvcruntime:undname.obj
 0001:0001388e       ?doPtr64@UnDecorator@@SAHXZ 1001488e f i libvcruntime:undname.obj
 0001:0001389c       ?doRestrictionSpec@UnDecorator@@SAHXZ 1001489c f i libvcruntime:undname.obj
 0001:000138aa       ?doThisTypes@UnDecorator@@SAHXZ 100148aa f i libvcruntime:undname.obj
 0001:000138bc       ?doThrowTypes@UnDecorator@@SAHXZ 100148bc f i libvcruntime:undname.obj
 0001:000138ca       ?doTypeOnly@UnDecorator@@SAHXZ 100148ca f i libvcruntime:undname.obj
 0001:000138d5       ?doUnderScore@UnDecorator@@SAHXZ 100148d5 f i libvcruntime:undname.obj
 0001:000138e0       ?getArgumentList@UnDecorator@@CA?AVDName@@XZ 100148e0 f   libvcruntime:undname.obj
 0001:000139ec       ?getArgumentTypes@UnDecorator@@CA?AVDName@@XZ 100149ec f   libvcruntime:undname.obj
 0001:00013acc       ?getArrayType@UnDecorator@@CA?AVDName@@ABV2@@Z 10014acc f i libvcruntime:undname.obj
 0001:00013cce       ?getBasedType@UnDecorator@@CA?AVDName@@XZ 10014cce f   libvcruntime:undname.obj
 0001:00013d67       ?getBasicDataType@UnDecorator@@CA?AVDName@@ABV2@@Z 10014d67 f   libvcruntime:undname.obj
 0001:00014152       ?getCallIndex@UnDecorator@@CA?AVDName@@XZ 10015152 f i libvcruntime:undname.obj
 0001:00014166       ?getCallingConvention@UnDecorator@@CA?AVDName@@XZ 10015166 f   libvcruntime:undname.obj
 0001:00014225       ?getDataIndirectType@UnDecorator@@CA?AVDName@@ABV2@PBD0H@Z 10015225 f   libvcruntime:undname.obj
 0001:00014847       ?getDataIndirectType@UnDecorator@@CA?AVDName@@XZ 10015847 f i libvcruntime:undname.obj
 0001:00014880       ?getDataType@UnDecorator@@CA?AVDName@@PAV2@@Z 10015880 f   libvcruntime:undname.obj
 0001:00014952       ?getDecoratedName@UnDecorator@@CA?AVDName@@XZ 10015952 f   libvcruntime:undname.obj
 0001:00014b9e       ?getDimension@UnDecorator@@CA?AVDName@@_N@Z 10015b9e f   libvcruntime:undname.obj
 0001:00014cd5       ?getDispatchTarget@UnDecorator@@CA?AVDName@@XZ 10015cd5 f   libvcruntime:undname.obj
 0001:00014d30       ?getDisplacement@UnDecorator@@CA?AVDName@@XZ 10015d30 f i libvcruntime:undname.obj
 0001:00014d44       ?getECSUDataType@UnDecorator@@CA?AVDName@@XZ 10015d44 f   libvcruntime:undname.obj
 0001:00014e61       ?getECSUName@UnDecorator@@CA?AVDName@@XZ 10015e61 f i libvcruntime:undname.obj
 0001:00014e72       ?getEnumType@UnDecorator@@CA?AVDName@@XZ 10015e72 f i libvcruntime:undname.obj
 0001:00014f5e       ?getExtendedDataIndirectType@UnDecorator@@CA?AVDName@@AAPBDAA_NH@Z 10015f5e f   libvcruntime:undname.obj
 0001:00015107       ?getExternalDataType@UnDecorator@@CA?AVDName@@ABV2@@Z 10016107 f i libvcruntime:undname.obj
 0001:00015180       ?getFunctionIndirectType@UnDecorator@@CA?AVDName@@ABV2@@Z 10016180 f   libvcruntime:undname.obj
 0001:00015589       ?getGuardNumber@UnDecorator@@CA?AVDName@@XZ 10016589 f i libvcruntime:undname.obj
 0001:0001559d       ?getLastChar@DName@@QBEDXZ 1001659d f i libvcruntime:undname.obj
 0001:000155bc       ?getLastChar@DNameStatusNode@@UBEDXZ 100165bc f i libvcruntime:undname.obj
 0001:000155c8       ?getLastChar@charNode@@UBEDXZ 100165c8 f i libvcruntime:undname.obj
 0001:000155cc       ?getLastChar@pDNameNode@@UBEDXZ 100165cc f i libvcruntime:undname.obj
 0001:000155da       ?getLastChar@pairNode@@UBEDXZ 100165da f i libvcruntime:undname.obj
 0001:0001560d       ?getLastChar@pcharNode@@UBEDXZ 1001660d f i libvcruntime:undname.obj
 0001:0001561f       ?getLexicalFrame@UnDecorator@@CA?AVDName@@XZ 1001661f f i libvcruntime:undname.obj
 0001:0001565c       ?getMemory@_HeapManager@@QAEPAXIH@Z 1001665c f   libvcruntime:undname.obj
 0001:000156ea       ?getNumberOfDimensions@UnDecorator@@CAHXZ 100166ea f   libvcruntime:undname.obj
 0001:0001574b       ?getOperatorName@UnDecorator@@CA?AVDName@@_NPA_N@Z 1001674b f i libvcruntime:undname.obj
 0001:00015d71       ?getPointerType@UnDecorator@@CA?AVDName@@ABV2@0@Z 10016d71 f i libvcruntime:undname.obj
 0001:00015d8f       ?getPointerTypeArray@UnDecorator@@CA?AVDName@@ABV2@0@Z 10016d8f f i libvcruntime:undname.obj
 0001:00015dad       ?getPrimaryDataType@UnDecorator@@CA?AVDName@@ABV2@@Z 10016dad f   libvcruntime:undname.obj
 0001:00015f88       ?getPtrRefDataType@UnDecorator@@CA?AVDName@@ABV2@H@Z 10016f88 f   libvcruntime:undname.obj
 0001:0001608a       ?getPtrRefType@UnDecorator@@CA?AVDName@@ABV2@0PBD@Z 1001708a f   libvcruntime:undname.obj
 0001:00016186       ?getReferenceType@UnDecorator@@CA?AVDName@@ABV2@0PBD@Z 10017186 f i libvcruntime:undname.obj
 0001:000161a2       ?getRestrictionSpec@UnDecorator@@CA?AVDName@@XZ 100171a2 f   libvcruntime:undname.obj
 0001:00016294       ?getReturnType@UnDecorator@@CA?AVDName@@PAV2@@Z 10017294 f   libvcruntime:undname.obj
 0001:000162c3       ?getScope@UnDecorator@@CA?AVDName@@XZ 100172c3 f   libvcruntime:undname.obj
 0001:000166a1       ?getScopedName@UnDecorator@@CA?AVDName@@XZ 100176a1 f   libvcruntime:undname.obj
 0001:0001679c       ?getSignedDimension@UnDecorator@@CA?AVDName@@XZ 1001779c f   libvcruntime:undname.obj
 0001:000167ef       ?getStorageConvention@UnDecorator@@CA?AVDName@@XZ 100177ef f i libvcruntime:undname.obj
 0001:00016800       ?getString@DName@@QBEPADPAD0@Z 10017800 f i libvcruntime:undname.obj
 0001:0001682c       ?getString@DName@@QBEPADPADH@Z 1001782c f i libvcruntime:undname.obj
 0001:00016882       ?getString@DNameStatusNode@@UBEPADPAD0@Z 10017882 f i libvcruntime:undname.obj
 0001:000168a9       ?getString@charNode@@UBEPADPAD0@Z 100178a9 f i libvcruntime:undname.obj
 0001:000168be       ?getString@pDNameNode@@UBEPADPAD0@Z 100178be f i libvcruntime:undname.obj
 0001:000168d5       ?getString@pairNode@@UBEPADPAD0@Z 100178d5 f i libvcruntime:undname.obj
 0001:00016919       ?getString@pcharNode@@UBEPADPAD0@Z 10017919 f i libvcruntime:undname.obj
 0001:00016934       ?getStringEncoding@UnDecorator@@CA?AVDName@@PADH@Z 10017934 f   libvcruntime:undname.obj
 0001:000169d7       ?getStringHelper@@YAPADPAD00H@Z 100179d7 f i libvcruntime:undname.obj
 0001:00016a0e       ?getSymbolName@UnDecorator@@CA?AVDName@@XZ 10017a0e f i libvcruntime:undname.obj
 0001:00016a56       ?getTemplateArgumentList@UnDecorator@@CA?AVDName@@XZ 10017a56 f   libvcruntime:undname.obj
 0001:00016d03       ?getTemplateConstant@UnDecorator@@CA?AVDName@@XZ 10017d03 f   libvcruntime:undname.obj
 0001:00017047       ?getTemplateName@UnDecorator@@CA?AVDName@@_N@Z 10018047 f   libvcruntime:undname.obj
 0001:0001719d       ?getThisType@UnDecorator@@CA?AVDName@@XZ 1001819d f i libvcruntime:undname.obj
 0001:000171d7       ?getThrowTypes@UnDecorator@@CA?AVDName@@XZ 100181d7 f   libvcruntime:undname.obj
 0001:00017261       ?getTypeEncoding@UnDecorator@@CAHXZ 10018261 f i libvcruntime:undname.obj
 0001:00017761       ?getVCallThunkType@UnDecorator@@CA?AVDName@@XZ 10018761 f i libvcruntime:undname.obj
 0001:0001779c       ?getVbTableType@UnDecorator@@CA?AVDName@@ABV2@@Z 1001879c f i libvcruntime:undname.obj
 0001:000177b1       ?getVdispMapType@UnDecorator@@CA?AVDName@@ABV2@@Z 100187b1 f i libvcruntime:undname.obj
 0001:00017807       ?getVfTableType@UnDecorator@@CA?AVDName@@ABV2@@Z 10018807 f i libvcruntime:undname.obj
 0001:0001796c       ?getZName@UnDecorator@@CA?AVDName@@_N0@Z 1001896c f   libvcruntime:undname.obj
 0001:00017bac       ?haveTemplateParameters@UnDecorator@@SAHXZ 10018bac f i libvcruntime:undname.obj
 0001:00017bb7       ?isArray@DName@@QBEHXZ     10018bb7 f i libvcruntime:undname.obj
 0001:00017bc1       ?isComArray@DName@@QBEHXZ  10018bc1 f i libvcruntime:undname.obj
 0001:00017bcb       ?isEmpty@DName@@QBEHXZ     10018bcb f i libvcruntime:undname.obj
 0001:00017bd3       ?isFull@Replicator@@QBEHXZ 10018bd3 f i libvcruntime:undname.obj
 0001:00017bdc       ?isNoTE@DName@@QBEHXZ      10018bdc f i libvcruntime:undname.obj
 0001:00017be6       ?isPinPtr@DName@@QBEHXZ    10018be6 f i libvcruntime:undname.obj
 0001:00017bf0       ?isPtrRef@DName@@QBEHXZ    10018bf0 f i libvcruntime:undname.obj
 0001:00017bfa       ?isUDC@DName@@QBEHXZ       10018bfa f i libvcruntime:undname.obj
 0001:00017c0b       ?isUDTThunk@DName@@QBEHXZ  10018c0b f i libvcruntime:undname.obj
 0001:00017c1c       ?isVCallThunk@DName@@QBEHXZ 10018c1c f i libvcruntime:undname.obj
 0001:00017c26       ?isValid@DName@@QBEHXZ     10018c26 f i libvcruntime:undname.obj
 0001:00017c30       ?length@DName@@QBEHXZ      10018c30 f i libvcruntime:undname.obj
 0001:00017c4e       ?length@DNameStatusNode@@UBEHXZ 10018c4e f i libvcruntime:undname.obj
 0001:00017c52       ?length@charNode@@UBEHXZ   10018c52 f i libvcruntime:undname.obj
 0001:00017c56       ?length@pDNameNode@@UBEHXZ 10018c56 f i libvcruntime:undname.obj
 0001:00017c64       ?length@pairNode@@UBEHXZ   10018c64 f i libvcruntime:undname.obj
 0001:00017cae       ?length@pcharNode@@UBEHXZ  10018cae f i libvcruntime:undname.obj
 0001:00017cb2       ?make@DNameStatusNode@@SAPAV1@W4DNameStatus@@@Z 10018cb2 f i libvcruntime:undname.obj
 0001:00017d38       ?setIsArray@DName@@QAEXXZ  10018d38 f i libvcruntime:undname.obj
 0001:00017d40       ?setIsComArray@DName@@QAEXXZ 10018d40 f i libvcruntime:undname.obj
 0001:00017d48       ?setIsNoTE@DName@@QAEXXZ   10018d48 f i libvcruntime:undname.obj
 0001:00017d50       ?setIsPinPtr@DName@@QAEXXZ 10018d50 f i libvcruntime:undname.obj
 0001:00017d58       ?setIsUDC@DName@@QAEXXZ    10018d58 f i libvcruntime:undname.obj
 0001:00017d65       ?setIsVCallThunk@DName@@QAEXXZ 10018d65 f i libvcruntime:undname.obj
 0001:00017d6d       ?setPtrRef@DName@@QAEAAV1@XZ 10018d6d f i libvcruntime:undname.obj
 0001:00017d77       ?status@DName@@QBE?AW4DNameStatus@@XZ 10018d77 f i libvcruntime:undname.obj
 0001:00017de3       ___unDName                 10018de3 f   libvcruntime:undname.obj
 0001:00017e78       ___unDNameEx               10018e78 f   libvcruntime:undname.obj
 0001:00017f0d       __vsprintf_s_l             10018f0d f i libvcruntime:undname.obj
 0001:00017f3a       _sprintf_s                 10018f3a f i libvcruntime:undname.obj
 0001:00017f60       __global_unwind2           10018f60 f   libvcruntime:_exsup_.obj
 0001:00017fc5       __local_unwind2            10018fc5 f   libvcruntime:_exsup_.obj
 0001:00018049       __abnormal_termination     10019049 f   libvcruntime:_exsup_.obj
 0001:0001806c       __NLG_Notify1              1001906c f   libvcruntime:_exsup_.obj
 0001:00018075       __NLG_Notify               10019075 f   libvcruntime:_exsup_.obj
 0001:0001808c       __NLG_Dispatch             1001908c     libvcruntime:_exsup_.obj
 0001:0001808c       __NLG_Dispatch2            1001908c     libvcruntime:_exsup_.obj
 0001:00018094       __NLG_Call                 10019094 f   libvcruntime:_exsup_.obj
 0001:00018096       __NLG_Return2              10019096     libvcruntime:_exsup_.obj
 0001:00018097       ??$__crt_fast_decode_pointer@P6AXXZ@@YAP6AXXZQ6AXXZ@Z 10019097 f i libvcruntime:purevirt.obj
 0001:000180ab       ??$__crt_interlocked_compare_exchange_pointer@$$A6AXXZ$$T$$T@@YAP6AXXZPDS6AXXZ$$T1@Z 100190ab f i libvcruntime:purevirt.obj
 0001:000180bd       ??$__crt_interlocked_exchange_pointer@$$A6AXXZP6AXXZ@@YAP6AXXZPDS6AXXZQ6AXXZ@Z 100190bd f i libvcruntime:purevirt.obj
 0001:000180ca       ??$__crt_interlocked_read_pointer@$$A6AXXZ@@YAP6AXXZPDS6AXXZ@Z 100190ca f i libvcruntime:purevirt.obj
 0001:000180da       __get_purecall_handler     100190da f   libvcruntime:purevirt.obj
 0001:000180f9       __purecall                 100190f9 f   libvcruntime:purevirt.obj
 0001:00018114       __set_purecall_handler     10019114 f   libvcruntime:purevirt.obj
 0001:000184c1       __lseek                    100194c1 f   libucrt:lseek.obj
 0001:000184cc       __lseek_nolock             100194cc f   libucrt:lseek.obj
 0001:000184d7       __lseeki64                 100194d7 f   libucrt:lseek.obj
 0001:000184f2       __lseeki64_nolock          100194f2 f   libucrt:lseek.obj
 0001:0001850d       ??$?R_W@__crt_internal_free_policy@@QBEXQB_W@Z 1001950d f i libucrt:open.obj
 0001:0001851f       ??$__vcrt_va_start_verify_argument_type@$$CBH@@YAXXZ 1001951f f i libucrt:open.obj
 0001:00018818       ??$tsopen_nolock@PAHABQAHABQBDABHABHABHABH@?$__crt_char_traits@D@@SAH$$QAPAHABQAHABQBDABH333@Z 10019818 f i libucrt:open.obj
 0001:0001884a       ??$tsopen_nolock@PAHABQAHABQB_WABHABHABHABH@?$__crt_char_traits@_W@@SAH$$QAPAHABQAHABQB_WABH333@Z 1001984a f i libucrt:open.obj
 0001:0001887c       ??$tsopen_nolock@PAHPAHABQBDABHHABHH@?$__crt_char_traits@D@@SAH$$QAPAH0ABQBDABH$$QAH23@Z 1001987c f i libucrt:open.obj
 0001:000188ae       ??$tsopen_nolock@PAHPAHABQB_WABHHABHH@?$__crt_char_traits@_W@@SAH$$QAPAH0ABQB_WABH$$QAH23@Z 100198ae f i libucrt:open.obj
 0001:000188e0       ??0?$__crt_unique_heap_ptr@_WU__crt_internal_free_policy@@@@QAE@QA_W@Z 100198e0 f i libucrt:open.obj
 0001:000188f0       ??1?$__crt_unique_heap_ptr@_WU__crt_internal_free_policy@@@@QAE@XZ 100198f0 f i libucrt:open.obj
 0001:00018e60       ?release@?$__crt_unique_heap_ptr@_WU__crt_internal_free_policy@@@@QAEXXZ 10019e60 f i libucrt:open.obj
 0001:00018f22       __invoke_watson_if_error   10019f22 f i libucrt:open.obj
 0001:00018f44       __open                     10019f44 f   libucrt:open.obj
 0001:00018f5c       __sopen                    10019f5c f   libucrt:open.obj
 0001:00018f91       __sopen_dispatch           10019f91 f   libucrt:open.obj
 0001:00018f9c       __sopen_nolock             10019f9c f   libucrt:open.obj
 0001:00018fed       __sopen_s                  10019fed f   libucrt:open.obj
 0001:0001900d       __wopen                    1001a00d f   libucrt:open.obj
 0001:00019025       __wsopen                   1001a025 f   libucrt:open.obj
 0001:0001905a       __wsopen_dispatch          1001a05a f   libucrt:open.obj
 0001:00019065       __wsopen_nolock            1001a065 f   libucrt:open.obj
 0001:0001938e       __wsopen_s                 1001a38e f   libucrt:open.obj
 0001:000193ae       ??$__crt_interlocked_read@J@@YAJPDJ@Z 1001a3ae f i libucrt:wcstombs.obj
 0001:000193ba       ??0_LocaleUpdate@@QAE@QAU__crt_locale_pointers@@@Z 1001a3ba f i libucrt:wcstombs.obj
 0001:0001943d       ??1_LocaleUpdate@@QAE@XZ   1001a43d f i libucrt:wcstombs.obj
 0001:0001944d       ?GetLocaleT@_LocaleUpdate@@QAEPAU__crt_locale_pointers@@XZ 1001a44d f i libucrt:wcstombs.obj
 0001:00019451       ?__crt_interlocked_read_32@@YAHPDH@Z 1001a451 f i libucrt:wcstombs.obj
 0001:00019715       ___acrt_locale_changed     1001a715 f i libucrt:wcstombs.obj
 0001:00019723       __wcstombs_l               1001a723 f   libucrt:wcstombs.obj
 0001:0001972e       __wcstombs_s_l             1001a72e f   libucrt:wcstombs.obj
 0001:000197fb       _wcstombs                  1001a7fb f   libucrt:wcstombs.obj
 0001:00019815       _wcstombs_s                1001a815 f   libucrt:wcstombs.obj
 0001:00019835       ??$?0ABV?$stream_output_adapter@D@__crt_stdio_output@@AB_KABQBDABQAU__crt_locale_pointers@@ABQAD@?$format_validation_base@DV?$stream_output_adapter@D@__crt_stdio_output@@@__crt_stdio_output@@IAE@ABV?$stream_output_adapter@D@1@AB_KABQBDABQAU__crt_locale_pointers@@ABQAD@Z 1001a835 f i libucrt:output.obj
 0001:00019858       ??$?0ABV?$stream_output_adapter@D@__crt_stdio_output@@AB_KABQBDABQAU__crt_locale_pointers@@ABQAD@?$positional_parameter_base@DV?$stream_output_adapter@D@__crt_stdio_output@@@__crt_stdio_output@@IAE@ABV?$stream_output_adapter@D@1@AB_KABQBDABQAU__crt_locale_pointers@@ABQAD@Z 1001a858 f i libucrt:output.obj
 0001:000198a0       ??$?0ABV?$stream_output_adapter@D@__crt_stdio_output@@AB_KABQBDABQAU__crt_locale_pointers@@ABQAD@?$standard_base@DV?$stream_output_adapter@D@__crt_stdio_output@@@__crt_stdio_output@@IAE@ABV?$stream_output_adapter@D@1@AB_KABQBDABQAU__crt_locale_pointers@@ABQAD@Z 1001a8a0 f i libucrt:output.obj
 0001:000198d5       ??$?0ABV?$stream_output_adapter@_W@__crt_stdio_output@@AB_KABQB_WABQAU__crt_locale_pointers@@ABQAD@?$format_validation_base@_WV?$stream_output_adapter@_W@__crt_stdio_output@@@__crt_stdio_output@@IAE@ABV?$stream_output_adapter@_W@1@AB_KABQB_WABQAU__crt_locale_pointers@@ABQAD@Z 1001a8d5 f i libucrt:output.obj
 0001:000198f8       ??$?0ABV?$stream_output_adapter@_W@__crt_stdio_output@@AB_KABQB_WABQAU__crt_locale_pointers@@ABQAD@?$positional_parameter_base@_WV?$stream_output_adapter@_W@__crt_stdio_output@@@__crt_stdio_output@@IAE@ABV?$stream_output_adapter@_W@1@AB_KABQB_WABQAU__crt_locale_pointers@@ABQAD@Z 1001a8f8 f i libucrt:output.obj
 0001:00019940       ??$?0ABV?$stream_output_adapter@_W@__crt_stdio_output@@AB_KABQB_WABQAU__crt_locale_pointers@@ABQAD@?$standard_base@_WV?$stream_output_adapter@_W@__crt_stdio_output@@@__crt_stdio_output@@IAE@ABV?$stream_output_adapter@_W@1@AB_KABQB_WABQAU__crt_locale_pointers@@ABQAD@Z 1001a940 f i libucrt:output.obj
 0001:00019975       ??$?0ABV?$string_output_adapter@D@__crt_stdio_output@@AB_KABQBDABQAU__crt_locale_pointers@@ABQAD@?$format_validation_base@DV?$string_output_adapter@D@__crt_stdio_output@@@__crt_stdio_output@@IAE@ABV?$string_output_adapter@D@1@AB_KABQBDABQAU__crt_locale_pointers@@ABQAD@Z 1001a975 f i libucrt:output.obj
 0001:00019998       ??$?0ABV?$string_output_adapter@D@__crt_stdio_output@@AB_KABQBDABQAU__crt_locale_pointers@@ABQAD@?$positional_parameter_base@DV?$string_output_adapter@D@__crt_stdio_output@@@__crt_stdio_output@@IAE@ABV?$string_output_adapter@D@1@AB_KABQBDABQAU__crt_locale_pointers@@ABQAD@Z 1001a998 f i libucrt:output.obj
 0001:000199e0       ??$?0ABV?$string_output_adapter@D@__crt_stdio_output@@AB_KABQBDABQAU__crt_locale_pointers@@ABQAD@?$standard_base@DV?$string_output_adapter@D@__crt_stdio_output@@@__crt_stdio_output@@IAE@ABV?$string_output_adapter@D@1@AB_KABQBDABQAU__crt_locale_pointers@@ABQAD@Z 1001a9e0 f i libucrt:output.obj
 0001:00019a15       ??$?0ABV?$string_output_adapter@_W@__crt_stdio_output@@AB_KABQB_WABQAU__crt_locale_pointers@@ABQAD@?$format_validation_base@_WV?$string_output_adapter@_W@__crt_stdio_output@@@__crt_stdio_output@@IAE@ABV?$string_output_adapter@_W@1@AB_KABQB_WABQAU__crt_locale_pointers@@ABQAD@Z 1001aa15 f i libucrt:output.obj
 0001:00019a38       ??$?0ABV?$string_output_adapter@_W@__crt_stdio_output@@AB_KABQB_WABQAU__crt_locale_pointers@@ABQAD@?$positional_parameter_base@_WV?$string_output_adapter@_W@__crt_stdio_output@@@__crt_stdio_output@@IAE@ABV?$string_output_adapter@_W@1@AB_KABQB_WABQAU__crt_locale_pointers@@ABQAD@Z 1001aa38 f i libucrt:output.obj
 0001:00019a80       ??$?0ABV?$string_output_adapter@_W@__crt_stdio_output@@AB_KABQB_WABQAU__crt_locale_pointers@@ABQAD@?$standard_base@_WV?$string_output_adapter@_W@__crt_stdio_output@@@__crt_stdio_output@@IAE@ABV?$string_output_adapter@_W@1@AB_KABQB_WABQAU__crt_locale_pointers@@ABQAD@Z 1001aa80 f i libucrt:output.obj
 0001:00019ab5       ??$?RV<lambda_2293f24e3ce1ad6fe22ccfb9dec07671>@@AAV<lambda_2565fc715a641e539f44ad02d6823606>@@V<lambda_d3217f279b832965d9ca670dc2993570>@@@?$__crt_seh_guarded_call@H@@QAEH$$QAV<lambda_2293f24e3ce1ad6fe22ccfb9dec07671>@@AAV<lambda_2565fc715a641e539f44ad02d6823606>@@$$QAV<lambda_d3217f279b832965d9ca670dc2993570>@@@Z 1001aab5 f i libucrt:output.obj
 0001:00019b06       ??$?RV<lambda_4d4ac866be0fa3c441830420fabdd2cb>@@AAV<lambda_63a10c2dc8dbb9e4dd1890be52af7c93>@@V<lambda_002af9fa0f8fe472b648c51882d4fc32>@@@?$__crt_seh_guarded_call@H@@QAEH$$QAV<lambda_4d4ac866be0fa3c441830420fabdd2cb>@@AAV<lambda_63a10c2dc8dbb9e4dd1890be52af7c93>@@$$QAV<lambda_002af9fa0f8fe472b648c51882d4fc32>@@@Z 1001ab06 f i libucrt:output.obj
 0001:00019b57       ??$?RV<lambda_5be909dfbae0a631386585770cd7b676>@@AAV<lambda_e516058a9c289d98c8ca9fea99247804>@@V<lambda_afe2e0cdc5e0ecf6f0d6f5e2f8985e38>@@@?$__crt_seh_guarded_call@H@@QAEH$$QAV<lambda_5be909dfbae0a631386585770cd7b676>@@AAV<lambda_e516058a9c289d98c8ca9fea99247804>@@$$QAV<lambda_afe2e0cdc5e0ecf6f0d6f5e2f8985e38>@@@Z 1001ab57 f i libucrt:output.obj
 0001:00019ba8       ??$?RV<lambda_823d65812123d985753d53e2a8c25d20>@@AAV<lambda_0a97c9e57da7be065955385c79108ff2>@@V<lambda_4d2973f3ad2d226f00468307185dca1b>@@@?$__crt_seh_guarded_call@H@@QAEH$$QAV<lambda_823d65812123d985753d53e2a8c25d20>@@AAV<lambda_0a97c9e57da7be065955385c79108ff2>@@$$QAV<lambda_4d2973f3ad2d226f00468307185dca1b>@@@Z 1001aba8 f i libucrt:output.obj
 0001:00019bf9       ??$?RV<lambda_ab9923ffb5d694ec0d78876dd103e44f>@@AAV<lambda_481dd5778c961fbcd3b60b650e9b9dc4>@@V<lambda_7923d86c9e3f319b415918ec4b39749c>@@@?$__crt_seh_guarded_call@H@@QAEH$$QAV<lambda_ab9923ffb5d694ec0d78876dd103e44f>@@AAV<lambda_481dd5778c961fbcd3b60b650e9b9dc4>@@$$QAV<lambda_7923d86c9e3f319b415918ec4b39749c>@@@Z 1001abf9 f i libucrt:output.obj
 0001:00019c4a       ??$?RV<lambda_db08b09ef7aa9d4f8620ce68402612bc>@@AAV<lambda_4f2c1eaeead2a5fc776db5b62ea0fb9b>@@V<lambda_3ae262bc35d4ba6a3825c4f6bcaaf95c>@@@?$__crt_seh_guarded_call@H@@QAEH$$QAV<lambda_db08b09ef7aa9d4f8620ce68402612bc>@@AAV<lambda_4f2c1eaeead2a5fc776db5b62ea0fb9b>@@$$QAV<lambda_3ae262bc35d4ba6a3825c4f6bcaaf95c>@@@Z 1001ac4a f i libucrt:output.obj
 0001:00019c9b       ??$__acrt_lock_stream_and_call@V<lambda_0a97c9e57da7be065955385c79108ff2>@@@@YAHQAU_iobuf@@$$QAV<lambda_0a97c9e57da7be065955385c79108ff2>@@@Z 1001ac9b f i libucrt:output.obj
 0001:00019cc3       ??$__acrt_lock_stream_and_call@V<lambda_2565fc715a641e539f44ad02d6823606>@@@@YAHQAU_iobuf@@$$QAV<lambda_2565fc715a641e539f44ad02d6823606>@@@Z 1001acc3 f i libucrt:output.obj
 0001:00019ceb       ??$__acrt_lock_stream_and_call@V<lambda_481dd5778c961fbcd3b60b650e9b9dc4>@@@@YAHQAU_iobuf@@$$QAV<lambda_481dd5778c961fbcd3b60b650e9b9dc4>@@@Z 1001aceb f i libucrt:output.obj
 0001:00019d13       ??$__acrt_lock_stream_and_call@V<lambda_4f2c1eaeead2a5fc776db5b62ea0fb9b>@@@@YAHQAU_iobuf@@$$QAV<lambda_4f2c1eaeead2a5fc776db5b62ea0fb9b>@@@Z 1001ad13 f i libucrt:output.obj
 0001:00019d3b       ??$__acrt_lock_stream_and_call@V<lambda_63a10c2dc8dbb9e4dd1890be52af7c93>@@@@YAHQAU_iobuf@@$$QAV<lambda_63a10c2dc8dbb9e4dd1890be52af7c93>@@@Z 1001ad3b f i libucrt:output.obj
 0001:00019d63       ??$__acrt_lock_stream_and_call@V<lambda_e516058a9c289d98c8ca9fea99247804>@@@@YAHQAU_iobuf@@$$QAV<lambda_e516058a9c289d98c8ca9fea99247804>@@@Z 1001ad63 f i libucrt:output.obj
 0001:0001ac24       ??$count@D@formatting_buffer@__crt_stdio_output@@QBEIXZ 1001bc24 f i libucrt:output.obj
 0001:0001ac3c       ??$data@D@formatting_buffer@__crt_stdio_output@@QAEPADXZ 1001bc3c f i libucrt:output.obj
 0001:0001ac49       ??$data@_W@formatting_buffer@__crt_stdio_output@@QAEPA_WXZ 1001bc49 f i libucrt:output.obj
 0001:0001ac56       ??$ensure_buffer_is_big_enough@D@formatting_buffer@__crt_stdio_output@@QAE_NI@Z 1001bc56 f i libucrt:output.obj
 0001:0001acdc       ??$extract_argument_from_va_list@C_J@?$positional_parameter_base@DV?$stream_output_adapter@D@__crt_stdio_output@@@__crt_stdio_output@@IAE_NAA_J@Z 1001bcdc f i libucrt:output.obj
 0001:0001ad5b       ??$extract_argument_from_va_list@C_J@?$positional_parameter_base@DV?$string_output_adapter@D@__crt_stdio_output@@@__crt_stdio_output@@IAE_NAA_J@Z 1001bd5b f i libucrt:output.obj
 0001:0001adda       ??$extract_argument_from_va_list@C_J@?$positional_parameter_base@_WV?$stream_output_adapter@_W@__crt_stdio_output@@@__crt_stdio_output@@IAE_NAA_J@Z 1001bdda f i libucrt:output.obj
 0001:0001ae59       ??$extract_argument_from_va_list@C_J@?$positional_parameter_base@_WV?$string_output_adapter@_W@__crt_stdio_output@@@__crt_stdio_output@@IAE_NAA_J@Z 1001be59 f i libucrt:output.obj
 0001:0001aed8       ??$extract_argument_from_va_list@C_J@?$standard_base@DV?$stream_output_adapter@D@__crt_stdio_output@@@__crt_stdio_output@@IAE_NAA_J@Z 1001bed8 f i libucrt:output.obj
 0001:0001aef7       ??$extract_argument_from_va_list@C_J@?$standard_base@DV?$string_output_adapter@D@__crt_stdio_output@@@__crt_stdio_output@@IAE_NAA_J@Z 1001bef7 f i libucrt:output.obj
 0001:0001af16       ??$extract_argument_from_va_list@C_J@?$standard_base@_WV?$stream_output_adapter@_W@__crt_stdio_output@@@__crt_stdio_output@@IAE_NAA_J@Z 1001bf16 f i libucrt:output.obj
 0001:0001af35       ??$extract_argument_from_va_list@C_J@?$standard_base@_WV?$string_output_adapter@_W@__crt_stdio_output@@@__crt_stdio_output@@IAE_NAA_J@Z 1001bf35 f i libucrt:output.obj
 0001:0001af54       ??$extract_argument_from_va_list@E_J@?$positional_parameter_base@DV?$stream_output_adapter@D@__crt_stdio_output@@@__crt_stdio_output@@IAE_NAA_J@Z 1001bf54 f i libucrt:output.obj
 0001:0001afd3       ??$extract_argument_from_va_list@E_J@?$positional_parameter_base@DV?$string_output_adapter@D@__crt_stdio_output@@@__crt_stdio_output@@IAE_NAA_J@Z 1001bfd3 f i libucrt:output.obj
 0001:0001b052       ??$extract_argument_from_va_list@E_J@?$positional_parameter_base@_WV?$stream_output_adapter@_W@__crt_stdio_output@@@__crt_stdio_output@@IAE_NAA_J@Z 1001c052 f i libucrt:output.obj
 0001:0001b0d1       ??$extract_argument_from_va_list@E_J@?$positional_parameter_base@_WV?$string_output_adapter@_W@__crt_stdio_output@@@__crt_stdio_output@@IAE_NAA_J@Z 1001c0d1 f i libucrt:output.obj
 0001:0001b150       ??$extract_argument_from_va_list@E_J@?$standard_base@DV?$stream_output_adapter@D@__crt_stdio_output@@@__crt_stdio_output@@IAE_NAA_J@Z 1001c150 f i libucrt:output.obj
 0001:0001b16f       ??$extract_argument_from_va_list@E_J@?$standard_base@DV?$string_output_adapter@D@__crt_stdio_output@@@__crt_stdio_output@@IAE_NAA_J@Z 1001c16f f i libucrt:output.obj
 0001:0001b18e       ??$extract_argument_from_va_list@E_J@?$standard_base@_WV?$stream_output_adapter@_W@__crt_stdio_output@@@__crt_stdio_output@@IAE_NAA_J@Z 1001c18e f i libucrt:output.obj
 0001:0001b1ad       ??$extract_argument_from_va_list@E_J@?$standard_base@_WV?$string_output_adapter@_W@__crt_stdio_output@@@__crt_stdio_output@@IAE_NAA_J@Z 1001c1ad f i libucrt:output.obj
 0001:0001b1cc       ??$extract_argument_from_va_list@F_J@?$positional_parameter_base@DV?$stream_output_adapter@D@__crt_stdio_output@@@__crt_stdio_output@@IAE_NAA_J@Z 1001c1cc f i libucrt:output.obj
 0001:0001b24b       ??$extract_argument_from_va_list@F_J@?$positional_parameter_base@DV?$string_output_adapter@D@__crt_stdio_output@@@__crt_stdio_output@@IAE_NAA_J@Z 1001c24b f i libucrt:output.obj
 0001:0001b2ca       ??$extract_argument_from_va_list@F_J@?$positional_parameter_base@_WV?$stream_output_adapter@_W@__crt_stdio_output@@@__crt_stdio_output@@IAE_NAA_J@Z 1001c2ca f i libucrt:output.obj
 0001:0001b349       ??$extract_argument_from_va_list@F_J@?$positional_parameter_base@_WV?$string_output_adapter@_W@__crt_stdio_output@@@__crt_stdio_output@@IAE_NAA_J@Z 1001c349 f i libucrt:output.obj
 0001:0001b3c8       ??$extract_argument_from_va_list@F_J@?$standard_base@DV?$stream_output_adapter@D@__crt_stdio_output@@@__crt_stdio_output@@IAE_NAA_J@Z 1001c3c8 f i libucrt:output.obj
 0001:0001b3e7       ??$extract_argument_from_va_list@F_J@?$standard_base@DV?$string_output_adapter@D@__crt_stdio_output@@@__crt_stdio_output@@IAE_NAA_J@Z 1001c3e7 f i libucrt:output.obj
 0001:0001b406       ??$extract_argument_from_va_list@F_J@?$standard_base@_WV?$stream_output_adapter@_W@__crt_stdio_output@@@__crt_stdio_output@@IAE_NAA_J@Z 1001c406 f i libucrt:output.obj
 0001:0001b425       ??$extract_argument_from_va_list@F_J@?$standard_base@_WV?$string_output_adapter@_W@__crt_stdio_output@@@__crt_stdio_output@@IAE_NAA_J@Z 1001c425 f i libucrt:output.obj
 0001:0001b444       ??$extract_argument_from_va_list@GD@?$positional_parameter_base@DV?$stream_output_adapter@D@__crt_stdio_output@@@__crt_stdio_output@@IAE_NAAD@Z 1001c444 f i libucrt:output.obj
 0001:0001b4c2       ??$extract_argument_from_va_list@GD@?$positional_parameter_base@DV?$string_output_adapter@D@__crt_stdio_output@@@__crt_stdio_output@@IAE_NAAD@Z 1001c4c2 f i libucrt:output.obj
 0001:0001b540       ??$extract_argument_from_va_list@GD@?$standard_base@DV?$stream_output_adapter@D@__crt_stdio_output@@@__crt_stdio_output@@IAE_NAAD@Z 1001c540 f i libucrt:output.obj
 0001:0001b55a       ??$extract_argument_from_va_list@GD@?$standard_base@DV?$string_output_adapter@D@__crt_stdio_output@@@__crt_stdio_output@@IAE_NAAD@Z 1001c55a f i libucrt:output.obj
 0001:0001b574       ??$extract_argument_from_va_list@G_J@?$positional_parameter_base@DV?$stream_output_adapter@D@__crt_stdio_output@@@__crt_stdio_output@@IAE_NAA_J@Z 1001c574 f i libucrt:output.obj
 0001:0001b5f3       ??$extract_argument_from_va_list@G_J@?$positional_parameter_base@DV?$string_output_adapter@D@__crt_stdio_output@@@__crt_stdio_output@@IAE_NAA_J@Z 1001c5f3 f i libucrt:output.obj
 0001:0001b672       ??$extract_argument_from_va_list@G_J@?$positional_parameter_base@_WV?$stream_output_adapter@_W@__crt_stdio_output@@@__crt_stdio_output@@IAE_NAA_J@Z 1001c672 f i libucrt:output.obj
 0001:0001b6f1       ??$extract_argument_from_va_list@G_J@?$positional_parameter_base@_WV?$string_output_adapter@_W@__crt_stdio_output@@@__crt_stdio_output@@IAE_NAA_J@Z 1001c6f1 f i libucrt:output.obj
 0001:0001b770       ??$extract_argument_from_va_list@G_J@?$standard_base@DV?$stream_output_adapter@D@__crt_stdio_output@@@__crt_stdio_output@@IAE_NAA_J@Z 1001c770 f i libucrt:output.obj
 0001:0001b78f       ??$extract_argument_from_va_list@G_J@?$standard_base@DV?$string_output_adapter@D@__crt_stdio_output@@@__crt_stdio_output@@IAE_NAA_J@Z 1001c78f f i libucrt:output.obj
 0001:0001b7ae       ??$extract_argument_from_va_list@G_J@?$standard_base@_WV?$stream_output_adapter@_W@__crt_stdio_output@@@__crt_stdio_output@@IAE_NAA_J@Z 1001c7ae f i libucrt:output.obj
 0001:0001b7cd       ??$extract_argument_from_va_list@G_J@?$standard_base@_WV?$string_output_adapter@_W@__crt_stdio_output@@@__crt_stdio_output@@IAE_NAA_J@Z 1001c7cd f i libucrt:output.obj
 0001:0001b7ec       ??$extract_argument_from_va_list@H_J@?$positional_parameter_base@DV?$stream_output_adapter@D@__crt_stdio_output@@@__crt_stdio_output@@IAE_NAA_J@Z 1001c7ec f i libucrt:output.obj
 0001:0001b869       ??$extract_argument_from_va_list@H_J@?$positional_parameter_base@DV?$string_output_adapter@D@__crt_stdio_output@@@__crt_stdio_output@@IAE_NAA_J@Z 1001c869 f i libucrt:output.obj
 0001:0001b8e6       ??$extract_argument_from_va_list@H_J@?$positional_parameter_base@_WV?$stream_output_adapter@_W@__crt_stdio_output@@@__crt_stdio_output@@IAE_NAA_J@Z 1001c8e6 f i libucrt:output.obj
 0001:0001b963       ??$extract_argument_from_va_list@H_J@?$positional_parameter_base@_WV?$string_output_adapter@_W@__crt_stdio_output@@@__crt_stdio_output@@IAE_NAA_J@Z 1001c963 f i libucrt:output.obj
 0001:0001b9e0       ??$extract_argument_from_va_list@H_J@?$standard_base@DV?$stream_output_adapter@D@__crt_stdio_output@@@__crt_stdio_output@@IAE_NAA_J@Z 1001c9e0 f i libucrt:output.obj
 0001:0001b9fe       ??$extract_argument_from_va_list@H_J@?$standard_base@DV?$string_output_adapter@D@__crt_stdio_output@@@__crt_stdio_output@@IAE_NAA_J@Z 1001c9fe f i libucrt:output.obj
 0001:0001ba1c       ??$extract_argument_from_va_list@H_J@?$standard_base@_WV?$stream_output_adapter@_W@__crt_stdio_output@@@__crt_stdio_output@@IAE_NAA_J@Z 1001ca1c f i libucrt:output.obj
 0001:0001ba3a       ??$extract_argument_from_va_list@H_J@?$standard_base@_WV?$string_output_adapter@_W@__crt_stdio_output@@@__crt_stdio_output@@IAE_NAA_J@Z 1001ca3a f i libucrt:output.obj
 0001:0001ba58       ??$extract_argument_from_va_list@I_J@?$positional_parameter_base@DV?$stream_output_adapter@D@__crt_stdio_output@@@__crt_stdio_output@@IAE_NAA_J@Z 1001ca58 f i libucrt:output.obj
 0001:0001bade       ??$extract_argument_from_va_list@I_J@?$positional_parameter_base@DV?$string_output_adapter@D@__crt_stdio_output@@@__crt_stdio_output@@IAE_NAA_J@Z 1001cade f i libucrt:output.obj
 0001:0001bb64       ??$extract_argument_from_va_list@I_J@?$positional_parameter_base@_WV?$stream_output_adapter@_W@__crt_stdio_output@@@__crt_stdio_output@@IAE_NAA_J@Z 1001cb64 f i libucrt:output.obj
 0001:0001bbea       ??$extract_argument_from_va_list@I_J@?$positional_parameter_base@_WV?$string_output_adapter@_W@__crt_stdio_output@@@__crt_stdio_output@@IAE_NAA_J@Z 1001cbea f i libucrt:output.obj
 0001:0001bc70       ??$extract_argument_from_va_list@I_J@?$standard_base@DV?$stream_output_adapter@D@__crt_stdio_output@@@__crt_stdio_output@@IAE_NAA_J@Z 1001cc70 f i libucrt:output.obj
 0001:0001bc8e       ??$extract_argument_from_va_list@I_J@?$standard_base@DV?$string_output_adapter@D@__crt_stdio_output@@@__crt_stdio_output@@IAE_NAA_J@Z 1001cc8e f i libucrt:output.obj
 0001:0001bcac       ??$extract_argument_from_va_list@I_J@?$standard_base@_WV?$stream_output_adapter@_W@__crt_stdio_output@@@__crt_stdio_output@@IAE_NAA_J@Z 1001ccac f i libucrt:output.obj
 0001:0001bcca       ??$extract_argument_from_va_list@I_J@?$standard_base@_WV?$string_output_adapter@_W@__crt_stdio_output@@@__crt_stdio_output@@IAE_NAA_J@Z 1001ccca f i libucrt:output.obj
 0001:0001bce8       ??$extract_argument_from_va_list@PADPAD@?$positional_parameter_base@DV?$stream_output_adapter@D@__crt_stdio_output@@@__crt_stdio_output@@IAE_NAAPAD@Z 1001cce8 f i libucrt:output.obj
 0001:0001bd66       ??$extract_argument_from_va_list@PADPAD@?$positional_parameter_base@DV?$string_output_adapter@D@__crt_stdio_output@@@__crt_stdio_output@@IAE_NAAPAD@Z 1001cd66 f i libucrt:output.obj
 0001:0001bde4       ??$extract_argument_from_va_list@PADPAD@?$positional_parameter_base@_WV?$stream_output_adapter@_W@__crt_stdio_output@@@__crt_stdio_output@@IAE_NAAPAD@Z 1001cde4 f i libucrt:output.obj
 0001:0001be62       ??$extract_argument_from_va_list@PADPAD@?$positional_parameter_base@_WV?$string_output_adapter@_W@__crt_stdio_output@@@__crt_stdio_output@@IAE_NAAPAD@Z 1001ce62 f i libucrt:output.obj
 0001:0001bee0       ??$extract_argument_from_va_list@PADPAD@?$standard_base@DV?$stream_output_adapter@D@__crt_stdio_output@@@__crt_stdio_output@@IAE_NAAPAD@Z 1001cee0 f i libucrt:output.obj
 0001:0001befa       ??$extract_argument_from_va_list@PADPAD@?$standard_base@DV?$string_output_adapter@D@__crt_stdio_output@@@__crt_stdio_output@@IAE_NAAPAD@Z 1001cefa f i libucrt:output.obj
 0001:0001bf14       ??$extract_argument_from_va_list@PADPAD@?$standard_base@_WV?$stream_output_adapter@_W@__crt_stdio_output@@@__crt_stdio_output@@IAE_NAAPAD@Z 1001cf14 f i libucrt:output.obj
 0001:0001bf2e       ??$extract_argument_from_va_list@PADPAD@?$standard_base@_WV?$string_output_adapter@_W@__crt_stdio_output@@@__crt_stdio_output@@IAE_NAAPAD@Z 1001cf2e f i libucrt:output.obj
 0001:0001bf48       ??$extract_argument_from_va_list@PAUansi_string@?1??type_case_Z@?$output_processor@DV?$stream_output_adapter@D@__crt_stdio_output@@V?$format_validation_base@DV?$stream_output_adapter@D@__crt_stdio_output@@@2@@__crt_stdio_output@@AAE_NXZ@PAU1?1??234@AAE_NXZ@@?$standard_base@DV?$stream_output_adapter@D@__crt_stdio_output@@@__crt_stdio_output@@IAE_NAAPAUansi_string@?1??type_case_Z@?$output_processor@DV?$stream_output_adapter@D@__crt_stdio_output@@V?$format_validation_base@DV?$stream_output_adapter@D@__crt_stdio_output@@@2@@1@AAE_NXZ@@Z 1001cf48 f i libucrt:output.obj
 0001:0001bf62       ??$extract_argument_from_va_list@PAUansi_string@?1??type_case_Z@?$output_processor@DV?$stream_output_adapter@D@__crt_stdio_output@@V?$positional_parameter_base@DV?$stream_output_adapter@D@__crt_stdio_output@@@2@@__crt_stdio_output@@AAE_NXZ@PAU1?1??234@AAE_NXZ@@?$positional_parameter_base@DV?$stream_output_adapter@D@__crt_stdio_output@@@__crt_stdio_output@@IAE_NAAPAUansi_string@?1??type_case_Z@?$output_processor@DV?$stream_output_adapter@D@__crt_stdio_output@@V?$positional_parameter_base@DV?$stream_output_adapter@D@__crt_stdio_output@@@2@@1@AAE_NXZ@@Z 1001cf62 f i libucrt:output.obj
 0001:0001bfe0       ??$extract_argument_from_va_list@PAUansi_string@?1??type_case_Z@?$output_processor@DV?$stream_output_adapter@D@__crt_stdio_output@@V?$positional_parameter_base@DV?$stream_output_adapter@D@__crt_stdio_output@@@2@@__crt_stdio_output@@AAE_NXZ@PAU1?1??234@AAE_NXZ@@?$standard_base@DV?$stream_output_adapter@D@__crt_stdio_output@@@__crt_stdio_output@@IAE_NAAPAUansi_string@?1??type_case_Z@?$output_processor@DV?$stream_output_adapter@D@__crt_stdio_output@@V?$positional_parameter_base@DV?$stream_output_adapter@D@__crt_stdio_output@@@2@@1@AAE_NXZ@@Z 1001cfe0 f i libucrt:output.obj
 0001:0001bffa       ??$extract_argument_from_va_list@PAUansi_string@?1??type_case_Z@?$output_processor@DV?$stream_output_adapter@D@__crt_stdio_output@@V?$standard_base@DV?$stream_output_adapter@D@__crt_stdio_output@@@2@@__crt_stdio_output@@AAE_NXZ@PAU1?1??234@AAE_NXZ@@?$standard_base@DV?$stream_output_adapter@D@__crt_stdio_output@@@__crt_stdio_output@@IAE_NAAPAUansi_string@?1??type_case_Z@?$output_processor@DV?$stream_output_adapter@D@__crt_stdio_output@@V?$standard_base@DV?$stream_output_adapter@D@__crt_stdio_output@@@2@@1@AAE_NXZ@@Z 1001cffa f i libucrt:output.obj
 0001:0001c014       ??$extract_argument_from_va_list@PAUansi_string@?1??type_case_Z@?$output_processor@DV?$string_output_adapter@D@__crt_stdio_output@@V?$format_validation_base@DV?$string_output_adapter@D@__crt_stdio_output@@@2@@__crt_stdio_output@@AAE_NXZ@PAU1?1??234@AAE_NXZ@@?$standard_base@DV?$string_output_adapter@D@__crt_stdio_output@@@__crt_stdio_output@@IAE_NAAPAUansi_string@?1??type_case_Z@?$output_processor@DV?$string_output_adapter@D@__crt_stdio_output@@V?$format_validation_base@DV?$string_output_adapter@D@__crt_stdio_output@@@2@@1@AAE_NXZ@@Z 1001d014 f i libucrt:output.obj
 0001:0001c02e       ??$extract_argument_from_va_list@PAUansi_string@?1??type_case_Z@?$output_processor@DV?$string_output_adapter@D@__crt_stdio_output@@V?$positional_parameter_base@DV?$string_output_adapter@D@__crt_stdio_output@@@2@@__crt_stdio_output@@AAE_NXZ@PAU1?1??234@AAE_NXZ@@?$positional_parameter_base@DV?$string_output_adapter@D@__crt_stdio_output@@@__crt_stdio_output@@IAE_NAAPAUansi_string@?1??type_case_Z@?$output_processor@DV?$string_output_adapter@D@__crt_stdio_output@@V?$positional_parameter_base@DV?$string_output_adapter@D@__crt_stdio_output@@@2@@1@AAE_NXZ@@Z 1001d02e f i libucrt:output.obj
 0001:0001c0ac       ??$extract_argument_from_va_list@PAUansi_string@?1??type_case_Z@?$output_processor@DV?$string_output_adapter@D@__crt_stdio_output@@V?$positional_parameter_base@DV?$string_output_adapter@D@__crt_stdio_output@@@2@@__crt_stdio_output@@AAE_NXZ@PAU1?1??234@AAE_NXZ@@?$standard_base@DV?$string_output_adapter@D@__crt_stdio_output@@@__crt_stdio_output@@IAE_NAAPAUansi_string@?1??type_case_Z@?$output_processor@DV?$string_output_adapter@D@__crt_stdio_output@@V?$positional_parameter_base@DV?$string_output_adapter@D@__crt_stdio_output@@@2@@1@AAE_NXZ@@Z 1001d0ac f i libucrt:output.obj
 0001:0001c0c6       ??$extract_argument_from_va_list@PAUansi_string@?1??type_case_Z@?$output_processor@DV?$string_output_adapter@D@__crt_stdio_output@@V?$standard_base@DV?$string_output_adapter@D@__crt_stdio_output@@@2@@__crt_stdio_output@@AAE_NXZ@PAU1?1??234@AAE_NXZ@@?$standard_base@DV?$string_output_adapter@D@__crt_stdio_output@@@__crt_stdio_output@@IAE_NAAPAUansi_string@?1??type_case_Z@?$output_processor@DV?$string_output_adapter@D@__crt_stdio_output@@V?$standard_base@DV?$string_output_adapter@D@__crt_stdio_output@@@2@@1@AAE_NXZ@@Z 1001d0c6 f i libucrt:output.obj
 0001:0001c0e0       ??$extract_argument_from_va_list@PAUansi_string@?1??type_case_Z@?$output_processor@_WV?$stream_output_adapter@_W@__crt_stdio_output@@V?$format_validation_base@_WV?$stream_output_adapter@_W@__crt_stdio_output@@@2@@__crt_stdio_output@@AAE_NXZ@PAU1?1??234@AAE_NXZ@@?$standard_base@_WV?$stream_output_adapter@_W@__crt_stdio_output@@@__crt_stdio_output@@IAE_NAAPAUansi_string@?1??type_case_Z@?$output_processor@_WV?$stream_output_adapter@_W@__crt_stdio_output@@V?$format_validation_base@_WV?$stream_output_adapter@_W@__crt_stdio_output@@@2@@1@AAE_NXZ@@Z 1001d0e0 f i libucrt:output.obj
 0001:0001c0fa       ??$extract_argument_from_va_list@PAUansi_string@?1??type_case_Z@?$output_processor@_WV?$stream_output_adapter@_W@__crt_stdio_output@@V?$positional_parameter_base@_WV?$stream_output_adapter@_W@__crt_stdio_output@@@2@@__crt_stdio_output@@AAE_NXZ@PAU1?1??234@AAE_NXZ@@?$positional_parameter_base@_WV?$stream_output_adapter@_W@__crt_stdio_output@@@__crt_stdio_output@@IAE_NAAPAUansi_string@?1??type_case_Z@?$output_processor@_WV?$stream_output_adapter@_W@__crt_stdio_output@@V?$positional_parameter_base@_WV?$stream_output_adapter@_W@__crt_stdio_output@@@2@@1@AAE_NXZ@@Z 1001d0fa f i libucrt:output.obj
 0001:0001c178       ??$extract_argument_from_va_list@PAUansi_string@?1??type_case_Z@?$output_processor@_WV?$stream_output_adapter@_W@__crt_stdio_output@@V?$positional_parameter_base@_WV?$stream_output_adapter@_W@__crt_stdio_output@@@2@@__crt_stdio_output@@AAE_NXZ@PAU1?1??234@AAE_NXZ@@?$standard_base@_WV?$stream_output_adapter@_W@__crt_stdio_output@@@__crt_stdio_output@@IAE_NAAPAUansi_string@?1??type_case_Z@?$output_processor@_WV?$stream_output_adapter@_W@__crt_stdio_output@@V?$positional_parameter_base@_WV?$stream_output_adapter@_W@__crt_stdio_output@@@2@@1@AAE_NXZ@@Z 1001d178 f i libucrt:output.obj
 0001:0001c192       ??$extract_argument_from_va_list@PAUansi_string@?1??type_case_Z@?$output_processor@_WV?$stream_output_adapter@_W@__crt_stdio_output@@V?$standard_base@_WV?$stream_output_adapter@_W@__crt_stdio_output@@@2@@__crt_stdio_output@@AAE_NXZ@PAU1?1??234@AAE_NXZ@@?$standard_base@_WV?$stream_output_adapter@_W@__crt_stdio_output@@@__crt_stdio_output@@IAE_NAAPAUansi_string@?1??type_case_Z@?$output_processor@_WV?$stream_output_adapter@_W@__crt_stdio_output@@V?$standard_base@_WV?$stream_output_adapter@_W@__crt_stdio_output@@@2@@1@AAE_NXZ@@Z 1001d192 f i libucrt:output.obj
 0001:0001c1ac       ??$extract_argument_from_va_list@PAUansi_string@?1??type_case_Z@?$output_processor@_WV?$string_output_adapter@_W@__crt_stdio_output@@V?$format_validation_base@_WV?$string_output_adapter@_W@__crt_stdio_output@@@2@@__crt_stdio_output@@AAE_NXZ@PAU1?1??234@AAE_NXZ@@?$standard_base@_WV?$string_output_adapter@_W@__crt_stdio_output@@@__crt_stdio_output@@IAE_NAAPAUansi_string@?1??type_case_Z@?$output_processor@_WV?$string_output_adapter@_W@__crt_stdio_output@@V?$format_validation_base@_WV?$string_output_adapter@_W@__crt_stdio_output@@@2@@1@AAE_NXZ@@Z 1001d1ac f i libucrt:output.obj
 0001:0001c1c6       ??$extract_argument_from_va_list@PAUansi_string@?1??type_case_Z@?$output_processor@_WV?$string_output_adapter@_W@__crt_stdio_output@@V?$positional_parameter_base@_WV?$string_output_adapter@_W@__crt_stdio_output@@@2@@__crt_stdio_output@@AAE_NXZ@PAU1?1??234@AAE_NXZ@@?$positional_parameter_base@_WV?$string_output_adapter@_W@__crt_stdio_output@@@__crt_stdio_output@@IAE_NAAPAUansi_string@?1??type_case_Z@?$output_processor@_WV?$string_output_adapter@_W@__crt_stdio_output@@V?$positional_parameter_base@_WV?$string_output_adapter@_W@__crt_stdio_output@@@2@@1@AAE_NXZ@@Z 1001d1c6 f i libucrt:output.obj
[...]
 0002:0000cbc7       $N00001                    1005cbc7     zlibwapi.exp
 0002:0000cbcf       $N00140                    1005cbcf     zlibwapi.exp
 0002:0000cbdf       $N00174                    1005cbdf     zlibwapi.exp
 0002:0000cbe9       $N00039                    1005cbe9     zlibwapi.exp
 0002:0000cbf3       $N00002                    1005cbf3     zlibwapi.exp
 0002:0000cbfc       $N00046                    1005cbfc     zlibwapi.exp
 0002:0000cc0a       $N00003                    1005cc0a     zlibwapi.exp
 0002:0000cc10       $N00142                    1005cc10     zlibwapi.exp
 0002:0000cc1e       $N00175                    1005cc1e     zlibwapi.exp
 0002:0000cc26       $N00004                    1005cc26     zlibwapi.exp
 0002:0000cc2e       $N00047                    1005cc2e     zlibwapi.exp
 0002:0000cc3b       $N00005                    1005cc3b     zlibwapi.exp
 0002:0000cc47       $N00006                    1005cc47     zlibwapi.exp
 0002:0000cc52       $N00173                    1005cc52     zlibwapi.exp
 0002:0000cc67       $N00007                    1005cc67     zlibwapi.exp
 0002:0000cc75       $N00008                    1005cc75     zlibwapi.exp
 0002:0000cc82       $N00009                    1005cc82     zlibwapi.exp
 0002:0000cc90       $N00052                    1005cc90     zlibwapi.exp
 0002:0000cc9f       $N00051                    1005cc9f     zlibwapi.exp
 0002:0000ccac       $N00010                    1005ccac     zlibwapi.exp
 0002:0000ccb9       $N00164                    1005ccb9     zlibwapi.exp
 0002:0000ccca       $N00011                    1005ccca     zlibwapi.exp
 0002:0000ccdf       $N00144                    1005ccdf     zlibwapi.exp
 0002:0000ccf0       $N00145                    1005ccf0     zlibwapi.exp
 0002:0000ccfc       $N00110                    1005ccfc     zlibwapi.exp
 0002:0000cd10       $N00111                    1005cd10     zlibwapi.exp
 0002:0000cd26       $N00112                    1005cd26     zlibwapi.exp
 0002:0000cd3d       $N00113                    1005cd3d     zlibwapi.exp
 0002:0000cd54       $N00038                    1005cd54     zlibwapi.exp
 0002:0000cd62       $N00146                    1005cd62     zlibwapi.exp
 0002:0000cd6b       $N00048                    1005cd6b     zlibwapi.exp
 0002:0000cd76       $N00012                    1005cd76     zlibwapi.exp
 0002:0000cd7e       $N00147                    1005cd7e     zlibwapi.exp
 0002:0000cd88       $N00148                    1005cd88     zlibwapi.exp
 0002:0000cd92       $N00149                    1005cd92     zlibwapi.exp
 0002:0000cd9b       $N00013                    1005cd9b     zlibwapi.exp
 0002:0000cda3       $N00034                    1005cda3     zlibwapi.exp
 0002:0000cda9       $N00014                    1005cda9     zlibwapi.exp
 0002:0000cdb1       $N00015                    1005cdb1     zlibwapi.exp
 0002:0000cdb9       $N00171                    1005cdb9     zlibwapi.exp
 0002:0000cdc1       $N00172                    1005cdc1     zlibwapi.exp
 0002:0000cdca       $N00030                    1005cdca     zlibwapi.exp
 0002:0000cdd1       $N00161                    1005cdd1     zlibwapi.exp
 0002:0000cdd9       $N00041                    1005cdd9     zlibwapi.exp
 0002:0000cde0       $N00150                    1005cde0     zlibwapi.exp
 0002:0000cde9       $N00016                    1005cde9     zlibwapi.exp
 0002:0000cdf0       $N00165                    1005cdf0     zlibwapi.exp
 0002:0000cdf9       $N00028                    1005cdf9     zlibwapi.exp
 0002:0000ce02       $N00029                    1005ce02     zlibwapi.exp
 0002:0000ce09       $N00040                    1005ce09     zlibwapi.exp
 0002:0000ce10       $N00017                    1005ce10     zlibwapi.exp
 0002:0000ce17       $N00032                    1005ce17     zlibwapi.exp
 0002:0000ce20       $N00031                    1005ce20     zlibwapi.exp
 0002:0000ce27       $N00035                    1005ce27     zlibwapi.exp
 0002:0000ce33       $N00033                    1005ce33     zlibwapi.exp
 0002:0000ce3a       $N00049                    1005ce3a     zlibwapi.exp
 0002:0000ce43       $N00167                    1005ce43     zlibwapi.exp
 0002:0000ce4d       $N00018                    1005ce4d     zlibwapi.exp
 0002:0000ce55       $N00019                    1005ce55     zlibwapi.exp
 0002:0000ce5d       $N00044                    1005ce5d     zlibwapi.exp
 0002:0000ce69       $N00045                    1005ce69     zlibwapi.exp
 0002:0000ce78       $N00043                    1005ce78     zlibwapi.exp
 0002:0000ce89       $N00168                    1005ce89     zlibwapi.exp
 0002:0000ce9a       $N00042                    1005ce9a     zlibwapi.exp
 0002:0000cea6       $N00020                    1005cea6     zlibwapi.exp
 0002:0000ceb1       $N00166                    1005ceb1     zlibwapi.exp
 0002:0000cec6       $N00156                    1005cec6     zlibwapi.exp
 0002:0000ced7       $N00021                    1005ced7     zlibwapi.exp
 0002:0000cee5       $N00022                    1005cee5     zlibwapi.exp
 0002:0000cef2       $N00157                    1005cef2     zlibwapi.exp
 0002:0000cefe       $N00158                    1005cefe     zlibwapi.exp
 0002:0000cf0b       $N00159                    1005cf0b     zlibwapi.exp
 0002:0000cf19       $N00023                    1005cf19     zlibwapi.exp
 0002:0000cf26       $N00163                    1005cf26     zlibwapi.exp
 0002:0000cf37       $N00024                    1005cf37     zlibwapi.exp
 0002:0000cf4c       $N00025                    1005cf4c     zlibwapi.exp
 0002:0000cf58       $N00037                    1005cf58     zlibwapi.exp
 0002:0000cf69       $N00160                    1005cf69     zlibwapi.exp
 0002:0000cf7a       $N00169                    1005cf7a     zlibwapi.exp
 0002:0000cf8a       $N00170                    1005cf8a     zlibwapi.exp
 0002:0000cf96       $N00026                    1005cf96     zlibwapi.exp
 0002:0000cfa1       $N00062                    1005cfa1     zlibwapi.exp
 0002:0000cfaa       $N00072                    1005cfaa     zlibwapi.exp
 0002:0000cfbe       $N00124                    1005cfbe     zlibwapi.exp
 0002:0000cfd6       $N00064                    1005cfd6     zlibwapi.exp
 0002:0000cfec       $N00125                    1005cfec     zlibwapi.exp
 0002:0000d00a       $N00127                    1005d00a     zlibwapi.exp
 0002:0000d01a       $N00100                    1005d01a     zlibwapi.exp
 0002:0000d028       $N00073                    1005d028     zlibwapi.exp
 0002:0000d03c       $N00122                    1005d03c     zlibwapi.exp
 0002:0000d04f       $N00063                    1005d04f     zlibwapi.exp
 0002:0000d060       $N00076                    1005d060     zlibwapi.exp
 0002:0000d076       $N00128                    1005d076     zlibwapi.exp
 0002:0000d087       $N00101                    1005d087     zlibwapi.exp
 0002:0000d096       $N00065                    1005d096     zlibwapi.exp
 0002:0000d0a7       $N00066                    1005d0a7     zlibwapi.exp
 0002:0000d0b7       $N00075                    1005d0b7     zlibwapi.exp
 0002:0000d0c5       $N00077                    1005d0c5     zlibwapi.exp
 0002:0000d0ce       $N00121                    1005d0ce     zlibwapi.exp
 0002:0000d0da       $N00120                    1005d0da     zlibwapi.exp
 0002:0000d0e4       $N00061                    1005d0e4     zlibwapi.exp
 0002:0000d0ec       $N00078                    1005d0ec     zlibwapi.exp
 0002:0000d100       $N00069                    1005d100     zlibwapi.exp
 0002:0000d114       $N00067                    1005d114     zlibwapi.exp
 0002:0000d127       $N00079                    1005d127     zlibwapi.exp
 0002:0000d142       $N00068                    1005d142     zlibwapi.exp
 0002:0000d155       $N00074                    1005d155     zlibwapi.exp
 0002:0000d16e       $N00071                    1005d16e     zlibwapi.exp
 0002:0000d175       $N00126                    1005d175     zlibwapi.exp
 0002:0000d17f       $N00070                    1005d17f     zlibwapi.exp
 0002:0000d187       $N00036                    1005d187     zlibwapi.exp
 0002:0000d18e       $N00084                    1005d18e     zlibwapi.exp
 0002:0000d197       $N00083                    1005d197     zlibwapi.exp
 0002:0000d1a9       $N00136                    1005d1a9     zlibwapi.exp
 0002:0000d1c0       $N00087                    1005d1c0     zlibwapi.exp
 0002:0000d1d5       $N00088                    1005d1d5     zlibwapi.exp
 0002:0000d1de       $N00131                    1005d1de     zlibwapi.exp
 0002:0000d1ea       $N00130                    1005d1ea     zlibwapi.exp
 0002:0000d1f4       $N00080                    1005d1f4     zlibwapi.exp
 0002:0000d1fc       $N00086                    1005d1fc     zlibwapi.exp
 0002:0000d211       $N00133                    1005d211     zlibwapi.exp
 0002:0000d229       $N00089                    1005d229     zlibwapi.exp
 0002:0000d23e       $N00134                    1005d23e     zlibwapi.exp
 0002:0000d256       $N00135                    1005d256     zlibwapi.exp
 0002:0000d26e       $N00132                    1005d26e     zlibwapi.exp
 0002:0000d284       $N00081                    1005d284     zlibwapi.exp
 0002:0000d298       $N00082                    1005d298     zlibwapi.exp
 0002:0000d2ac       $N00050                    1005d2ac     zlibwapi.exp
 0002:0000d2bd       $N00027                    1005d2bd     zlibwapi.exp
 0002:0000d4dc       .idata$6                   1005d4dc     kernel32:KERNEL32.dll
 0002:0000db24       .idata$6                   1005db24     advapi32:ADVAPI32.dll
 0003:00000020       ?_Tlg_Microsoft_CRTProviderProv@@3U_TlgProvider_t@__vcrt_trace_logging_provider@@A 1005e020     libvcruntime:telemetry.obj
 0003:00000060       ?__vcrt_flsindex@@3KA      1005e060     libvcruntime:per_thread_data.obj
 0003:00000180       _errno_no_memory           1005e180     libucrt:errno.obj
 0003:00000184       _doserrno_no_memory        1005e184     libucrt:errno.obj
 0003:00000188       ?global_msvcrt_heap_handle_cache@?1??__acrt_get_msvcrt_heap_handle@@9@4PAXA 1005e188     libucrt:free_base.obj
 0003:000001c0       ___acrt_flsindex           1005e1c0     libucrt:per_thread_data.obj
 0003:000001c4       __ctype_loc_style          1005e1c4     libucrt:wsetlocale.obj
 0003:00000348       ___rgctypeflag             1005e348     libucrt:mbctype.obj
 0003:00000350       ___rgcode_page_info        1005e350     libucrt:mbctype.obj
 0003:000008d0       ?__DAZ_ENABLED@?1??__set_fpsr_sse2@@9@9 1005e8d0     libucrt:fpctrl.obj
 0003:000009a8       ?__proc_attached@@3HA      1005e9a8     LIBCMT:dll_dllmain.obj
 0003:000009b4       ?module_local_atexit_table@@3U_onexit_table_t@@A 1005e9b4     LIBCMT:utility.obj
 0003:000009c0       ?module_local_at_quick_exit_table@@3U_onexit_table_t@@A 1005e9c0     LIBCMT:utility.obj
 0003:000009cc       ?is_initialized_as_dll@@3_NA 1005e9cc     LIBCMT:utility.obj
 0003:000009f8       _GS_ExceptionRecord        1005e9f8     LIBCMT:gs_report.obj
 0003:00000a48       _GS_ContextRecord          1005ea48     LIBCMT:gs_report.obj
 0003:00000d14       ?module_handles@@3PAPAUHINSTANCE__@@A 1005ed14     libvcruntime:winapi_downlevel.obj
 0003:00000d24       ?encoded_function_pointers@@3PAPAXA 1005ed24     libvcruntime:winapi_downlevel.obj
 0003:00000d48       ?__vcrt_startup_thread_ptd@@3U__vcrt_ptd@@A 1005ed48     libvcruntime:per_thread_data.obj
 0003:00000d70       ___vcrt_lock_table         1005ed70     libvcruntime:locks.obj
 0003:00000d88       ___vcrt_locks_initialized  1005ed88     libvcruntime:locks.obj
 0003:00000db8       ?heap@@3V_HeapManager@@A   1005edb8     libvcruntime:undname.obj
 0003:00000e00       _c_termination_complete    1005ee00     libucrt:exit.obj
 0003:00000e04       _thread_local_exit_callback_func 1005ee04     libucrt:exit.obj
 0003:00000e08       ?c_exit_complete@?5??common_exit@@YAXHW4_crt_exit_cleanup_mode@@W4_crt_exit_return_mode@@@Z@4_NA 1005ee08     libucrt:exit.obj
 0003:00000e10       ?program_name@?5???$common_configure_argv@D@@YAHW4_crt_argv_mode@@@Z@4PADA 1005ee10     libucrt:argv_parsing.obj
 0003:00000f18       ?program_name@?5???$common_configure_argv@_W@@YAHW4_crt_argv_mode@@@Z@4PA_WA 1005ef18     libucrt:argv_parsing.obj
 0003:0000114c       ___acrt_invalid_parameter_handler 1005f14c     libucrt:invalid_parameter.obj
 0003:0000136c       _enable_percent_n          1005f36c     libucrt:printf_count_output.obj
 0003:00001378       _module_handles            1005f378     libucrt:winapi_thunks.obj
 0003:000013c8       _encoded_function_pointers 1005f3c8     libucrt:winapi_thunks.obj
 0003:00001448       ?static_enum_proc@?1??enum_system_locales_ex_nolock@@YAHQ6GHPA_WKJ@Z@Z@4P6GH0KJ@ZA 1005f448     libucrt:winapi_thunks.obj
 0003:0000144c       ?state_cache@?1??__acrt_is_packaged_app@@9@4JA 1005f44c     libucrt:winapi_thunks.obj
 0003:00001450       ___acrt_lock_table         1005f450     libucrt:locks.obj
 0003:00001588       ___acrt_locks_initialized  1005f588     libucrt:locks.obj
 0003:000015a4       _fSystemSet                1005f5a4     libucrt:mbctype.obj
 0003:000015a8       ?initialized@?1??__acrt_initialize_multibyte@@9@4_NA 1005f5a8     libucrt:mbctype.obj
 0003:000015cc       ___acrt_new_handler        1005f5cc     libucrt:new_handler.obj
 0003:000015d0       _console_ctrl_handler_installed 1005f5d0     libucrt:signal.obj
 0003:000015d4       _ctrlc_action              1005f5d4     libucrt:signal.obj
 0003:000015d8       _ctrlbreak_action          1005f5d8     libucrt:signal.obj
 0003:000015dc       _abort_action              1005f5dc     libucrt:signal.obj
 0003:000015e0       _term_action               1005f5e0     libucrt:signal.obj
 0003:000015e4       _user_matherr              1005f5e4     libucrt:matherr.obj
 0003:000015e8       ___acrt_global_new_mode    1005f5e8     libucrt:new_mode.obj
 0003:000015ec       ___acrt_app_type           1005f5ec     libucrt:report_runtime_error.obj
 0003:000015f0       ?outmsg@?9??__acrt_report_runtime_error@@9@4PA_WA 1005f5f0     libucrt:report_runtime_error.obj
 0003:00001c28       ___acrt_error_mode         1005fc28     libucrt:set_error_mode.obj
 0003:00001c30       __pmatherr_set             1005fc30     libucrt:libm_error.obj
 0003:00001c34       ?calls@?1??crypthead@@9@9  1005fc34     zip.obj
 0004:00000000       __guard_fids____dcrt_uninitialize_environments_nolock 10060000     libucrt:environment_initialization.obj
 0004:00000008       __guard_fids__             10060008     libucrt:initialization.obj
 0004:00000068       __guard_fids__set_terminate 10060068     libucrt:terminate.obj
 0004:0000006c       __guard_fids___get_terminate 1006006c     libucrt:terminate.obj
 0004:00000070       __guard_fids_?get_terminate_or_default@@YAP6AXXZQBU__acrt_ptd@@@Z 10060070     libucrt:terminate.obj
 0004:00000074       __guard_fids____acrt_initialize_ptd 10060074     libucrt:per_thread_data.obj
 0004:00000078       __guard_fids__             10060078     libucrt:wsetlocale.obj
 0004:00000090       __guard_fids_?enum_system_locales_ex_nolock@@YAHQ6GHPA_WKJ@Z@Z 10060090     libucrt:winapi_thunks.obj
 0004:00000094       __guard_fids_??B<lambda_5a01b672d24c8480ee9d6bdb50dd3881>@@QBEP6GHPA_W@ZXZ 10060094     libucrt:winapi_thunks.obj
 0004:00000098       __guard_fids_??R<lambda_a463b7b0560cfcaf9b17f27c6ef46564>@@QBEHXZ 10060098     libucrt:winapi_thunks.obj
 0004:0000009c       __guard_fids_??$?RV<lambda_9227be29367c048ad7fd93a717dcb1a1>@@AAV<lambda_a463b7b0560cfcaf9b17f27c6ef46564>@@V<lambda_ccea11b5727ccf69be64f5f5d9a08d9f>@@@?$__crt_seh_guarded_call@H@@QAEH$$QAV<lambda_9227be29367c048ad7fd93a717dcb1a1>@@AAV<lambda_a463b7b0560cfcaf9b17f27c6ef46564>@@$$QAV<lambda_ccea11b5727ccf69be64f5f5d9a08d9f>@@@Z 1006009c     libucrt:winapi_thunks.obj
 0004:000000a0       __guard_fids_??$expand_argument_wildcards@D@@YAHQAD0AAV?$argument_list@D@?A0xb0e4b824@@@Z 100600a0     libucrt:argv_wildcards.obj
 0004:000000a4       __guard_fids_??$expand_argument_wildcards@_W@@YAHQA_W0AAV?$argument_list@_W@?A0xb0e4b824@@@Z 100600a4     libucrt:argv_wildcards.obj
 0004:000000a8       __guard_fids_??B<lambda_62bb7ecb46d0a77b591a051c43eb5ad1>@@QBEP6AHPBX0@ZXZ 100600a8     libucrt:argv_wildcards.obj
 0004:000000ac       __guard_fids_??B<lambda_a75c72a202f46efc7a9b191949c2fc0f>@@QBEP6AHPBX0@ZXZ 100600ac     libucrt:argv_wildcards.obj
 0004:000000b0       __guard_fids__signal       100600b0     libucrt:signal.obj
 0004:000000b4       __guard_fids__             100600b4     libucrt:locale_initializer.obj
 0004:000000b8       __guard_fids__GetLocaleNameFromLangCountry 100600b8     libucrt:get_qualified_locale.obj
 0004:000000bc       __guard_fids__GetLocaleNameFromLanguage 100600bc     libucrt:get_qualified_locale.obj
 0004:000000c0       __guard_fids__GetLcidFromLangCountry 100600c0     libucrt:getqloc_downlevel.obj
 0004:000000c4       __guard_fids__GetLcidFromLanguage 100600c4     libucrt:getqloc_downlevel.obj
 0004:000000c8       __guard_fids__GetLcidFromCountry 100600c8     libucrt:getqloc_downlevel.obj
 0004:000000cc       __guard_fids__             100600cc     libucrt:stdio_initializer.obj
 0004:000000d0       __guard_fids__             100600d0     libucrt:stdio_initializer.obj
 0004:000000d4       __guard_fids__             100600d4     libucrt:multibyte_initializer.obj
 0004:000000d8       __guard_fids_??$common_show_message_box@D@@YAHQBD0I@Z 100600d8     libucrt:crtmbox.obj
 0004:000000dc       __guard_fids_??$common_show_message_box@_W@@YAHQB_W0I@Z 100600dc     libucrt:crtmbox.obj
 0004:000000e0       __guard_fids__             100600e0     libucrt:console_output_initializer.obj
 0004:000000e4       __guard_fids____libm_error_support 100600e4     libucrt:libm_error.obj
 0004:000000e8       __guard_fids__             100600e8     libucrt:sse2_initializer.obj
 0004:000000ec       __guard_fids_?dllmain_crt_process_attach@@YAHQAUHINSTANCE__@@QAX@Z 100600ec     LIBCMT:dll_dllmain.obj
 0004:000000f4       __guard_fids_?dllmain_dispatch@@YAHQAUHINSTANCE__@@KQAX@Z 100600f4     LIBCMT:dll_dllmain.obj
 0004:000000f8       __guard_fids____scrt_set_unhandled_exception_filter 100600f8     LIBCMT:utility_desktop.obj
 0004:000000fc       __guard_fids__             100600fc     LIBCMT:guard_support.obj
 0004:00000100       __guard_fids___guard_icall_checks_enforced 10060100     LIBCMT:guard_support.obj
 0004:00000104       __guard_fids__             10060104     libvcruntime:telemetry.obj
 0004:00000108       __guard_fids_?TraceLoggingRegister@__vcrt_trace_logging_provider@@YAJPBU_TlgProvider_t@1@PBU_GUID@@P6GX1KE_K2PAU_EVENT_FILTER_DESCRIPTOR@@PAX@Z4@Z 10060108     libvcruntime:telemetry.obj
 0004:0000010c       __guard_fids____std_type_info_name 1006010c     libvcruntime:std_type_info.obj
 0004:00000114       __guard_fids_??B<lambda_e0128dce7362637f77e3b418282c6919>@@QBEP6APAXI@ZXZ 10060114     libvcruntime:std_type_info.obj
 0004:00000118       __guard_fids_??B<lambda_c4560dd375471d1680776ed19953e709>@@QBEP6AXQAX@ZXZ 10060118     libvcruntime:std_type_info.obj
 0004:0000011c       __guard_fids____vcrt_initialize_ptd 1006011c     libvcruntime:per_thread_data.obj
 0004:00000120       __guard_fids__             10060120     libvcruntime:undname.obj
 0004:0000012c       __guard_fids__             1006012c     libvcruntime:undname.obj
 0004:00000138       __guard_fids__             10060138     libvcruntime:undname.obj
 0004:00000144       __guard_fids__             10060144     libvcruntime:undname.obj
 0004:00000150       __guard_fids__             10060150     libvcruntime:undname.obj
 0004:0000015c       __guard_fids__             1006015c     libvcruntime:undname.obj
 0004:00000168       __guard_fids__             10060168     LIBCMT:std_type_info_static.obj
 0005:00000060       $R000000                   10061060     zlib.res
