 zlibwapi

 Timestamp is 586f21f7 (Thu Jan  5 20:49:59 2017)

 Preferred load address is 0000000180000000

 Start         Length     Name                   Class
 0001:00000000 00012000H .text$mn                CODE
 0001:00012000 00000012H .text$mn$00             CODE
 0001:00012012 00000081H .text$x                 CODE
 0002:00000000 00000248H .idata$5                DATA
 0002:00000248 00000010H .00cfg                  DATA
 0002:00000258 00000008H .CRT$XCA                DATA
 0002:00000260 00000008H .CRT$XCZ                DATA
 0002:00000268 00000008H .CRT$XIA                DATA
 0002:00000270 00000008H .CRT$XIZ                DATA
 0002:00000278 00000008H .CRT$XPA                DATA
 0002:00000280 00000008H .CRT$XPZ                DATA
 0002:00000288 00000008H .CRT$XTA                DATA
 0002:00000290 00000010H .CRT$XTZ                DATA
 0002:000002a0 00004394H .rdata                  DATA
 0002:00004634 000002dcH .rdata$zzzdbg           DATA
 0002:00004910 00000008H .rtc$IAA                DATA
 0002:00004918 00000008H .rtc$IZZ                DATA
 0002:00004920 00000008H .rtc$TAA                DATA
 0002:00004928 00000008H .rtc$TZZ                DATA
 0002:00004930 00001900H .xdata                  DATA
 0002:00006230 00000cfcH .edata                  DATA
 0002:00006f2c 000000a0H .idata$2                DATA
 0002:00006fcc 00000014H .idata$3                DATA
 0002:00006fe0 00000248H .idata$4                DATA
 0002:00007228 00000532H .idata$6                DATA
 0003:00000000 00000040H .data                   DATA
 0003:00000040 00000098H .bss                    DATA
 0004:00000000 00001200H .pdata                  DATA
 0005:00000000 00000018H .gfids$y                DATA
 0006:00000000 00000060H .rsrc$01                DATA
 0006:00000060 00000338H .rsrc$02                DATA

  Address         Publics by Value              Rva+Base               Lib:Object

 0000:00000000       __guard_fids_count         0000000000000000     <absolute>
 0000:00000000       __guard_longjmp_table      0000000000000000     <absolute>
 0000:00000000       __guard_longjmp_count      0000000000000000     <absolute>
 0000:00000000       ___safe_se_handler_table   0000000000000000     <absolute>
 0000:00000000       __guard_fids_table         0000000000000000     <absolute>
 0000:00000000       ___safe_se_handler_count   0000000000000000     <absolute>
 0000:00000000       __guard_iat_count          0000000000000000     <absolute>
 0000:00000000       __guard_iat_table          0000000000000000     <absolute>
 0000:00000000       __dynamic_value_reloc_table 0000000000000000     <absolute>
 0000:00000100       __guard_flags              0000000000000100     <absolute>
 0000:00000000       __ImageBase                0000000180000000     <linker-defined>
 0001:00000000       adler32_z                  0000000180001000 f   adler32.obj
 0001:000002e0       adler32                    00000001800012e0 f   adler32.obj
 0001:000003c0       adler32_combine            00000001800013c0 f   adler32.obj
 0001:000003d0       compress2                  00000001800013d0 f   compress.obj
 0001:000004d0       compress                   00000001800014d0 f   compress.obj
 0001:000004f0       compressBound              00000001800014f0 f   compress.obj
 0001:00000510       get_crc_table              0000000180001510 f   crc32.obj
 0001:00000520       crc32_z                    0000000180001520 f   crc32.obj
 0001:00000530       crc32                      0000000180001530 f   crc32.obj
 0001:00000d10       crc32_combine              0000000180001d10 f   crc32.obj
 0001:00000d80       deflateInit_               0000000180001d80 f   deflate.obj
 0001:00000dc0       deflateInit2_              0000000180001dc0 f   deflate.obj
 0001:000010b0       deflateSetDictionary       00000001800020b0 f   deflate.obj
 0001:000012d0       deflateGetDictionary       00000001800022d0 f   deflate.obj
 0001:00001350       deflateResetKeep           0000000180002350 f   deflate.obj
 0001:00001400       deflateReset               0000000180002400 f   deflate.obj
 0001:00001430       deflateSetHeader           0000000180002430 f   deflate.obj
 0001:00001470       deflatePending             0000000180002470 f   deflate.obj
 0001:000014c0       deflatePrime               00000001800024c0 f   deflate.obj
 0001:00001570       deflateParams              0000000180002570 f   deflate.obj
 0001:000016e0       deflateTune                00000001800026e0 f   deflate.obj
 0001:00001730       deflateBound               0000000180002730 f   deflate.obj
 0001:000018f0       deflate                    00000001800028f0 f   deflate.obj
 0001:00002250       deflateEnd                 0000000180003250 f   deflate.obj
 0001:000022f0       deflateCopy                00000001800032f0 f   deflate.obj
 0001:00003b00       gzclose                    0000000180004b00 f   gzclose.obj
 0001:00003b20       __local_stdio_printf_options 0000000180004b20 f i gzlib.obj
 0001:00003b30       vsnprintf                  0000000180004b30 f i gzlib.obj
 0001:00003ba0       snprintf                   0000000180004ba0 f i gzlib.obj
 0001:00003f70       gzopen                     0000000180004f70 f   gzlib.obj
 0001:00003f80       gzdopen                    0000000180004f80 f   gzlib.obj
 0001:00004010       gzopen_w                   0000000180005010 f   gzlib.obj
 0001:00004020       gzbuffer                   0000000180005020 f   gzlib.obj
 0001:00004060       gzrewind                   0000000180005060 f   gzlib.obj
 0001:000040c0       gzseek64                   00000001800050c0 f   gzlib.obj
 0001:00004210       gzseek                     0000000180005210 f   gzlib.obj
 0001:00004230       gztell64                   0000000180005230 f   gzlib.obj
 0001:00004270       gztell                     0000000180005270 f   gzlib.obj
 0001:00004290       gzoffset64                 0000000180005290 f   gzlib.obj
 0001:000042f0       gzoffset                   00000001800052f0 f   gzlib.obj
 0001:00004310       gzeof                      0000000180005310 f   gzlib.obj
 0001:00004340       gzerror                    0000000180005340 f   gzlib.obj
 0001:00004390       gzclearerr                 0000000180005390 f   gzlib.obj
 0001:000043c0       gz_error                   00000001800053c0 f   gzlib.obj
 0001:00004b80       gzread                     0000000180005b80 f   gzread.obj
 0001:00004bf0       gzfread                    0000000180005bf0 f   gzread.obj
 0001:00004c70       gzgetc                     0000000180005c70 f   gzread.obj
 0001:00004ce0       gzgetc_                    0000000180005ce0 f   gzread.obj
 0001:00004cf0       gzungetc                   0000000180005cf0 f   gzread.obj
 0001:00004e00       gzgets                     0000000180005e00 f   gzread.obj
 0001:00004f40       gzdirect                   0000000180005f40 f   gzread.obj
 0001:00004f80       gzclose_r                  0000000180005f80 f   gzread.obj
 0001:00005540       gzwrite                    0000000180006540 f   gzwrite.obj
 0001:00005590       gzfwrite                   0000000180006590 f   gzwrite.obj
 0001:00005610       gzputc                     0000000180006610 f   gzwrite.obj
 0001:000056d0       gzputs                     00000001800066d0 f   gzwrite.obj
 0001:00005730       gzvprintf                  0000000180006730 f   gzwrite.obj
 0001:00005870       gzprintf                   0000000180006870 f   gzwrite.obj
 0001:000058a0       gzflush                    00000001800068a0 f   gzwrite.obj
 0001:00005910       gzsetparams                0000000180006910 f   gzwrite.obj
 0001:000059e0       gzclose_w                  00000001800069e0 f   gzwrite.obj
 0001:00005ab0       inflateBackInit_           0000000180006ab0 f   infback.obj
 0001:00005bf0       inflateBack                0000000180006bf0 f   infback.obj
 0001:00006b50       inflateBackEnd             0000000180007b50 f   infback.obj
 0001:00006ba0       inflate_fast               0000000180007ba0 f   inffas8664.obj
 0001:00006d90       inflateResetKeep           0000000180007d90 f   inflate.obj
 0001:00006e20       inflateReset               0000000180007e20 f   inflate.obj
 0001:00006e50       inflateReset2              0000000180007e50 f   inflate.obj
 0001:00006f00       inflateInit2_              0000000180007f00 f   inflate.obj
 0001:00006ff0       inflateInit_               0000000180007ff0 f   inflate.obj
 0001:00007000       inflatePrime               0000000180008000 f   inflate.obj
 0001:000071a0       inflate                    00000001800081a0 f   inflate.obj
 0001:00008950       inflateEnd                 0000000180009950 f   inflate.obj
 0001:000089a0       inflateGetDictionary       00000001800099a0 f   inflate.obj
 0001:00008a30       inflateSetDictionary       0000000180009a30 f   inflate.obj
 0001:00008b00       inflateGetHeader           0000000180009b00 f   inflate.obj
 0001:00008bb0       inflateSync                0000000180009bb0 f   inflate.obj
 0001:00008cd0       inflateSyncPoint           0000000180009cd0 f   inflate.obj
 0001:00008d10       inflateCopy                0000000180009d10 f   inflate.obj
 0001:00008f40       inflateUndermine           0000000180009f40 f   inflate.obj
 0001:00008f70       inflateValidate            0000000180009f70 f   inflate.obj
 0001:00008fb0       inflateMark                0000000180009fb0 f   inflate.obj
 0001:00009020       inflateCodesUsed           000000018000a020 f   inflate.obj
 0001:00009060       inflate_table              000000018000a060 f   inftrees.obj
 0001:00009500       call_zopen64               000000018000a500 f   ioapi.obj
 0001:00009520       call_zseek64               000000018000a520 f   ioapi.obj
 0001:00009550       call_ztell64               000000018000a550 f   ioapi.obj
 0001:00009590       fill_zlib_filefunc64_32_def_from_filefunc32 000000018000a590 f   ioapi.obj
 0001:000097c0       fill_fopen64_filefunc      000000018000a7c0 f   ioapi.obj
 0001:000098f0       win32_open64_file_func     000000018000a8f0 f   iowin32.obj
 0001:00009970       win32_open64_file_funcA    000000018000a970 f   iowin32.obj
 0001:000099f0       win32_open64_file_funcW    000000018000a9f0 f   iowin32.obj
 0001:00009a70       win32_open_file_func       000000018000aa70 f   iowin32.obj
 0001:00009af0       win32_read_file_func       000000018000aaf0 f   iowin32.obj
 0001:00009b60       win32_write_file_func      000000018000ab60 f   iowin32.obj
 0001:00009c40       win32_tell_file_func       000000018000ac40 f   iowin32.obj
 0001:00009ca0       win32_tell64_file_func     000000018000aca0 f   iowin32.obj
 0001:00009d00       win32_seek_file_func       000000018000ad00 f   iowin32.obj
 0001:00009d80       win32_seek64_file_func     000000018000ad80 f   iowin32.obj
 0001:00009e00       win32_close_file_func      000000018000ae00 f   iowin32.obj
 0001:00009e40       win32_error_file_func      000000018000ae40 f   iowin32.obj
 0001:00009e50       fill_win32_filefunc        000000018000ae50 f   iowin32.obj
 0001:00009eb0       fill_win32_filefunc64      000000018000aeb0 f   iowin32.obj
 0001:00009f10       fill_win32_filefunc64A     000000018000af10 f   iowin32.obj
 0001:00009f70       fill_win32_filefunc64W     000000018000af70 f   iowin32.obj
 0001:00009fe0       _tr_init                   000000018000afe0 f   trees.obj
 0001:0000b0b0       _tr_stored_block           000000018000c0b0 f   trees.obj
 0001:0000b1b0       _tr_flush_bits             000000018000c1b0 f   trees.obj
 0001:0000b1c0       _tr_align                  000000018000c1c0 f   trees.obj
 0001:0000b2e0       _tr_flush_block            000000018000c2e0 f   trees.obj
 0001:0000bae0       uncompress2                000000018000cae0 f   uncompr.obj
 0001:0000bc40       uncompress                 000000018000cc40 f   uncompr.obj
 0001:0000c000       unzStringFileNameCompare   000000018000d000 f   unzip.obj
 0001:0000c830       unzOpen2                   000000018000d830 f   unzip.obj
 0001:0000c880       unzOpen2_64                000000018000d880 f   unzip.obj
 0001:0000c8e0       unzOpen                    000000018000d8e0 f   unzip.obj
 0001:0000c8f0       unzOpen64                  000000018000d8f0 f   unzip.obj
 0001:0000c900       unzClose                   000000018000d900 f   unzip.obj
 0001:0000c950       unzGetGlobalInfo64         000000018000d950 f   unzip.obj
 0001:0000c970       unzGetGlobalInfo           000000018000d970 f   unzip.obj
 0001:0000cf40       unzGetCurrentFileInfo64    000000018000df40 f   unzip.obj
 0001:0000cf90       unzGetCurrentFileInfo      000000018000df90 f   unzip.obj
 0001:0000d090       unzGoToFirstFile           000000018000e090 f   unzip.obj
 0001:0000d110       unzGoToNextFile            000000018000e110 f   unzip.obj
 0001:0000d1d0       unzLocateFile              000000018000e1d0 f   unzip.obj
 0001:0000d3b0       unzGetFilePos64            000000018000e3b0 f   unzip.obj
 0001:0000d3f0       unzGetFilePos              000000018000e3f0 f   unzip.obj
 0001:0000d420       unzGoToFilePos64           000000018000e420 f   unzip.obj
 0001:0000d4a0       unzGoToFilePos             000000018000e4a0 f   unzip.obj
 0001:0000d700       unzOpenCurrentFile3        000000018000e700 f   unzip.obj
 0001:0000d980       unzOpenCurrentFile         000000018000e980 f   unzip.obj
 0001:0000d9a0       unzOpenCurrentFilePassword 000000018000e9a0 f   unzip.obj
 0001:0000d9c0       unzOpenCurrentFile2        000000018000e9c0 f   unzip.obj
 0001:0000d9e0       unzGetCurrentFileZStreamPos64 000000018000e9e0 f   unzip.obj
 0001:0000da00       unzReadCurrentFile         000000018000ea00 f   unzip.obj
 0001:0000dcc0       unztell                    000000018000ecc0 f   unzip.obj
 0001:0000dce0       unztell64                  000000018000ece0 f   unzip.obj
 0001:0000dd00       unzeof                     000000018000ed00 f   unzip.obj
 0001:0000dd30       unzGetLocalExtrafield      000000018000ed30 f   unzip.obj
 0001:0000de20       unzCloseCurrentFile        000000018000ee20 f   unzip.obj
 0001:0000dee0       unzGetGlobalComment        000000018000eee0 f   unzip.obj
 0001:0000eb30       LoadCentralDirectoryRecord 000000018000fb30 f   zip.obj
 0001:0000eed0       zipOpen3                   000000018000fed0 f   zip.obj
 0001:0000f100       zipOpen2                   0000000180010100 f   zip.obj
 0001:0000f150       zipOpen2_64                0000000180010150 f   zip.obj
 0001:0000f1b0       zipOpen                    00000001800101b0 f   zip.obj
 0001:0000f1c0       zipOpen64                  00000001800101c0 f   zip.obj
 0001:0000f1d0       Write_LocalFileHeader      00000001800101d0 f   zip.obj
 0001:0000f430       zipOpenNewFileInZip4_64    0000000180010430 f   zip.obj
 0001:0000f9b0       zipOpenNewFileInZip3       00000001800109b0 f   zip.obj
 0001:0000fa60       zipOpenNewFileInZip3_64    0000000180010a60 f   zip.obj
 0001:0000fb20       zipOpenNewFileInZip2       0000000180010b20 f   zip.obj
 0001:0000fbb0       zipOpenNewFileInZip2_64    0000000180010bb0 f   zip.obj
 0001:0000fc50       zipOpenNewFileInZip64      0000000180010c50 f   zip.obj
 0001:0000fce0       zipOpenNewFileInZip        0000000180010ce0 f   zip.obj
 0001:0000fe50       zipWriteInFileInZip        0000000180010e50 f   zip.obj
 0001:0000ffc0       zipCloseFileInZipRaw       0000000180010fc0 f   zip.obj
 0001:0000ffd0       zipCloseFileInZipRaw64     0000000180010fd0 f   zip.obj
 0001:00010430       zipCloseFileInZip          0000000180011430 f   zip.obj
 0001:00010440       Write_Zip64EndOfCentralDirectoryLocator 0000000180011440 f   zip.obj
 0001:000104c0       Write_Zip64EndOfCentralDirectoryRecord 00000001800114c0 f   zip.obj
 0001:000105f0       Write_EndOfCentralDirectoryRecord 00000001800115f0 f   zip.obj
 0001:00010710       Write_GlobalComment        0000000180011710 f   zip.obj
 0001:000107a0       zipClose                   00000001800117a0 f   zip.obj
 0001:00010910       zlibVersion                0000000180011910 f   zutil.obj
 0001:00010920       zlibCompileFlags           0000000180011920 f   zutil.obj
 0001:00010930       zError                     0000000180011930 f   zutil.obj
 0001:00010950       zcalloc                    0000000180011950 f   zutil.obj
 0001:00010960       zcfree                     0000000180011960 f   zutil.obj
 0001:00010970       longest_match              0000000180011970 f   gvmat64.obj
 0001:00010c49       match_init                 0000000180011c49 f   gvmat64.obj
 0001:00010c50       inffas8664fnc              0000000180011c50 f   inffasx64.obj
 0001:00010f68       ReadFile                   0000000180011f68 f   kernel32:KERNEL32.dll
 0001:00010f6e       WriteFile                  0000000180011f6e f   kernel32:KERNEL32.dll
 0001:00010f74       SetFilePointer             0000000180011f74 f   kernel32:KERNEL32.dll
 0001:00010f7a       CreateFileW                0000000180011f7a f   kernel32:KERNEL32.dll
 0001:00010f80       GetLastError               0000000180011f80 f   kernel32:KERNEL32.dll
 0001:00010f86       CreateFileA                0000000180011f86 f   kernel32:KERNEL32.dll
 0001:00010f8c       CloseHandle                0000000180011f8c f   kernel32:KERNEL32.dll
 0001:00011304       _CRT_INIT                  0000000180012304 f   MSVCRT:dll_dllmain.obj
 0001:0001130c       _DllMainCRTStartup         000000018001230c f   MSVCRT:dll_dllmain.obj
 0001:0001134c       ??$__crt_fast_decode_pointer@PEAP6AXXZ@@YAPEAP6AXXZQEAP6AXXZ@Z 000000018001234c f i MSVCRT:utility.obj
 0001:00011364       ??$__crt_fast_encode_pointer@PEAP6AXXZ@@YAPEAP6AXXZQEAP6AXXZ@Z 0000000180012364 f i MSVCRT:utility.obj
 0001:00011384       ?__crt_rotate_pointer_value@@YA_K_KH@Z 0000000180012384 f i MSVCRT:utility.obj
 0001:00011390       ?configure_argv@__scrt_narrow_argv_policy@@SAHXZ 0000000180012390 f i MSVCRT:utility.obj
 0001:00011420       NtCurrentTeb               0000000180012420 f i MSVCRT:utility.obj
 0001:0001142c       __scrt_acquire_startup_lock 000000018001242c f   MSVCRT:utility.obj
 0001:00011468       __scrt_dllmain_after_initialize_c 0000000180012468 f   MSVCRT:utility.obj
 0001:0001149c       __scrt_dllmain_before_initialize_c 000000018001249c f   MSVCRT:utility.obj
 0001:000114b4       __scrt_dllmain_crt_thread_attach 00000001800124b4 f   MSVCRT:utility.obj
 0001:000114dc       __scrt_dllmain_crt_thread_detach 00000001800124dc f   MSVCRT:utility.obj
 0001:000114f4       __scrt_dllmain_exception_filter 00000001800124f4 f   MSVCRT:utility.obj
 0001:00011558       __scrt_dllmain_uninitialize_c 0000000180012558 f   MSVCRT:utility.obj
 0001:00011588       __scrt_dllmain_uninitialize_critical 0000000180012588 f   MSVCRT:utility.obj
 0001:0001159c       __scrt_initialize_crt      000000018001259c f   MSVCRT:utility.obj
 0001:000115e8       __scrt_initialize_onexit_tables 00000001800125e8 f   MSVCRT:utility.obj
 0001:000116b4       __scrt_is_nonwritable_in_current_image 00000001800126b4 f   MSVCRT:utility.obj
 0001:00011750       __scrt_release_startup_lock 0000000180012750 f   MSVCRT:utility.obj
 0001:00011774       __scrt_uninitialize_crt    0000000180012774 f   MSVCRT:utility.obj
 0001:000117a0       _onexit                    00000001800127a0 f   MSVCRT:utility.obj
 0001:000117f0       at_quick_exit              00000001800127f0 f   MSVCRT:utility.obj
 0001:00011828       atexit                     0000000180012828 f   MSVCRT:utility.obj
 0001:00011840       __security_init_cookie     0000000180012840 f   MSVCRT:gs_support.obj
 0001:000118ec       DllMain                    00000001800128ec f   MSVCRT:dll_dllmain_stub.obj
 0001:00011910       ?__scrt_initialize_type_info@@YAXXZ 0000000180012910 f   MSVCRT:tncleanup.obj
 0001:00011920       ?__scrt_uninitialize_type_info@@YAXXZ 0000000180012920 f   MSVCRT:tncleanup.obj
 0001:0001192c       __local_stdio_scanf_options 000000018001292c f i MSVCRT:default_local_stdio_options.obj
 0001:00011934       __scrt_initialize_default_local_stdio_options 0000000180012934 f   MSVCRT:default_local_stdio_options.obj
 0001:00011950       __scrt_get_dyn_tls_init_callback 0000000180012950 f   MSVCRT:dyn_tls_init.obj
 0001:00011958       __crt_debugger_hook        0000000180012958 f   MSVCRT:utility_desktop.obj
 0001:00011960       __scrt_fastfail            0000000180012960 f   MSVCRT:utility_desktop.obj
 0001:00011aa8       __scrt_get_show_window_mode 0000000180012aa8 f   MSVCRT:utility_desktop.obj
 0001:00011ae4       __scrt_initialize_winrt    0000000180012ae4 f   MSVCRT:utility_desktop.obj
 0001:00011ae8       __scrt_is_managed_app      0000000180012ae8 f   MSVCRT:utility_desktop.obj
 0001:00011b3c       __scrt_set_unhandled_exception_filter 0000000180012b3c f   MSVCRT:utility_desktop.obj
 0001:00011b4c       __scrt_unhandled_exception_filter 0000000180012b4c f   MSVCRT:utility_desktop.obj
 0001:00011b84       _RTC_Initialize            0000000180012b84 f   MSVCRT:_initsect_.obj
 0001:00011bd0       _RTC_Terminate             0000000180012bd0 f   MSVCRT:_initsect_.obj
 0001:00011c1c       _guard_check_icall         0000000180012c1c f i MSVCRT:checkcfg.obj
 0001:00011c24       __isa_available_init       0000000180012c24 f   MSVCRT:_cpu_disp_.obj
 0001:00011de8       _get_startup_argv_mode     0000000180012de8 f   MSVCRT:argv_mode.obj
 0001:00011df0       __scrt_is_ucrt_dll_in_use  0000000180012df0 f   MSVCRT:ucrt_detection.obj
 0001:00011dfc       _guard_check_icall_nop     0000000180012dfc f i MSVCRT:guard_support.obj
 0001:00011e00       _guard_icall_checks_enforced 0000000180012e00 f i MSVCRT:guard_support.obj
 0001:00011e20       memchr                     0000000180012e20 f   vcruntime:VCRUNTIME140.dll
 0001:00011e26       __telemetry_main_invoke_trigger 0000000180012e26 f   vcruntime:VCRUNTIME140.dll
 0001:00011e2c       __telemetry_main_return_trigger 0000000180012e2c f   vcruntime:VCRUNTIME140.dll
 0001:00011e32       __C_specific_handler       0000000180012e32 f   vcruntime:VCRUNTIME140.dll
 0001:00011e38       __std_type_info_destroy_list 0000000180012e38 f   vcruntime:VCRUNTIME140.dll
 0001:00011e3e       memset                     0000000180012e3e f   vcruntime:VCRUNTIME140.dll
 0001:00011e44       _lseeki64                  0000000180012e44 f   ucrt:api-ms-win-crt-stdio-l1-1-0.dll
 0001:00011e4a       _wopen                     0000000180012e4a f   ucrt:api-ms-win-crt-stdio-l1-1-0.dll
 0001:00011e50       _open                      0000000180012e50 f   ucrt:api-ms-win-crt-stdio-l1-1-0.dll
 0001:00011e56       wcstombs                   0000000180012e56 f   ucrt:api-ms-win-crt-convert-l1-1-0.dll
 0001:00011e5c       __stdio_common_vsprintf    0000000180012e5c f   ucrt:api-ms-win-crt-stdio-l1-1-0.dll
 0001:00011e62       free                       0000000180012e62 f   ucrt:api-ms-win-crt-heap-l1-1-0.dll
 0001:00011e68       malloc                     0000000180012e68 f   ucrt:api-ms-win-crt-heap-l1-1-0.dll
 0001:00011e6e       _read                      0000000180012e6e f   ucrt:api-ms-win-crt-stdio-l1-1-0.dll
 0001:00011e74       _close                     0000000180012e74 f   ucrt:api-ms-win-crt-stdio-l1-1-0.dll
 0001:00011e7a       _errno                     0000000180012e7a f   ucrt:api-ms-win-crt-runtime-l1-1-0.dll
 0001:00011e80       strerror                   0000000180012e80 f   ucrt:api-ms-win-crt-runtime-l1-1-0.dll
 0001:00011e86       _write                     0000000180012e86 f   ucrt:api-ms-win-crt-stdio-l1-1-0.dll
 0001:00011e8c       ftell                      0000000180012e8c f   ucrt:api-ms-win-crt-stdio-l1-1-0.dll
 0001:00011e92       ferror                     0000000180012e92 f   ucrt:api-ms-win-crt-stdio-l1-1-0.dll
 0001:00011e98       fopen                      0000000180012e98 f   ucrt:api-ms-win-crt-stdio-l1-1-0.dll
 0001:00011e9e       fclose                     0000000180012e9e f   ucrt:api-ms-win-crt-stdio-l1-1-0.dll
 0001:00011ea4       fseek                      0000000180012ea4 f   ucrt:api-ms-win-crt-stdio-l1-1-0.dll
 0001:00011eaa       fwrite                     0000000180012eaa f   ucrt:api-ms-win-crt-stdio-l1-1-0.dll
 0001:00011eb0       _ftelli64                  0000000180012eb0 f   ucrt:api-ms-win-crt-stdio-l1-1-0.dll
 0001:00011eb6       fread                      0000000180012eb6 f   ucrt:api-ms-win-crt-stdio-l1-1-0.dll
 0001:00011ebc       _fseeki64                  0000000180012ebc f   ucrt:api-ms-win-crt-stdio-l1-1-0.dll
 0001:00011ec2       srand                      0000000180012ec2 f   ucrt:api-ms-win-crt-utility-l1-1-0.dll
 0001:00011ec8       rand                       0000000180012ec8 f   ucrt:api-ms-win-crt-utility-l1-1-0.dll
 0001:00011ece       _time64                    0000000180012ece f   ucrt:api-ms-win-crt-time-l1-1-0.dll
 0001:00011ed4       _initterm                  0000000180012ed4 f   ucrt:api-ms-win-crt-runtime-l1-1-0.dll
 0001:00011eda       _initterm_e                0000000180012eda f   ucrt:api-ms-win-crt-runtime-l1-1-0.dll
 0001:00011ee0       _seh_filter_dll            0000000180012ee0 f   ucrt:api-ms-win-crt-runtime-l1-1-0.dll
 0001:00011ee6       _configure_narrow_argv     0000000180012ee6 f   ucrt:api-ms-win-crt-runtime-l1-1-0.dll
 0001:00011eec       _initialize_narrow_environment 0000000180012eec f   ucrt:api-ms-win-crt-runtime-l1-1-0.dll
 0001:00011ef2       _initialize_onexit_table   0000000180012ef2 f   ucrt:api-ms-win-crt-runtime-l1-1-0.dll
 0001:00011ef8       _register_onexit_function  0000000180012ef8 f   ucrt:api-ms-win-crt-runtime-l1-1-0.dll
 0001:00011efe       _execute_onexit_table      0000000180012efe f   ucrt:api-ms-win-crt-runtime-l1-1-0.dll
 0001:00011f04       _crt_atexit                0000000180012f04 f   ucrt:api-ms-win-crt-runtime-l1-1-0.dll
 0001:00011f0a       _crt_at_quick_exit         0000000180012f0a f   ucrt:api-ms-win-crt-runtime-l1-1-0.dll
 0001:00011f10       _cexit                     0000000180012f10 f   ucrt:api-ms-win-crt-runtime-l1-1-0.dll
 0001:00011f16       terminate                  0000000180012f16 f   ucrt:api-ms-win-crt-runtime-l1-1-0.dll
 0001:00011f1c       QueryPerformanceCounter    0000000180012f1c f   kernel32:KERNEL32.dll
 0001:00011f22       GetCurrentProcessId        0000000180012f22 f   kernel32:KERNEL32.dll
 0001:00011f28       GetCurrentThreadId         0000000180012f28 f   kernel32:KERNEL32.dll
 0001:00011f2e       GetSystemTimeAsFileTime    0000000180012f2e f   kernel32:KERNEL32.dll
 0001:00011f34       DisableThreadLibraryCalls  0000000180012f34 f   kernel32:KERNEL32.dll
 0001:00011f3a       InitializeSListHead        0000000180012f3a f   kernel32:KERNEL32.dll
 0001:00011f40       RtlCaptureContext          0000000180012f40 f   kernel32:KERNEL32.dll
 0001:00011f46       RtlLookupFunctionEntry     0000000180012f46 f   kernel32:KERNEL32.dll
 0001:00011f4c       RtlVirtualUnwind           0000000180012f4c f   kernel32:KERNEL32.dll
 0001:00011f52       IsDebuggerPresent          0000000180012f52 f   kernel32:KERNEL32.dll
 0001:00011f58       UnhandledExceptionFilter   0000000180012f58 f   kernel32:KERNEL32.dll
 0001:00011f5e       SetUnhandledExceptionFilter 0000000180012f5e f   kernel32:KERNEL32.dll
 0001:00011f64       GetStartupInfoW            0000000180012f64 f   kernel32:KERNEL32.dll
 0001:00011f6a       IsProcessorFeaturePresent  0000000180012f6a f   kernel32:KERNEL32.dll
 0001:00011f70       GetModuleHandleW           0000000180012f70 f   kernel32:KERNEL32.dll
 0001:00011f78       __vcrt_initialize          0000000180012f78 f   MSVCRT:ucrt_stubs.obj
 0001:00011f78       __scrt_stub_for_acrt_initialize 0000000180012f78 f   MSVCRT:ucrt_stubs.obj
 0001:00011f78       __acrt_initialize          0000000180012f78 f   MSVCRT:ucrt_stubs.obj
 0001:00011f7c       __scrt_stub_for_acrt_thread_attach 0000000180012f7c f   MSVCRT:ucrt_stubs.obj
 0001:00011f7c       __vcrt_thread_attach       0000000180012f7c f   MSVCRT:ucrt_stubs.obj
 0001:00011f7c       __acrt_thread_attach       0000000180012f7c f   MSVCRT:ucrt_stubs.obj
 0001:00011f80       __vcrt_thread_detach       0000000180012f80 f   MSVCRT:ucrt_stubs.obj
 0001:00011f80       __acrt_thread_detach       0000000180012f80 f   MSVCRT:ucrt_stubs.obj
 0001:00011f80       __scrt_stub_for_acrt_thread_detach 0000000180012f80 f   MSVCRT:ucrt_stubs.obj
 0001:00011f84       __vcrt_uninitialize        0000000180012f84 f   MSVCRT:ucrt_stubs.obj
 0001:00011f84       __scrt_stub_for_acrt_uninitialize 0000000180012f84 f   MSVCRT:ucrt_stubs.obj
 0001:00011f84       __acrt_uninitialize        0000000180012f84 f   MSVCRT:ucrt_stubs.obj
 0001:00011f88       __acrt_uninitialize_critical 0000000180012f88 f   MSVCRT:ucrt_stubs.obj
 0001:00011f88       __vcrt_uninitialize_critical 0000000180012f88 f   MSVCRT:ucrt_stubs.obj
 0001:00011f88       __scrt_stub_for_acrt_uninitialize_critical 0000000180012f88 f   MSVCRT:ucrt_stubs.obj
 0001:00011f8c       _is_c_termination_complete 0000000180012f8c f   MSVCRT:ucrt_stubs.obj
 0001:00011f8c       __scrt_stub_for_is_c_termination_complete 0000000180012f8c f   MSVCRT:ucrt_stubs.obj
 0001:00011fa0       _alloca_probe              0000000180012fa0 f   MSVCRT:_chkstk_.obj
 0001:00011fa0       __chkstk                   0000000180012fa0 f   MSVCRT:_chkstk_.obj
 0001:00011ff2       memcpy                     0000000180012ff2 f   vcruntime:VCRUNTIME140.dll
 0001:00012010       _guard_dispatch_icall_nop  0000000180013010 f   MSVCRT:_guard_dispatch_.obj
 0002:00000000       __imp_ReadFile             0000000180014000     kernel32:KERNEL32.dll
 0002:00000008       __imp_WriteFile            0000000180014008     kernel32:KERNEL32.dll
 0002:00000010       __imp_SetFilePointer       0000000180014010     kernel32:KERNEL32.dll
 0002:00000018       __imp_CreateFileW          0000000180014018     kernel32:KERNEL32.dll
 0002:00000020       __imp_GetLastError         0000000180014020     kernel32:KERNEL32.dll
 0002:00000028       __imp_CreateFileA          0000000180014028     kernel32:KERNEL32.dll
 0002:00000030       __imp_CloseHandle          0000000180014030     kernel32:KERNEL32.dll
 0002:00000038       __imp_GetCurrentProcessId  0000000180014038     kernel32:KERNEL32.dll
 0002:00000040       __imp_GetCurrentThreadId   0000000180014040     kernel32:KERNEL32.dll
 0002:00000048       __imp_GetSystemTimeAsFileTime 0000000180014048     kernel32:KERNEL32.dll
 0002:00000050       __imp_DisableThreadLibraryCalls 0000000180014050     kernel32:KERNEL32.dll
 0002:00000058       __imp_InitializeSListHead  0000000180014058     kernel32:KERNEL32.dll
 0002:00000060       __imp_RtlCaptureContext    0000000180014060     kernel32:KERNEL32.dll
 0002:00000068       __imp_RtlLookupFunctionEntry 0000000180014068     kernel32:KERNEL32.dll
 0002:00000070       __imp_GetModuleHandleW     0000000180014070     kernel32:KERNEL32.dll
 0002:00000078       __imp_IsProcessorFeaturePresent 0000000180014078     kernel32:KERNEL32.dll
 0002:00000080       __imp_GetStartupInfoW      0000000180014080     kernel32:KERNEL32.dll
 0002:00000088       __imp_SetUnhandledExceptionFilter 0000000180014088     kernel32:KERNEL32.dll
 0002:00000090       __imp_UnhandledExceptionFilter 0000000180014090     kernel32:KERNEL32.dll
 0002:00000098       __imp_IsDebuggerPresent    0000000180014098     kernel32:KERNEL32.dll
 0002:000000a0       __imp_RtlVirtualUnwind     00000001800140a0     kernel32:KERNEL32.dll
 0002:000000a8       __imp_QueryPerformanceCounter 00000001800140a8     kernel32:KERNEL32.dll
 0002:000000b0       \177KERNEL32_NULL_THUNK_DATA 00000001800140b0     kernel32:KERNEL32.dll
 0002:000000b8       __imp___std_type_info_destroy_list 00000001800140b8     vcruntime:VCRUNTIME140.dll
 0002:000000c0       __imp___C_specific_handler 00000001800140c0     vcruntime:VCRUNTIME140.dll
 0002:000000c8       __imp___telemetry_main_return_trigger 00000001800140c8     vcruntime:VCRUNTIME140.dll
 0002:000000d0       __imp___telemetry_main_invoke_trigger 00000001800140d0     vcruntime:VCRUNTIME140.dll
 0002:000000d8       __imp_memchr               00000001800140d8     vcruntime:VCRUNTIME140.dll
 0002:000000e0       __imp_memset               00000001800140e0     vcruntime:VCRUNTIME140.dll
 0002:000000e8       __imp_memcpy               00000001800140e8     vcruntime:VCRUNTIME140.dll
 0002:000000f0       \177VCRUNTIME140_NULL_THUNK_DATA 00000001800140f0     vcruntime:VCRUNTIME140.dll
 0002:000000f8       __imp_wcstombs             00000001800140f8     ucrt:api-ms-win-crt-convert-l1-1-0.dll
 0002:00000100       \177api-ms-win-crt-convert-l1-1-0_NULL_THUNK_DATA 0000000180014100     ucrt:api-ms-win-crt-convert-l1-1-0.dll
 0002:00000108       __imp_malloc               0000000180014108     ucrt:api-ms-win-crt-heap-l1-1-0.dll
 0002:00000110       __imp_free                 0000000180014110     ucrt:api-ms-win-crt-heap-l1-1-0.dll
 0002:00000118       \177api-ms-win-crt-heap-l1-1-0_NULL_THUNK_DATA 0000000180014118     ucrt:api-ms-win-crt-heap-l1-1-0.dll
 0002:00000120       __imp__cexit               0000000180014120     ucrt:api-ms-win-crt-runtime-l1-1-0.dll
 0002:00000128       __imp_strerror             0000000180014128     ucrt:api-ms-win-crt-runtime-l1-1-0.dll
 0002:00000130       __imp__initterm            0000000180014130     ucrt:api-ms-win-crt-runtime-l1-1-0.dll
 0002:00000138       __imp__initterm_e          0000000180014138     ucrt:api-ms-win-crt-runtime-l1-1-0.dll
 0002:00000140       __imp__seh_filter_dll      0000000180014140     ucrt:api-ms-win-crt-runtime-l1-1-0.dll
 0002:00000148       __imp__configure_narrow_argv 0000000180014148     ucrt:api-ms-win-crt-runtime-l1-1-0.dll
 0002:00000150       __imp__initialize_narrow_environment 0000000180014150     ucrt:api-ms-win-crt-runtime-l1-1-0.dll
 0002:00000158       __imp__initialize_onexit_table 0000000180014158     ucrt:api-ms-win-crt-runtime-l1-1-0.dll
 0002:00000160       __imp__register_onexit_function 0000000180014160     ucrt:api-ms-win-crt-runtime-l1-1-0.dll
 0002:00000168       __imp__execute_onexit_table 0000000180014168     ucrt:api-ms-win-crt-runtime-l1-1-0.dll
 0002:00000170       __imp__crt_atexit          0000000180014170     ucrt:api-ms-win-crt-runtime-l1-1-0.dll
 0002:00000178       __imp__crt_at_quick_exit   0000000180014178     ucrt:api-ms-win-crt-runtime-l1-1-0.dll
 0002:00000180       __imp__errno               0000000180014180     ucrt:api-ms-win-crt-runtime-l1-1-0.dll
 0002:00000188       __imp_terminate            0000000180014188     ucrt:api-ms-win-crt-runtime-l1-1-0.dll
 0002:00000190       \177api-ms-win-crt-runtime-l1-1-0_NULL_THUNK_DATA 0000000180014190     ucrt:api-ms-win-crt-runtime-l1-1-0.dll
 0002:00000198       __imp_fseek                0000000180014198     ucrt:api-ms-win-crt-stdio-l1-1-0.dll
 0002:000001a0       __imp_fread                00000001800141a0     ucrt:api-ms-win-crt-stdio-l1-1-0.dll
 0002:000001a8       __imp__wopen               00000001800141a8     ucrt:api-ms-win-crt-stdio-l1-1-0.dll
 0002:000001b0       __imp__open                00000001800141b0     ucrt:api-ms-win-crt-stdio-l1-1-0.dll
 0002:000001b8       __imp__ftelli64            00000001800141b8     ucrt:api-ms-win-crt-stdio-l1-1-0.dll
 0002:000001c0       __imp_fopen                00000001800141c0     ucrt:api-ms-win-crt-stdio-l1-1-0.dll
 0002:000001c8       __imp_ferror               00000001800141c8     ucrt:api-ms-win-crt-stdio-l1-1-0.dll
 0002:000001d0       __imp_ftell                00000001800141d0     ucrt:api-ms-win-crt-stdio-l1-1-0.dll
 0002:000001d8       __imp__write               00000001800141d8     ucrt:api-ms-win-crt-stdio-l1-1-0.dll
 0002:000001e0       __imp__lseeki64            00000001800141e0     ucrt:api-ms-win-crt-stdio-l1-1-0.dll
 0002:000001e8       __imp__fseeki64            00000001800141e8     ucrt:api-ms-win-crt-stdio-l1-1-0.dll
 0002:000001f0       __imp__close               00000001800141f0     ucrt:api-ms-win-crt-stdio-l1-1-0.dll
 0002:000001f8       __imp__read                00000001800141f8     ucrt:api-ms-win-crt-stdio-l1-1-0.dll
 0002:00000200       __imp_fwrite               0000000180014200     ucrt:api-ms-win-crt-stdio-l1-1-0.dll
 0002:00000208       __imp_fclose               0000000180014208     ucrt:api-ms-win-crt-stdio-l1-1-0.dll
 0002:00000210       __imp___stdio_common_vsprintf 0000000180014210     ucrt:api-ms-win-crt-stdio-l1-1-0.dll
 0002:00000218       \177api-ms-win-crt-stdio-l1-1-0_NULL_THUNK_DATA 0000000180014218     ucrt:api-ms-win-crt-stdio-l1-1-0.dll
 0002:00000220       __imp__time64              0000000180014220     ucrt:api-ms-win-crt-time-l1-1-0.dll
 0002:00000228       \177api-ms-win-crt-time-l1-1-0_NULL_THUNK_DATA 0000000180014228     ucrt:api-ms-win-crt-time-l1-1-0.dll
 0002:00000230       __imp_rand                 0000000180014230     ucrt:api-ms-win-crt-utility-l1-1-0.dll
 0002:00000238       __imp_srand                0000000180014238     ucrt:api-ms-win-crt-utility-l1-1-0.dll
 0002:00000240       \177api-ms-win-crt-utility-l1-1-0_NULL_THUNK_DATA 0000000180014240     ucrt:api-ms-win-crt-utility-l1-1-0.dll
 0002:00000248       __guard_check_icall_fptr   0000000180014248     MSVCRT:guard_support.obj
 0002:00000250       __guard_dispatch_icall_fptr 0000000180014250     MSVCRT:guard_support.obj
 0002:00000258       __xc_a                     0000000180014258     MSVCRT:initializers.obj
 0002:00000260       __xc_z                     0000000180014260     MSVCRT:initializers.obj
 0002:00000268       __xi_a                     0000000180014268     MSVCRT:initializers.obj
 0002:00000270       __xi_z                     0000000180014270     MSVCRT:initializers.obj
 0002:00000278       __xp_a                     0000000180014278     MSVCRT:initializers.obj
 0002:00000280       __xp_z                     0000000180014280     MSVCRT:initializers.obj
 0002:00000288       __xt_a                     0000000180014288     MSVCRT:initializers.obj
 0002:00000290       __xt_z                     0000000180014290     MSVCRT:initializers.obj
 0002:000002a0       _pDefaultRawDllMain        00000001800142a0     MSVCRT:dll_dllmain.obj
 0002:000002a0       _pRawDllMain               00000001800142a0     MSVCRT:dll_dllmain.obj
 0002:000002a8       ??_C@_06DAMCGAJO@1?42?410?$AA@ 00000001800142a8     compress.obj
 0002:000035c0       _length_code               00000001800175c0     trees.obj
 0002:000036c0       _dist_code                 00000001800176c0     trees.obj
 0002:00004090       unz_copyright              0000000180018090     unzip.obj
 0002:000040f0       z_errmsg                   00000001800180f0     zutil.obj
 0002:00004140       ??_C@_02DKCKIIND@?$CFs?$AA@ 0000000180018140     gzlib.obj
 0002:00004148       ??_C@_07EBNKNFJN@?$DMfd?3?$CFd?$DO?$AA@ 0000000180018148     gzlib.obj
 0002:00004150       ??_C@_0O@BNNCBLEN@out?5of?5memory?$AA@ 0000000180018150     gzlib.obj
 0002:0000415e       ??_C@_00CNPNBAHC@?$AA@     000000018001815e     gzlib.obj
 0002:00004160       ??_C@_02LMMGGCAJ@?3?5?$AA@ 0000000180018160     gzlib.obj
 0002:00004164       ??_C@_06DIJPEION@?$CFs?$CFs?$CFs?$AA@ 0000000180018164     gzlib.obj
 0002:00004170       ??_C@_0BH@CFIIDOJD@unexpected?5end?5of?5file?$AA@ 0000000180018170     gzread.obj
 0002:00004188       ??_C@_0CH@CPOLIEKA@internal?5error?3?5inflate?5stream?5c@ 0000000180018188     gzread.obj
 0002:000041b0       ??_C@_0BG@HCKBMIHF@compressed?5data?5error?$AA@ 00000001800181b0     gzread.obj
 0002:000041c8       ??_C@_0BP@HLDABFKK@request?5does?5not?5fit?5in?5an?5int?$AA@ 00000001800181c8     gzread.obj
 0002:000041e8       ??_C@_0CB@EGGJDMIK@request?5does?5not?5fit?5in?5a?5size_t@ 00000001800181e8     gzread.obj
 0002:00004210       ??_C@_0BP@IIKIGMCC@out?5of?5room?5to?5push?5characters?$AA@ 0000000180018210     gzread.obj
 0002:00004230       ??_C@_0CH@DEEGAHIB@internal?5error?3?5deflate?5stream?5c@ 0000000180018230     gzwrite.obj
 0002:00004258       ??_C@_0CF@MLPJFDMM@requested?5length?5does?5not?5fit?5in@ 0000000180018258     gzwrite.obj
 0002:00004280       ??_C@_0BD@PJCBIDD@invalid?5block?5type?$AA@ 0000000180018280     infback.obj
 0002:00004298       ??_C@_0BN@LGAADGOK@invalid?5stored?5block?5lengths?$AA@ 0000000180018298     infback.obj
 0002:000042b8       ??_C@_0CE@GMIGFPBB@too?5many?5length?5or?5distance?5symb@ 00000001800182b8     infback.obj
 0002:000042e0       ??_C@_0BJ@HDEPPGOH@invalid?5code?5lengths?5set?$AA@ 00000001800182e0     infback.obj
 0002:00004300       ??_C@_0BK@BMMPFBBH@invalid?5bit?5length?5repeat?$AA@ 0000000180018300     infback.obj
 0002:00004320       ??_C@_0CF@DGDMADCD@invalid?5code?5?9?9?5missing?5end?9of?9b@ 0000000180018320     infback.obj
 0002:00004348       ??_C@_0BM@IIMGAINC@invalid?5literal?1lengths?5set?$AA@ 0000000180018348     infback.obj
 0002:00004368       ??_C@_0BG@GMDFCBGP@invalid?5distances?5set?$AA@ 0000000180018368     infback.obj
 0002:00004380       ??_C@_0BM@FFFLPBBC@invalid?5literal?1length?5code?$AA@ 0000000180018380     infback.obj
 0002:000043a0       ??_C@_0BG@LBKINIKP@invalid?5distance?5code?$AA@ 00000001800183a0     infback.obj
 0002:000043b8       ??_C@_0BO@ECPMAOGG@invalid?5distance?5too?5far?5back?$AA@ 00000001800183b8     infback.obj
 0002:000043d8       ??_C@_0BH@LIBMMIGA@incorrect?5header?5check?$AA@ 00000001800183d8     inflate.obj
 0002:000043f0       ??_C@_0BL@IHKGDAEE@unknown?5compression?5method?$AA@ 00000001800183f0     inflate.obj
 0002:00004410       ??_C@_0BE@EMOGCLGO@invalid?5window?5size?$AA@ 0000000180018410     inflate.obj
 0002:00004428       ??_C@_0BJ@BLBBCOMO@unknown?5header?5flags?5set?$AA@ 0000000180018428     inflate.obj
 0002:00004448       ??_C@_0BE@GONKLEPM@header?5crc?5mismatch?$AA@ 0000000180018448     inflate.obj
 0002:00004460       ??_C@_0BF@MEIGEHBE@incorrect?5data?5check?$AA@ 0000000180018460     inflate.obj
 0002:00004478       ??_C@_0BH@FGKKJGOC@incorrect?5length?5check?$AA@ 0000000180018478     inflate.obj
 0002:00004490       ??_C@_02JDPG@rb?$AA@       0000000180018490     ioapi.obj
 0002:00004494       ??_C@_03HMFOOINA@r?$CLb?$AA@ 0000000180018494     ioapi.obj
 0002:00004498       ??_C@_02GMLFBBN@wb?$AA@    0000000180018498     ioapi.obj
 0002:0000449c       ??_C@_01JOAMLHOP@?9?$AA@   000000018001849c     zip.obj
 0002:000044a0       ??_C@_0BA@MOKMMFOD@need?5dictionary?$AA@ 00000001800184a0     zutil.obj
 0002:000044b0       ??_C@_0L@FNAOCBOG@stream?5end?$AA@ 00000001800184b0     zutil.obj
 0002:000044c0       ??_C@_0L@KIJFAKBJ@file?5error?$AA@ 00000001800184c0     zutil.obj
 0002:000044d0       ??_C@_0N@MKKNPMJD@stream?5error?$AA@ 00000001800184d0     zutil.obj
 0002:000044e0       ??_C@_0L@HAHMBNLP@data?5error?$AA@ 00000001800184e0     zutil.obj
 0002:000044f0       ??_C@_0BE@OGGJBMCE@insufficient?5memory?$AA@ 00000001800184f0     zutil.obj
 0002:00004508       ??_C@_0N@DFPGLBGC@buffer?5error?$AA@ 0000000180018508     zutil.obj
 0002:00004518       ??_C@_0BF@CJFPCCEG@incompatible?5version?$AA@ 0000000180018518     zutil.obj
 0002:000045a0       _load_config_used          00000001800185a0     MSVCRT:loadcfg.obj
 0002:00004910       __rtc_iaa                  0000000180018910     MSVCRT:_initsect_.obj
 0002:00004918       __rtc_izz                  0000000180018918     MSVCRT:_initsect_.obj
 0002:00004920       __rtc_taa                  0000000180018920     MSVCRT:_initsect_.obj
 0002:00004928       __rtc_tzz                  0000000180018928     MSVCRT:_initsect_.obj
 0002:00006f2c       __IMPORT_DESCRIPTOR_KERNEL32 000000018001af2c     kernel32:KERNEL32.dll
 0002:00006f40       __IMPORT_DESCRIPTOR_VCRUNTIME140 000000018001af40     vcruntime:VCRUNTIME140.dll
 0002:00006f54       __IMPORT_DESCRIPTOR_api-ms-win-crt-stdio-l1-1-0 000000018001af54     ucrt:api-ms-win-crt-stdio-l1-1-0.dll
 0002:00006f68       __IMPORT_DESCRIPTOR_api-ms-win-crt-convert-l1-1-0 000000018001af68     ucrt:api-ms-win-crt-convert-l1-1-0.dll
 0002:00006f7c       __IMPORT_DESCRIPTOR_api-ms-win-crt-heap-l1-1-0 000000018001af7c     ucrt:api-ms-win-crt-heap-l1-1-0.dll
 0002:00006f90       __IMPORT_DESCRIPTOR_api-ms-win-crt-runtime-l1-1-0 000000018001af90     ucrt:api-ms-win-crt-runtime-l1-1-0.dll
 0002:00006fa4       __IMPORT_DESCRIPTOR_api-ms-win-crt-utility-l1-1-0 000000018001afa4     ucrt:api-ms-win-crt-utility-l1-1-0.dll
 0002:00006fb8       __IMPORT_DESCRIPTOR_api-ms-win-crt-time-l1-1-0 000000018001afb8     ucrt:api-ms-win-crt-time-l1-1-0.dll
 0002:00006fcc       __NULL_IMPORT_DESCRIPTOR   000000018001afcc     kernel32:KERNEL32.dll
 0003:00000000       __scrt_native_dllmain_reason 000000018001c000     MSVCRT:utility.obj
 0003:00000008       __isa_available            000000018001c008     MSVCRT:_cpu_disp_.obj
 0003:0000000c       __isa_enabled              000000018001c00c     MSVCRT:_cpu_disp_.obj
 0003:00000010       __memcpy_nt_iters          000000018001c010     MSVCRT:_cpu_disp_.obj
 0003:00000018       __security_cookie          000000018001c018     MSVCRT:gs_cookie.obj
 0003:00000020       __security_cookie_complement 000000018001c020     MSVCRT:gs_cookie.obj
 0003:00000030       __scrt_ucrt_dll_is_in_use  000000018001c030     MSVCRT:ucrt_stubs.obj
 0003:00000048       __scrt_current_native_startup_state 000000018001c048     MSVCRT:utility.obj
 0003:00000050       __scrt_native_startup_lock 000000018001c050     MSVCRT:utility.obj
 0003:00000090       ?__type_info_root_node@@3U__type_info_node@@A 000000018001c090     MSVCRT:tncleanup.obj
 0003:000000a0       ?_OptionsStorage@?1??__local_stdio_printf_options@@9@4_KA 000000018001c0a0     MSVCRT:default_local_stdio_options.obj
 0003:000000a8       ?_OptionsStorage@?1??__local_stdio_scanf_options@@9@4_KA 000000018001c0a8     MSVCRT:default_local_stdio_options.obj
 0003:000000b0       __scrt_debugger_hook_flag  000000018001c0b0     MSVCRT:utility_desktop.obj
 0003:000000b4       __favor                    000000018001c0b4     MSVCRT:_cpu_disp_.obj
 0003:000000c0       __dyn_tls_init_callback    000000018001c0c0     <common>
 0003:000000c8       ?_OptionsStorage@?1??__local_stdio_printf_options@@9@9 000000018001c0c8     <common>
 0003:000000d0       ?_OptionsStorage@?1??__local_stdio_scanf_options@@9@9 000000018001c0d0     <common>

 entry point at        0001:0001130c

 Static symbols

 0000:fffde000       .debug$S                   0000000180000000     kernel32:KERNEL32.dll
 0000:fffde000       .debug$S                   0000000180000000     kernel32:KERNEL32.dll
 0000:fffde000       .debug$S                   0000000180000000     kernel32:KERNEL32.dll
 0000:fffde000       .debug$S                   0000000180000000     kernel32:KERNEL32.dll
 0000:fffde000       .debug$S                   0000000180000000     vcruntime:VCRUNTIME140.dll
 0000:fffde000       .debug$S                   0000000180000000     kernel32:KERNEL32.dll
 0000:fffde000       .debug$S                   0000000180000000     vcruntime:VCRUNTIME140.dll
 0000:fffde000       .debug$S                   0000000180000000     kernel32:KERNEL32.dll
 0000:fffde000       .debug$S                   0000000180000000     vcruntime:VCRUNTIME140.dll
 0000:fffde000       .debug$S                   0000000180000000     kernel32:KERNEL32.dll
 0000:fffde000       .debug$S                   0000000180000000     vcruntime:VCRUNTIME140.dll
 0000:fffde000       .debug$S                   0000000180000000     kernel32:KERNEL32.dll
 0000:fffde000       .debug$S                   0000000180000000     vcruntime:VCRUNTIME140.dll
 0000:fffde000       .debug$S                   0000000180000000     kernel32:KERNEL32.dll
 0000:fffde000       .debug$S                   0000000180000000     vcruntime:VCRUNTIME140.dll
 0000:fffde000       .debug$S                   0000000180000000     kernel32:KERNEL32.dll
 0000:fffde000       .debug$S                   0000000180000000     vcruntime:VCRUNTIME140.dll
 0000:fffde000       .debug$S                   0000000180000000     ucrt:api-ms-win-crt-utility-l1-1-0.dll
 0000:fffde000       .debug$S                   0000000180000000     ucrt:api-ms-win-crt-utility-l1-1-0.dll
 0000:fffde000       .debug$S                   0000000180000000     ucrt:api-ms-win-crt-time-l1-1-0.dll
 0000:fffde000       .debug$S                   0000000180000000     ucrt:api-ms-win-crt-stdio-l1-1-0.dll
 0000:fffde000       .debug$S                   0000000180000000     kernel32:KERNEL32.dll
 0000:fffde000       .debug$S                   0000000180000000     ucrt:api-ms-win-crt-stdio-l1-1-0.dll
 0000:fffde000       .debug$S                   0000000180000000     kernel32:KERNEL32.dll
 0000:fffde000       .debug$S                   0000000180000000     ucrt:api-ms-win-crt-convert-l1-1-0.dll
 0000:fffde000       .debug$S                   0000000180000000     ucrt:api-ms-win-crt-stdio-l1-1-0.dll
 0000:fffde000       .debug$S                   0000000180000000     ucrt:api-ms-win-crt-stdio-l1-1-0.dll
 0000:fffde000       .debug$S                   0000000180000000     ucrt:api-ms-win-crt-heap-l1-1-0.dll
 0000:fffde000       .debug$S                   0000000180000000     kernel32:KERNEL32.dll
 0000:fffde000       .debug$S                   0000000180000000     ucrt:api-ms-win-crt-heap-l1-1-0.dll
 0000:fffde000       .debug$S                   0000000180000000     ucrt:api-ms-win-crt-stdio-l1-1-0.dll
 0000:fffde000       .debug$S                   0000000180000000     ucrt:api-ms-win-crt-runtime-l1-1-0.dll
 0000:fffde000       .debug$S                   0000000180000000     ucrt:api-ms-win-crt-stdio-l1-1-0.dll
 0000:fffde000       .debug$S                   0000000180000000     ucrt:api-ms-win-crt-stdio-l1-1-0.dll
 0000:fffde000       .debug$S                   0000000180000000     ucrt:api-ms-win-crt-stdio-l1-1-0.dll
 0000:fffde000       .debug$S                   0000000180000000     ucrt:api-ms-win-crt-stdio-l1-1-0.dll
 0000:fffde000       .debug$S                   0000000180000000     ucrt:api-ms-win-crt-stdio-l1-1-0.dll
 0000:fffde000       .debug$S                   0000000180000000     kernel32:KERNEL32.dll
 0000:fffde000       .debug$S                   0000000180000000     ucrt:api-ms-win-crt-runtime-l1-1-0.dll
 0000:fffde000       .debug$S                   0000000180000000     ucrt:api-ms-win-crt-stdio-l1-1-0.dll
 0000:fffde000       .debug$S                   0000000180000000     ucrt:api-ms-win-crt-runtime-l1-1-0.dll
 0000:fffde000       .debug$S                   0000000180000000     kernel32:KERNEL32.dll
 0000:fffde000       .debug$S                   0000000180000000     ucrt:api-ms-win-crt-runtime-l1-1-0.dll
 0000:fffde000       .debug$S                   0000000180000000     ucrt:api-ms-win-crt-stdio-l1-1-0.dll
 0000:fffde000       .debug$S                   0000000180000000     ucrt:api-ms-win-crt-runtime-l1-1-0.dll
 0000:fffde000       .debug$S                   0000000180000000     kernel32:KERNEL32.dll
 0000:fffde000       .debug$S                   0000000180000000     ucrt:api-ms-win-crt-runtime-l1-1-0.dll
 0000:fffde000       .debug$S                   0000000180000000     ucrt:api-ms-win-crt-stdio-l1-1-0.dll
 0000:fffde000       .debug$S                   0000000180000000     ucrt:api-ms-win-crt-runtime-l1-1-0.dll
 0000:fffde000       .debug$S                   0000000180000000     kernel32:KERNEL32.dll
 0000:fffde000       .debug$S                   0000000180000000     ucrt:api-ms-win-crt-runtime-l1-1-0.dll
 0000:fffde000       .debug$S                   0000000180000000     ucrt:api-ms-win-crt-stdio-l1-1-0.dll
 0000:fffde000       .debug$S                   0000000180000000     ucrt:api-ms-win-crt-runtime-l1-1-0.dll
 0000:fffde000       .debug$S                   0000000180000000     kernel32:KERNEL32.dll
 0000:fffde000       .debug$S                   0000000180000000     ucrt:api-ms-win-crt-stdio-l1-1-0.dll
 0000:fffde000       .debug$S                   0000000180000000     ucrt:api-ms-win-crt-stdio-l1-1-0.dll
 0000:fffde000       .debug$S                   0000000180000000     kernel32:KERNEL32.dll
 0000:fffde000       .debug$S                   0000000180000000     ucrt:api-ms-win-crt-runtime-l1-1-0.dll
 0000:fffde000       .debug$S                   0000000180000000     kernel32:KERNEL32.dll
 0000:fffde000       .debug$S                   0000000180000000     ucrt:api-ms-win-crt-runtime-l1-1-0.dll
 0000:fffde000       .debug$S                   0000000180000000     ucrt:api-ms-win-crt-runtime-l1-1-0.dll
 0000:fffde000       .debug$S                   0000000180000000     kernel32:KERNEL32.dll
 0000:fffde000       .debug$S                   0000000180000000     ucrt:api-ms-win-crt-runtime-l1-1-0.dll
 0000:fffde000       .debug$S                   0000000180000000     ucrt:api-ms-win-crt-runtime-l1-1-0.dll
 0000:fffde000       .debug$S                   0000000180000000     kernel32:KERNEL32.dll
 0000:fffde000       .debug$S                   0000000180000000     zlibwapi.exp
 0001:000002f0       adler32_combine_           00000001800012f0 f   adler32.obj
 0001:00000540       crc32_little               0000000180001540 f   crc32.obj
 0001:00000850       crc32_big                  0000000180001850 f   crc32.obj
 0001:00000bd0       gf2_matrix_times           0000000180001bd0 f   crc32.obj
 0001:00000bf0       gf2_matrix_square          0000000180001bf0 f   crc32.obj
 0001:00000c30       crc32_combine_             0000000180001c30 f   crc32.obj
 0001:00000d20       slide_hash                 0000000180001d20 f   deflate.obj
 0001:00001050       deflateStateCheck          0000000180002050 f   deflate.obj
 0001:00001840       putShortMSB                0000000180002840 f   deflate.obj
 0001:00001870       flush_pending              0000000180002870 f   deflate.obj
 0001:00002560       read_buf                   0000000180003560 f   deflate.obj
 0001:00002600       lm_init                    0000000180003600 f   deflate.obj
 0001:000026c0       fill_window                00000001800036c0 f   deflate.obj
 0001:000028d0       deflate_stored             00000001800038d0 f   deflate.obj
 0001:00002cd0       deflate_fast               0000000180003cd0 f   deflate.obj
 0001:000030d0       deflate_slow               00000001800040d0 f   deflate.obj
 0001:000035e0       deflate_rle                00000001800045e0 f   deflate.obj
 0001:00003930       deflate_huff               0000000180004930 f   deflate.obj
 0001:00003c00       gz_reset                   0000000180004c00 f   gzlib.obj
 0001:00003c50       gz_open                    0000000180004c50 f   gzlib.obj
 0001:00003ee8       $LN52                      0000000180004ee8     gzlib.obj
 0001:00003f14       $LN51                      0000000180004f14     gzlib.obj
 0001:000044c0       gz_load                    00000001800054c0 f   gzread.obj
 0001:00004580       gz_avail                   0000000180005580 f   gzread.obj
 0001:00004610       gz_look                    0000000180005610 f   gzread.obj
 0001:000047e0       gz_decomp                  00000001800057e0 f   gzread.obj
 0001:000048f0       gz_fetch                   00000001800058f0 f   gzread.obj
 0001:000049a0       gz_skip                    00000001800059a0 f   gzread.obj
 0001:00004a20       gz_read                    0000000180005a20 f   gzread.obj
 0001:00005030       gz_init                    0000000180006030 f   gzwrite.obj
 0001:00005160       gz_comp                    0000000180006160 f   gzwrite.obj
 0001:00005340       gz_zero                    0000000180006340 f   gzwrite.obj
 0001:00005400       gz_write                   0000000180006400 f   gzwrite.obj
 0001:00005bc0       fixedtables                0000000180006bc0 f   infback.obj
 0001:00006b04       $LN471                     0000000180007b04     infback.obj
 0001:00006d50       inflateStateCheck          0000000180007d50 f   inflate.obj
 0001:00007070       fixedtables                0000000180008070 f   inflate.obj
 0001:000070a0       updatewindow               00000001800080a0 f   inflate.obj
 0001:000088c8       $LN800                     00000001800098c8     inflate.obj
 0001:00008b40       syncsearch                 0000000180009b40 f   inflate.obj
 0001:000095e0       fopen_file_func            000000018000a5e0 f   ioapi.obj
 0001:00009630       fopen64_file_func          000000018000a630 f   ioapi.obj
 0001:00009680       fread_file_func            000000018000a680 f   ioapi.obj
 0001:000096a0       fwrite_file_func           000000018000a6a0 f   ioapi.obj
 0001:000096c0       ftell_file_func            000000018000a6c0 f   ioapi.obj
 0001:000096d0       ftell64_file_func          000000018000a6d0 f   ioapi.obj
 0001:000096e0       fseek_file_func            000000018000a6e0 f   ioapi.obj
 0001:00009740       fseek64_file_func          000000018000a740 f   ioapi.obj
 0001:000097a0       fclose_file_func           000000018000a7a0 f   ioapi.obj
 0001:000097b0       ferror_file_func           000000018000a7b0 f   ioapi.obj
 0001:00009820       win32_translate_open_mode  000000018000a820 f   iowin32.obj
 0001:00009880       win32_build_iowin          000000018000a880 f   iowin32.obj
 0001:00009bd0       MySetFilePointerEx         000000018000abd0 f   iowin32.obj
 0001:00009fd0       tr_static_init             000000018000afd0 f   trees.obj
 0001:0000a050       init_block                 000000018000b050 f   trees.obj
 0001:0000a0d0       pqdownheap                 000000018000b0d0 f   trees.obj
 0001:0000a1e0       gen_bitlen                 000000018000b1e0 f   trees.obj
 0001:0000a3f0       gen_codes                  000000018000b3f0 f   trees.obj
 0001:0000a480       build_tree                 000000018000b480 f   trees.obj
 0001:0000a6d0       scan_tree                  000000018000b6d0 f   trees.obj
 0001:0000a7d0       send_tree                  000000018000b7d0 f   trees.obj
 0001:0000ad60       build_bl_tree              000000018000bd60 f   trees.obj
 0001:0000ae30       send_all_trees             000000018000be30 f   trees.obj
 0001:0000b510       compress_block             000000018000c510 f   trees.obj
 0001:0000b960       detect_data_type           000000018000c960 f   trees.obj
 0001:0000b9e0       bi_reverse                 000000018000c9e0 f   trees.obj
 0001:0000ba00       bi_flush                   000000018000ca00 f   trees.obj
 0001:0000ba80       bi_windup                  000000018000ca80 f   trees.obj
 0001:0000bc60       unz64local_getByte         000000018000cc60 f   unzip.obj
 0001:0000bcd0       unz64local_getShort        000000018000ccd0 f   unzip.obj
 0001:0000bd50       unz64local_getLong         000000018000cd50 f   unzip.obj
 0001:0000be20       unz64local_getLong64       000000018000ce20 f   unzip.obj
 0001:0000bfa0       strcmpcasenosensitive_internal 000000018000cfa0 f   unzip.obj
 0001:0000c030       unz64local_SearchCentralDir 000000018000d030 f   unzip.obj
 0001:0000c1b0       unz64local_SearchCentralDir64 000000018000d1b0 f   unzip.obj
 0001:0000c3d0       unzOpenInternal            000000018000d3d0 f   unzip.obj
 0001:0000c990       unz64local_DosDateToTmuDate 000000018000d990 f   unzip.obj
 0001:0000c9f0       unz64local_GetCurrentFileInfoInternal 000000018000d9f0 f   unzip.obj
 0001:0000d4e0       unz64local_CheckCurrentFileCoherencyHeader 000000018000e4e0 f   unzip.obj
 0001:0000df90       time                       000000018000ef90 f   zip.obj
 0001:0000dfa0       decrypt_byte               000000018000efa0 f   zip.obj
 0001:0000dfc0       update_keys                000000018000efc0 f   zip.obj
 0001:0000e020       init_keys                  000000018000f020 f   zip.obj
 0001:0000e090       crypthead                  000000018000f090 f   zip.obj
 0001:0000e1e0       allocate_new_datablock     000000018000f1e0 f   zip.obj
 0001:0000e210       free_datablock             000000018000f210 f   zip.obj
 0001:0000e240       init_linkedlist            000000018000f240 f   zip.obj
 0001:0000e250       free_linkedlist            000000018000f250 f   zip.obj
 0001:0000e270       add_data_in_datablock      000000018000f270 f   zip.obj
 0001:0000e340       zip64local_putValue        000000018000f340 f   zip.obj
 0001:0000e3b0       zip64local_putValue_inmemory 000000018000f3b0 f   zip.obj
 0001:0000e400       zip64local_TmzDateToDosDate 000000018000f400 f   zip.obj
 0001:0000e450       zip64local_getByte         000000018000f450 f   zip.obj
 0001:0000e4c0       zip64local_getShort        000000018000f4c0 f   zip.obj
 0001:0000e540       zip64local_getLong         000000018000f540 f   zip.obj
 0001:0000e610       zip64local_getLong64       000000018000f610 f   zip.obj
 0001:0000e790       zip64local_SearchCentralDir 000000018000f790 f   zip.obj
 0001:0000e910       zip64local_SearchCentralDir64 000000018000f910 f   zip.obj
 0001:0000fd70       zip64FlushWriteBuffer      0000000180010d70 f   zip.obj
 0001:00010970       $$000000                   0000000180011970     gvmat64.obj
 0001:00010c50       $$000000                   0000000180011c50     inffasx64.obj
 0001:00010f94       ?dllmain_crt_dispatch@@YAHQEAUHINSTANCE__@@KQEAX@Z 0000000180011f94 f   MSVCRT:dll_dllmain.obj
 0001:00010fe4       ?dllmain_crt_process_attach@@YAHQEAUHINSTANCE__@@QEAX@Z 0000000180011fe4 f   MSVCRT:dll_dllmain.obj
 0001:00011110       ?dllmain_crt_process_detach@@YAH_N@Z 0000000180012110 f   MSVCRT:dll_dllmain.obj
 0001:00011194       ?dllmain_dispatch@@YAHQEAUHINSTANCE__@@KQEAX@Z 0000000180012194 f   MSVCRT:dll_dllmain.obj
 0001:000112b0       ?dllmain_raw@@YAHQEAUHINSTANCE__@@KQEAX@Z 00000001800122b0 f   MSVCRT:dll_dllmain.obj
 0001:000113a4       ?find_pe_section@@YAPEAU_IMAGE_SECTION_HEADER@@QEAE_K@Z 00000001800123a4 f   MSVCRT:utility.obj
 0001:000113f0       ?is_potentially_valid_image_base@@YA_NQEAX@Z 00000001800123f0 f   MSVCRT:utility.obj
 0001:00011f90       $$000000                   0000000180012f90     MSVCRT:_chkstk_.obj
 0001:00012000       $$000000                   0000000180013000     MSVCRT:_guard_dispatch_.obj
 0001:00012012       ?fin$0@?0??dllmain_crt_process_attach@@YAHQEAUHINSTANCE__@@QEAX@Z@4HA 0000000180013012 f   MSVCRT:dll_dllmain.obj
 0001:00012029       ?fin$0@?0??dllmain_crt_process_detach@@YAH_N@Z@4HA 0000000180013029 f   MSVCRT:dll_dllmain.obj
 0001:00012045       ?filt$0@?0??dllmain_dispatch@@YAHQEAUHINSTANCE__@@KQEAX@Z@4HA 0000000180013045 f   MSVCRT:dll_dllmain.obj
 0001:0001207b       __scrt_is_nonwritable_in_current_image$filt$0 000000018001307b f   MSVCRT:utility.obj
 0002:000002b0       crc_table                  00000001800142b0     crc32.obj
 0002:000022b0       ?my_version@?1??deflateInit2_@@9@9 00000001800162b0     deflate.obj
 0002:000022c0       configuration_table        00000001800162c0     deflate.obj
 0002:00002360       ?lenfix@?1??fixedtables@@9@9 0000000180016360     infback.obj
 0002:00002b60       ?distfix@?1??fixedtables@@9@9 0000000180016b60     infback.obj
 0002:00002be0       ?order@?1??inflateBack@@9@9 0000000180016be0     infback.obj
 0002:00002c10       ?lenfix@?1??fixedtables@@9@9 0000000180016c10     inflate.obj
 0002:00003410       ?distfix@?1??fixedtables@@9@9 0000000180017410     inflate.obj
 0002:00003490       ?order@?1??inflate@@9@9    0000000180017490     inflate.obj
 0002:000034c0       ?dext@?1??inflate_table@@9@9 00000001800174c0     inftrees.obj
 0002:00003500       ?lext@?1??inflate_table@@9@9 0000000180017500     inftrees.obj
 0002:00003540       ?lbase@?1??inflate_table@@9@9 0000000180017540     inftrees.obj
 0002:00003580       ?dbase@?1??inflate_table@@9@9 0000000180017580     inftrees.obj
 0002:000038c0       static_dtree               00000001800178c0     trees.obj
 0002:00003940       extra_blbits               0000000180017940     trees.obj
 0002:00003990       extra_lbits                0000000180017990     trees.obj
 0002:00003a10       base_dist                  0000000180017a10     trees.obj
 0002:00003a90       base_length                0000000180017a90     trees.obj
 0002:00003b08       static_l_desc              0000000180017b08     trees.obj
 0002:00003b28       static_bl_desc             0000000180017b28     trees.obj
 0002:00003b50       extra_dbits                0000000180017b50     trees.obj
 0002:00003bd0       static_ltree               0000000180017bd0     trees.obj
 0002:00004050       static_d_desc              0000000180018050     trees.obj
 0002:00004070       bl_order                   0000000180018070     trees.obj
 0002:00004930       $unwind$adler32_combine_   0000000180018930     adler32.obj
 0002:00004938       $unwind$compress2          0000000180018938     compress.obj
 0002:00004950       $unwind$compress           0000000180018950     compress.obj
 0002:00004958       $unwind$crc32_little       0000000180018958     crc32.obj
 0002:00004960       $chain$0$crc32_little      0000000180018960     crc32.obj
 0002:00004974       $chain$1$crc32_little      0000000180018974     crc32.obj
 0002:00004984       $unwind$crc32_big          0000000180018984     crc32.obj
 0002:0000498c       $chain$0$crc32_big         000000018001898c     crc32.obj
 0002:000049a0       $chain$1$crc32_big         00000001800189a0     crc32.obj
 0002:000049b0       $unwind$gf2_matrix_square  00000001800189b0     crc32.obj
 0002:000049b8       $unwind$crc32_combine_     00000001800189b8     crc32.obj
 0002:000049cc       $unwind$deflateInit_       00000001800189cc     deflate.obj
 0002:000049d4       $unwind$deflateInit2_      00000001800189d4     deflate.obj
 0002:000049e4       $chain$1$deflateInit2_     00000001800189e4     deflate.obj
 0002:000049fc       $chain$2$deflateInit2_     00000001800189fc     deflate.obj
 0002:00004a10       $chain$3$deflateInit2_     0000000180018a10     deflate.obj
 0002:00004a20       $chain$5$deflateInit2_     0000000180018a20     deflate.obj
 0002:00004a3c       $chain$6$deflateInit2_     0000000180018a3c     deflate.obj
 0002:00004a54       $chain$7$deflateInit2_     0000000180018a54     deflate.obj
 0002:00004a64       $unwind$deflateSetDictionary 0000000180018a64     deflate.obj
 0002:00004a70       $chain$1$deflateSetDictionary 0000000180018a70     deflate.obj
 0002:00004a88       $chain$4$deflateSetDictionary 0000000180018a88     deflate.obj
 0002:00004aa4       $chain$5$deflateSetDictionary 0000000180018aa4     deflate.obj
 0002:00004ab4       $chain$7$deflateSetDictionary 0000000180018ab4     deflate.obj
 0002:00004acc       $chain$8$deflateSetDictionary 0000000180018acc     deflate.obj
 0002:00004adc       $unwind$deflateGetDictionary 0000000180018adc     deflate.obj
 0002:00004ae8       $unwind$deflateResetKeep   0000000180018ae8     deflate.obj
 0002:00004af8       $unwind$deflateReset       0000000180018af8     deflate.obj
 0002:00004b04       $unwind$deflateSetHeader   0000000180018b04     deflate.obj
 0002:00004b0c       $unwind$deflatePending     0000000180018b0c     deflate.obj
 0002:00004b14       $unwind$deflatePrime       0000000180018b14     deflate.obj
 0002:00004b20       $unwind$deflateParams      0000000180018b20     deflate.obj
 0002:00004b30       $chain$0$deflateParams     0000000180018b30     deflate.obj
 0002:00004b44       $chain$1$deflateParams     0000000180018b44     deflate.obj
 0002:00004b58       $chain$2$deflateParams     0000000180018b58     deflate.obj
 0002:00004b68       $chain$4$deflateParams     0000000180018b68     deflate.obj
 0002:00004b80       $chain$5$deflateParams     0000000180018b80     deflate.obj
 0002:00004b94       $unwind$deflateTune        0000000180018b94     deflate.obj
 0002:00004b9c       $unwind$deflateBound       0000000180018b9c     deflate.obj
 0002:00004ba4       $unwind$flush_pending      0000000180018ba4     deflate.obj
 0002:00004bb4       $chain$0$flush_pending     0000000180018bb4     deflate.obj
 0002:00004bc8       $chain$1$flush_pending     0000000180018bc8     deflate.obj
 0002:00004bd8       $unwind$deflate            0000000180018bd8     deflate.obj
 0002:00004be4       $chain$0$deflate           0000000180018be4     deflate.obj
 0002:00004bf8       $chain$3$deflate           0000000180018bf8     deflate.obj
 0002:00004c10       $chain$5$deflate           0000000180018c10     deflate.obj
 0002:00004c28       $chain$7$deflate           0000000180018c28     deflate.obj
 0002:00004c40       $chain$9$deflate           0000000180018c40     deflate.obj
 0002:00004c58       $chain$12$deflate          0000000180018c58     deflate.obj
 0002:00004c74       $chain$14$deflate          0000000180018c74     deflate.obj
 0002:00004c98       $chain$15$deflate          0000000180018c98     deflate.obj
 0002:00004cac       $chain$16$deflate          0000000180018cac     deflate.obj
 0002:00004cbc       $unwind$deflateEnd         0000000180018cbc     deflate.obj
 0002:00004cc8       $unwind$deflateCopy        0000000180018cc8     deflate.obj
 0002:00004cd0       $chain$1$deflateCopy       0000000180018cd0     deflate.obj
 0002:00004ce8       $chain$4$deflateCopy       0000000180018ce8     deflate.obj
 0002:00004d04       $chain$6$deflateCopy       0000000180018d04     deflate.obj
 0002:00004d20       $chain$7$deflateCopy       0000000180018d20     deflate.obj
 0002:00004d30       $unwind$read_buf           0000000180018d30     deflate.obj
 0002:00004d44       $unwind$lm_init            0000000180018d44     deflate.obj
 0002:00004d50       $unwind$fill_window        0000000180018d50     deflate.obj
 0002:00004d60       $unwind$deflate_stored     0000000180018d60     deflate.obj
 0002:00004d6c       $chain$0$deflate_stored    0000000180018d6c     deflate.obj
 0002:00004d80       $chain$4$deflate_stored    0000000180018d80     deflate.obj
 0002:00004da0       $chain$5$deflate_stored    0000000180018da0     deflate.obj
 0002:00004db4       $chain$6$deflate_stored    0000000180018db4     deflate.obj
 0002:00004dc8       $unwind$deflate_fast       0000000180018dc8     deflate.obj
 0002:00004de0       $unwind$deflate_slow       0000000180018de0     deflate.obj
 0002:00004dfc       $unwind$deflate_rle        0000000180018dfc     deflate.obj
 0002:00004e14       $unwind$deflate_huff       0000000180018e14     deflate.obj
 0002:00004e24       $unwind$vsnprintf          0000000180018e24     gzlib.obj
 0002:00004e38       $unwind$snprintf           0000000180018e38     gzlib.obj
 0002:00004e48       $unwind$gz_reset           0000000180018e48     gzlib.obj
 0002:00004e54       $unwind$gz_open            0000000180018e54     gzlib.obj
 0002:00004e68       $chain$0$gz_open           0000000180018e68     gzlib.obj
 0002:00004e7c       $chain$1$gz_open           0000000180018e7c     gzlib.obj
 0002:00004e90       $chain$2$gz_open           0000000180018e90     gzlib.obj
 0002:00004ea0       $chain$3$gz_open           0000000180018ea0     gzlib.obj
 0002:00004eb0       $unwind$gzdopen            0000000180018eb0     gzlib.obj
 0002:00004ec0       $unwind$gzrewind           0000000180018ec0     gzlib.obj
 0002:00004ec8       $unwind$gzseek64           0000000180018ec8     gzlib.obj
 0002:00004ed4       $chain$0$gzseek64          0000000180018ed4     gzlib.obj
 0002:00004ee8       $chain$2$gzseek64          0000000180018ee8     gzlib.obj
 0002:00004efc       $chain$4$gzseek64          0000000180018efc     gzlib.obj
 0002:00004f10       $unwind$gzseek             0000000180018f10     gzlib.obj
 0002:00004f18       $unwind$gztell             0000000180018f18     gzlib.obj
 0002:00004f20       $unwind$gzoffset64         0000000180018f20     gzlib.obj
 0002:00004f28       $unwind$gzoffset           0000000180018f28     gzlib.obj
 0002:00004f30       $unwind$gz_error           0000000180018f30     gzlib.obj
 0002:00004f40       $unwind$gz_load            0000000180018f40     gzread.obj
 0002:00004f58       $unwind$gz_avail           0000000180018f58     gzread.obj
 0002:00004f60       $unwind$gz_look            0000000180018f60     gzread.obj
 0002:00004f70       $unwind$gz_decomp          0000000180018f70     gzread.obj
 0002:00004f84       $unwind$gz_fetch           0000000180018f84     gzread.obj
 0002:00004f8c       $unwind$gz_skip            0000000180018f8c     gzread.obj
 0002:00004f98       $unwind$gz_read            0000000180018f98     gzread.obj
 0002:00004fa4       $chain$0$gz_read           0000000180018fa4     gzread.obj
 0002:00004fb8       $chain$6$gz_read           0000000180018fb8     gzread.obj
 0002:00004fdc       $unwind$gzread             0000000180018fdc     gzread.obj
 0002:00004fe4       $unwind$gzfread            0000000180018fe4     gzread.obj
 0002:00004fec       $unwind$gzgetc             0000000180018fec     gzread.obj
 0002:00004ff4       $unwind$gzungetc           0000000180018ff4     gzread.obj
 0002:00005000       $unwind$gzgets             0000000180019000     gzread.obj
 0002:0000500c       $chain$3$gzgets            000000018001900c     gzread.obj
 0002:0000502c       $chain$5$gzgets            000000018001902c     gzread.obj
 0002:0000504c       $chain$6$gzgets            000000018001904c     gzread.obj
 0002:0000505c       $unwind$gzdirect           000000018001905c     gzread.obj
 0002:00005064       $unwind$gzclose_r          0000000180019064     gzread.obj
 0002:00005074       $unwind$gz_init            0000000180019074     gzwrite.obj
 0002:00005080       $chain$0$gz_init           0000000180019080     gzwrite.obj
 0002:00005094       $chain$2$gz_init           0000000180019094     gzwrite.obj
 0002:000050a8       $unwind$gz_comp            00000001800190a8     gzwrite.obj
 0002:000050bc       $chain$1$gz_comp           00000001800190bc     gzwrite.obj
 0002:000050d0       $chain$2$gz_comp           00000001800190d0     gzwrite.obj
 0002:000050e0       $unwind$gz_zero            00000001800190e0     gzwrite.obj
 0002:000050ec       $chain$1$gz_zero           00000001800190ec     gzwrite.obj
 0002:00005104       $chain$3$gz_zero           0000000180019104     gzwrite.obj
 0002:0000511c       $unwind$gz_write           000000018001911c     gzwrite.obj
 0002:0000512c       $chain$1$gz_write          000000018001912c     gzwrite.obj
 0002:00005144       $chain$3$gz_write          0000000180019144     gzwrite.obj
 0002:0000515c       $unwind$gzwrite            000000018001915c     gzwrite.obj
 0002:00005164       $unwind$gzfwrite           0000000180019164     gzwrite.obj
 0002:0000516c       $unwind$gzputc             000000018001916c     gzwrite.obj
 0002:00005178       $unwind$gzputs             0000000180019178     gzwrite.obj
 0002:00005180       $chain$0$gzputs            0000000180019180     gzwrite.obj
 0002:00005194       $chain$1$gzputs            0000000180019194     gzwrite.obj
 0002:000051a4       $unwind$gzvprintf          00000001800191a4     gzwrite.obj
 0002:000051b8       $unwind$gzprintf           00000001800191b8     gzwrite.obj
 0002:000051c0       $unwind$gzflush            00000001800191c0     gzwrite.obj
 0002:000051cc       $unwind$gzsetparams        00000001800191cc     gzwrite.obj
 0002:000051e0       $unwind$gzclose_w          00000001800191e0     gzwrite.obj
 0002:000051ec       $unwind$inflateBackInit_   00000001800191ec     infback.obj
 0002:000051fc       $chain$1$inflateBackInit_  00000001800191fc     infback.obj
 0002:00005214       $chain$3$inflateBackInit_  0000000180019214     infback.obj
 0002:0000522c       $chain$4$inflateBackInit_  000000018001922c     infback.obj
 0002:0000523c       $unwind$inflateBack        000000018001923c     infback.obj
 0002:0000524c       $chain$3$inflateBack       000000018001924c     infback.obj
 0002:0000526c       $chain$4$inflateBack       000000018001926c     infback.obj
 0002:0000527c       $unwind$inflateBackEnd     000000018001927c     infback.obj
 0002:00005284       $unwind$inflate_fast       0000000180019284     inffas8664.obj
 0002:0000529c       $unwind$inflateResetKeep   000000018001929c     inflate.obj
 0002:000052a4       $unwind$inflateReset       00000001800192a4     inflate.obj
 0002:000052ac       $unwind$inflateReset2      00000001800192ac     inflate.obj
 0002:000052c0       $unwind$inflateInit2_      00000001800192c0     inflate.obj
 0002:000052cc       $chain$1$inflateInit2_     00000001800192cc     inflate.obj
 0002:000052e4       $chain$3$inflateInit2_     00000001800192e4     inflate.obj
 0002:000052fc       $chain$4$inflateInit2_     00000001800192fc     inflate.obj
 0002:0000530c       $unwind$inflatePrime       000000018001930c     inflate.obj
 0002:00005314       $unwind$updatewindow       0000000180019314     inflate.obj
 0002:00005328       $chain$0$updatewindow      0000000180019328     inflate.obj
 0002:0000533c       $chain$1$updatewindow      000000018001933c     inflate.obj
 0002:0000534c       $unwind$inflate            000000018001934c     inflate.obj
 0002:00005358       $chain$5$inflate           0000000180019358     inflate.obj
 0002:00005380       $chain$7$inflate           0000000180019380     inflate.obj
 0002:000053a8       $chain$8$inflate           00000001800193a8     inflate.obj
 0002:000053b8       $unwind$inflateEnd         00000001800193b8     inflate.obj
 0002:000053c0       $unwind$inflateGetDictionary 00000001800193c0     inflate.obj
 0002:000053d0       $unwind$inflateSetDictionary 00000001800193d0     inflate.obj
 0002:000053e4       $unwind$inflateGetHeader   00000001800193e4     inflate.obj
 0002:000053ec       $unwind$syncsearch         00000001800193ec     inflate.obj
 0002:000053f4       $unwind$inflateSync        00000001800193f4     inflate.obj
 0002:000053fc       $chain$0$inflateSync       00000001800193fc     inflate.obj
 0002:00005410       $chain$4$inflateSync       0000000180019410     inflate.obj
 0002:0000542c       $unwind$inflateSyncPoint   000000018001942c     inflate.obj
 0002:00005434       $unwind$inflateCopy        0000000180019434     inflate.obj
 0002:00005440       $chain$2$inflateCopy       0000000180019440     inflate.obj
 0002:0000545c       $chain$3$inflateCopy       000000018001945c     inflate.obj
 0002:00005470       $chain$4$inflateCopy       0000000180019470     inflate.obj
 0002:00005480       $chain$6$inflateCopy       0000000180019480     inflate.obj
 0002:000054a0       $chain$7$inflateCopy       00000001800194a0     inflate.obj
 0002:000054b0       $unwind$inflateUndermine   00000001800194b0     inflate.obj
 0002:000054b8       $unwind$inflateValidate    00000001800194b8     inflate.obj
 0002:000054c0       $unwind$inflateMark        00000001800194c0     inflate.obj
 0002:000054c8       $unwind$inflateCodesUsed   00000001800194c8     inflate.obj
 0002:000054d0       $unwind$inflate_table      00000001800194d0     inftrees.obj
 0002:000054e4       $chain$0$inflate_table     00000001800194e4     inftrees.obj
 0002:000054f8       $chain$1$inflate_table     00000001800194f8     inftrees.obj
 0002:00005508       $unwind$call_ztell64       0000000180019508     ioapi.obj
 0002:00005510       $unwind$fseek_file_func    0000000180019510     ioapi.obj
 0002:00005518       $unwind$fseek64_file_func  0000000180019518     ioapi.obj
 0002:00005520       $unwind$win32_build_iowin  0000000180019520     iowin32.obj
 0002:00005528       $chain$0$win32_build_iowin 0000000180019528     iowin32.obj
 0002:0000553c       $chain$2$win32_build_iowin 000000018001953c     iowin32.obj
 0002:00005550       $chain$3$win32_build_iowin 0000000180019550     iowin32.obj
 0002:00005560       $unwind$win32_open64_file_func 0000000180019560     iowin32.obj
 0002:00005568       $unwind$win32_open64_file_funcA 0000000180019568     iowin32.obj
 0002:00005570       $unwind$win32_open64_file_funcW 0000000180019570     iowin32.obj
 0002:00005578       $unwind$win32_open_file_func 0000000180019578     iowin32.obj
 0002:00005580       $unwind$win32_read_file_func 0000000180019580     iowin32.obj
 0002:0000558c       $unwind$win32_write_file_func 000000018001958c     iowin32.obj
 0002:00005598       $unwind$MySetFilePointerEx 0000000180019598     iowin32.obj
 0002:000055a8       $unwind$win32_tell_file_func 00000001800195a8     iowin32.obj
 0002:000055b0       $unwind$win32_tell64_file_func 00000001800195b0     iowin32.obj
 0002:000055b8       $unwind$win32_seek_file_func 00000001800195b8     iowin32.obj
 0002:000055c4       $unwind$win32_seek64_file_func 00000001800195c4     iowin32.obj
 0002:000055d0       $unwind$win32_close_file_func 00000001800195d0     iowin32.obj
[...]
 0004:00000744       $pdata$inflateEnd          000000018001d744     inflate.obj
 0004:00000750       $pdata$inflateGetDictionary 000000018001d750     inflate.obj
 0004:0000075c       $pdata$inflateSetDictionary 000000018001d75c     inflate.obj
 0004:00000768       $pdata$inflateGetHeader    000000018001d768     inflate.obj
 0004:00000774       $pdata$syncsearch          000000018001d774     inflate.obj
 0004:00000780       $pdata$inflateSync         000000018001d780     inflate.obj
 0004:0000078c       $pdata$0$inflateSync       000000018001d78c     inflate.obj
 0004:00000798       $pdata$4$inflateSync       000000018001d798     inflate.obj
 0004:000007a4       $pdata$inflateSyncPoint    000000018001d7a4     inflate.obj
 0004:000007b0       $pdata$inflateCopy         000000018001d7b0     inflate.obj
 0004:000007bc       $pdata$2$inflateCopy       000000018001d7bc     inflate.obj
 0004:000007c8       $pdata$3$inflateCopy       000000018001d7c8     inflate.obj
 0004:000007d4       $pdata$4$inflateCopy       000000018001d7d4     inflate.obj
 0004:000007e0       $pdata$6$inflateCopy       000000018001d7e0     inflate.obj
 0004:000007ec       $pdata$7$inflateCopy       000000018001d7ec     inflate.obj
 0004:000007f8       $pdata$inflateUndermine    000000018001d7f8     inflate.obj
 0004:00000804       $pdata$inflateValidate     000000018001d804     inflate.obj
 0004:00000810       $pdata$inflateMark         000000018001d810     inflate.obj
 0004:0000081c       $pdata$inflateCodesUsed    000000018001d81c     inflate.obj
 0004:00000828       $pdata$inflate_table       000000018001d828     inftrees.obj
 0004:00000834       $pdata$0$inflate_table     000000018001d834     inftrees.obj
 0004:00000840       $pdata$1$inflate_table     000000018001d840     inftrees.obj
 0004:0000084c       $pdata$call_ztell64        000000018001d84c     ioapi.obj
 0004:00000858       $pdata$fseek_file_func     000000018001d858     ioapi.obj
 0004:00000864       $pdata$fseek64_file_func   000000018001d864     ioapi.obj
 0004:00000870       $pdata$win32_build_iowin   000000018001d870     iowin32.obj
 0004:0000087c       $pdata$0$win32_build_iowin 000000018001d87c     iowin32.obj
 0004:00000888       $pdata$2$win32_build_iowin 000000018001d888     iowin32.obj
 0004:00000894       $pdata$3$win32_build_iowin 000000018001d894     iowin32.obj
 0004:000008a0       $pdata$win32_open64_file_func 000000018001d8a0     iowin32.obj
 0004:000008ac       $pdata$win32_open64_file_funcA 000000018001d8ac     iowin32.obj
 0004:000008b8       $pdata$win32_open64_file_funcW 000000018001d8b8     iowin32.obj
 0004:000008c4       $pdata$win32_open_file_func 000000018001d8c4     iowin32.obj
 0004:000008d0       $pdata$win32_read_file_func 000000018001d8d0     iowin32.obj
 0004:000008dc       $pdata$win32_write_file_func 000000018001d8dc     iowin32.obj
 0004:000008e8       $pdata$MySetFilePointerEx  000000018001d8e8     iowin32.obj
 0004:000008f4       $pdata$win32_tell_file_func 000000018001d8f4     iowin32.obj
 0004:00000900       $pdata$win32_tell64_file_func 000000018001d900     iowin32.obj
 0004:0000090c       $pdata$win32_seek_file_func 000000018001d90c     iowin32.obj
 0004:00000918       $pdata$win32_seek64_file_func 000000018001d918     iowin32.obj
 0004:00000924       $pdata$win32_close_file_func 000000018001d924     iowin32.obj
 0004:00000930       $pdata$pqdownheap          000000018001d930     trees.obj
 0004:0000093c       $pdata$1$pqdownheap        000000018001d93c     trees.obj
 0004:00000948       $pdata$3$pqdownheap        000000018001d948     trees.obj
 0004:00000954       $pdata$4$pqdownheap        000000018001d954     trees.obj
 0004:00000960       $pdata$gen_bitlen          000000018001d960     trees.obj
 0004:0000096c       $pdata$0$gen_bitlen        000000018001d96c     trees.obj
 0004:00000978       $pdata$1$gen_bitlen        000000018001d978     trees.obj
 0004:00000984       $pdata$gen_codes           000000018001d984     trees.obj
 0004:00000990       $pdata$build_tree          000000018001d990     trees.obj
 0004:0000099c       $pdata$scan_tree           000000018001d99c     trees.obj
 0004:000009a8       $pdata$send_tree           000000018001d9a8     trees.obj
 0004:000009b4       $pdata$3$send_tree         000000018001d9b4     trees.obj
 0004:000009c0       $pdata$4$send_tree         000000018001d9c0     trees.obj
 0004:000009cc       $pdata$build_bl_tree       000000018001d9cc     trees.obj
 0004:000009d8       $pdata$send_all_trees      000000018001d9d8     trees.obj
 0004:000009e4       $pdata$_tr_stored_block    000000018001d9e4     trees.obj
 0004:000009f0       $pdata$_tr_flush_block     000000018001d9f0     trees.obj
 0004:000009fc       $pdata$compress_block      000000018001d9fc     trees.obj
 0004:00000a08       $pdata$1$compress_block    000000018001da08     trees.obj
 0004:00000a14       $pdata$4$compress_block    000000018001da14     trees.obj
 0004:00000a20       $pdata$5$compress_block    000000018001da20     trees.obj
 0004:00000a2c       $pdata$6$compress_block    000000018001da2c     trees.obj
 0004:00000a38       $pdata$uncompress2         000000018001da38     uncompr.obj
 0004:00000a44       $pdata$0$uncompress2       000000018001da44     uncompr.obj
 0004:00000a50       $pdata$1$uncompress2       000000018001da50     uncompr.obj
 0004:00000a5c       $pdata$2$uncompress2       000000018001da5c     uncompr.obj
 0004:00000a68       $pdata$3$uncompress2       000000018001da68     uncompr.obj
 0004:00000a74       $pdata$uncompress          000000018001da74     uncompr.obj
 0004:00000a80       $pdata$unz64local_getByte  000000018001da80     unzip.obj
 0004:00000a8c       $pdata$unz64local_getShort 000000018001da8c     unzip.obj
 0004:00000a98       $pdata$unz64local_getLong  000000018001da98     unzip.obj
 0004:00000aa4       $pdata$unz64local_getLong64 000000018001daa4     unzip.obj
 0004:00000ab0       $pdata$unz64local_SearchCentralDir 000000018001dab0     unzip.obj
 0004:00000abc       $pdata$0$unz64local_SearchCentralDir 000000018001dabc     unzip.obj
 0004:00000ac8       $pdata$3$unz64local_SearchCentralDir 000000018001dac8     unzip.obj
 0004:00000ad4       $pdata$5$unz64local_SearchCentralDir 000000018001dad4     unzip.obj
 0004:00000ae0       $pdata$6$unz64local_SearchCentralDir 000000018001dae0     unzip.obj
 0004:00000aec       $pdata$unz64local_SearchCentralDir64 000000018001daec     unzip.obj
 0004:00000af8       $pdata$2$unz64local_SearchCentralDir64 000000018001daf8     unzip.obj
 0004:00000b04       $pdata$3$unz64local_SearchCentralDir64 000000018001db04     unzip.obj
 0004:00000b10       $pdata$unzOpenInternal     000000018001db10     unzip.obj
 0004:00000b1c       $pdata$3$unzOpenInternal   000000018001db1c     unzip.obj
 0004:00000b28       $pdata$4$unzOpenInternal   000000018001db28     unzip.obj
 0004:00000b34       $pdata$unzOpen2            000000018001db34     unzip.obj
 0004:00000b40       $pdata$unzOpen2_64         000000018001db40     unzip.obj
 0004:00000b4c       $pdata$unzClose            000000018001db4c     unzip.obj
 0004:00000b58       $pdata$unz64local_GetCurrentFileInfoInternal 000000018001db58     unzip.obj
 0004:00000b64       $pdata$unzGetCurrentFileInfo64 000000018001db64     unzip.obj
 0004:00000b70       $pdata$unzGetCurrentFileInfo 000000018001db70     unzip.obj
 0004:00000b7c       $pdata$unzGoToFirstFile    000000018001db7c     unzip.obj
 0004:00000b88       $pdata$unzGoToNextFile     000000018001db88     unzip.obj
 0004:00000b94       $pdata$unzLocateFile       000000018001db94     unzip.obj
 0004:00000ba0       $pdata$3$unzLocateFile     000000018001dba0     unzip.obj
 0004:00000bac       $pdata$5$unzLocateFile     000000018001dbac     unzip.obj
 0004:00000bb8       $pdata$unzGetFilePos       000000018001dbb8     unzip.obj
 0004:00000bc4       $pdata$unzGoToFilePos64    000000018001dbc4     unzip.obj
 0004:00000bd0       $pdata$0$unzGoToFilePos64  000000018001dbd0     unzip.obj
 0004:00000bdc       $pdata$1$unzGoToFilePos64  000000018001dbdc     unzip.obj
 0004:00000be8       $pdata$unzGoToFilePos      000000018001dbe8     unzip.obj
 0004:00000bf4       $pdata$unz64local_CheckCurrentFileCoherencyHeader 000000018001dbf4     unzip.obj
 0004:00000c00       $pdata$unzOpenCurrentFile3 000000018001dc00     unzip.obj
 0004:00000c0c       $pdata$0$unzOpenCurrentFile3 000000018001dc0c     unzip.obj
 0004:00000c18       $pdata$1$unzOpenCurrentFile3 000000018001dc18     unzip.obj
 0004:00000c24       $pdata$2$unzOpenCurrentFile3 000000018001dc24     unzip.obj
 0004:00000c30       $pdata$4$unzOpenCurrentFile3 000000018001dc30     unzip.obj
 0004:00000c3c       $pdata$unzOpenCurrentFile  000000018001dc3c     unzip.obj
 0004:00000c48       $pdata$unzOpenCurrentFilePassword 000000018001dc48     unzip.obj
 0004:00000c54       $pdata$unzOpenCurrentFile2 000000018001dc54     unzip.obj
 0004:00000c60       $pdata$unzReadCurrentFile  000000018001dc60     unzip.obj
 0004:00000c6c       $pdata$0$unzReadCurrentFile 000000018001dc6c     unzip.obj
 0004:00000c78       $pdata$2$unzReadCurrentFile 000000018001dc78     unzip.obj
 0004:00000c84       $pdata$4$unzReadCurrentFile 000000018001dc84     unzip.obj
 0004:00000c90       $pdata$12$unzReadCurrentFile 000000018001dc90     unzip.obj
 0004:00000c9c       $pdata$14$unzReadCurrentFile 000000018001dc9c     unzip.obj
 0004:00000ca8       $pdata$unzGetLocalExtrafield 000000018001dca8     unzip.obj
 0004:00000cb4       $pdata$0$unzGetLocalExtrafield 000000018001dcb4     unzip.obj
 0004:00000cc0       $pdata$2$unzGetLocalExtrafield 000000018001dcc0     unzip.obj
 0004:00000ccc       $pdata$4$unzGetLocalExtrafield 000000018001dccc     unzip.obj
 0004:00000cd8       $pdata$6$unzGetLocalExtrafield 000000018001dcd8     unzip.obj
 0004:00000ce4       $pdata$8$unzGetLocalExtrafield 000000018001dce4     unzip.obj
 0004:00000cf0       $pdata$unzCloseCurrentFile 000000018001dcf0     unzip.obj
 0004:00000cfc       $pdata$0$unzCloseCurrentFile 000000018001dcfc     unzip.obj
 0004:00000d08       $pdata$2$unzCloseCurrentFile 000000018001dd08     unzip.obj
 0004:00000d14       $pdata$unzGetGlobalComment 000000018001dd14     unzip.obj
 0004:00000d20       $pdata$update_keys         000000018001dd20     zip.obj
 0004:00000d2c       $pdata$init_keys           000000018001dd2c     zip.obj
 0004:00000d38       $pdata$crypthead           000000018001dd38     zip.obj
 0004:00000d44       $pdata$allocate_new_datablock 000000018001dd44     zip.obj
 0004:00000d50       $pdata$free_datablock      000000018001dd50     zip.obj
 0004:00000d5c       $pdata$0$free_datablock    000000018001dd5c     zip.obj
 0004:00000d68       $pdata$1$free_datablock    000000018001dd68     zip.obj
 0004:00000d74       $pdata$free_linkedlist     000000018001dd74     zip.obj
 0004:00000d80       $pdata$add_data_in_datablock 000000018001dd80     zip.obj
 0004:00000d8c       $pdata$0$add_data_in_datablock 000000018001dd8c     zip.obj
 0004:00000d98       $pdata$2$add_data_in_datablock 000000018001dd98     zip.obj
 0004:00000da4       $pdata$zip64local_putValue 000000018001dda4     zip.obj
 0004:00000db0       $pdata$0$zip64local_putValue 000000018001ddb0     zip.obj
 0004:00000dbc       $pdata$1$zip64local_putValue 000000018001ddbc     zip.obj
 0004:00000dc8       $pdata$zip64local_putValue_inmemory 000000018001ddc8     zip.obj
 0004:00000dd4       $pdata$zip64local_getByte  000000018001ddd4     zip.obj
 0004:00000de0       $pdata$zip64local_getShort 000000018001dde0     zip.obj
 0004:00000dec       $pdata$zip64local_getLong  000000018001ddec     zip.obj
 0004:00000df8       $pdata$zip64local_getLong64 000000018001ddf8     zip.obj
 0004:00000e04       $pdata$zip64local_SearchCentralDir 000000018001de04     zip.obj
 0004:00000e10       $pdata$0$zip64local_SearchCentralDir 000000018001de10     zip.obj
 0004:00000e1c       $pdata$3$zip64local_SearchCentralDir 000000018001de1c     zip.obj
 0004:00000e28       $pdata$5$zip64local_SearchCentralDir 000000018001de28     zip.obj
 0004:00000e34       $pdata$6$zip64local_SearchCentralDir 000000018001de34     zip.obj
 0004:00000e40       $pdata$zip64local_SearchCentralDir64 000000018001de40     zip.obj
 0004:00000e4c       $pdata$2$zip64local_SearchCentralDir64 000000018001de4c     zip.obj
 0004:00000e58       $pdata$3$zip64local_SearchCentralDir64 000000018001de58     zip.obj
 0004:00000e64       $pdata$LoadCentralDirectoryRecord 000000018001de64     zip.obj
 0004:00000e70       $pdata$zipOpen3            000000018001de70     zip.obj
 0004:00000e7c       $pdata$zipOpen2            000000018001de7c     zip.obj
 0004:00000e88       $pdata$zipOpen2_64         000000018001de88     zip.obj
 0004:00000e94       $pdata$Write_LocalFileHeader 000000018001de94     zip.obj
 0004:00000ea0       $pdata$0$Write_LocalFileHeader 000000018001dea0     zip.obj
 0004:00000eac       $pdata$1$Write_LocalFileHeader 000000018001deac     zip.obj
 0004:00000eb8       $pdata$zipOpenNewFileInZip4_64 000000018001deb8     zip.obj
 0004:00000ec4       $pdata$0$zipOpenNewFileInZip4_64 000000018001dec4     zip.obj
 0004:00000ed0       $pdata$2$zipOpenNewFileInZip4_64 000000018001ded0     zip.obj
 0004:00000edc       $pdata$6$zipOpenNewFileInZip4_64 000000018001dedc     zip.obj
 0004:00000ee8       $pdata$7$zipOpenNewFileInZip4_64 000000018001dee8     zip.obj
 0004:00000ef4       $pdata$zipOpenNewFileInZip3 000000018001def4     zip.obj
 0004:00000f00       $pdata$zipOpenNewFileInZip3_64 000000018001df00     zip.obj
 0004:00000f0c       $pdata$zipOpenNewFileInZip2 000000018001df0c     zip.obj
 0004:00000f18       $pdata$zipOpenNewFileInZip2_64 000000018001df18     zip.obj
 0004:00000f24       $pdata$zipOpenNewFileInZip64 000000018001df24     zip.obj
 0004:00000f30       $pdata$zipOpenNewFileInZip 000000018001df30     zip.obj
 0004:00000f3c       $pdata$zip64FlushWriteBuffer 000000018001df3c     zip.obj
 0004:00000f48       $pdata$0$zip64FlushWriteBuffer 000000018001df48     zip.obj
 0004:00000f54       $pdata$2$zip64FlushWriteBuffer 000000018001df54     zip.obj
 0004:00000f60       $pdata$3$zip64FlushWriteBuffer 000000018001df60     zip.obj
 0004:00000f6c       $pdata$4$zip64FlushWriteBuffer 000000018001df6c     zip.obj
 0004:00000f78       $pdata$zipWriteInFileInZip 000000018001df78     zip.obj
 0004:00000f84       $pdata$0$zipWriteInFileInZip 000000018001df84     zip.obj
 0004:00000f90       $pdata$1$zipWriteInFileInZip 000000018001df90     zip.obj
 0004:00000f9c       $pdata$2$zipWriteInFileInZip 000000018001df9c     zip.obj
 0004:00000fa8       $pdata$zipCloseFileInZipRaw64 000000018001dfa8     zip.obj
 0004:00000fb4       $pdata$Write_Zip64EndOfCentralDirectoryLocator 000000018001dfb4     zip.obj
 0004:00000fc0       $pdata$Write_Zip64EndOfCentralDirectoryRecord 000000018001dfc0     zip.obj
 0004:00000fcc       $pdata$Write_EndOfCentralDirectoryRecord 000000018001dfcc     zip.obj
 0004:00000fd8       $pdata$Write_GlobalComment 000000018001dfd8     zip.obj
 0004:00000fe4       $pdata$zipClose            000000018001dfe4     zip.obj
 0004:00000ff0       $pdata$0$zipClose          000000018001dff0     zip.obj
 0004:00000ffc       $pdata$1$zipClose          000000018001dffc     zip.obj
 0004:00001008       $pdata$2$zipClose          000000018001e008     zip.obj
 0004:00001014       $pdata$3$zipClose          000000018001e014     zip.obj
 0004:00001020       $pdata$4$zipClose          000000018001e020     zip.obj
 0004:0000102c       $pdata$5$zipClose          000000018001e02c     zip.obj
 0004:00001038       $pdata$?dllmain_crt_dispatch@@YAHQEAUHINSTANCE__@@KQEAX@Z 000000018001e038     MSVCRT:dll_dllmain.obj
 0004:00001044       $pdata$?dllmain_crt_process_attach@@YAHQEAUHINSTANCE__@@QEAX@Z 000000018001e044     MSVCRT:dll_dllmain.obj
 0004:00001050       $pdata$?dllmain_crt_process_detach@@YAH_N@Z 000000018001e050     MSVCRT:dll_dllmain.obj
 0004:0000105c       $pdata$?dllmain_dispatch@@YAHQEAUHINSTANCE__@@KQEAX@Z 000000018001e05c     MSVCRT:dll_dllmain.obj
 0004:00001068       $pdata$?dllmain_raw@@YAHQEAUHINSTANCE__@@KQEAX@Z 000000018001e068     MSVCRT:dll_dllmain.obj
 0004:00001074       $pdata$_DllMainCRTStartup  000000018001e074     MSVCRT:dll_dllmain.obj
 0004:00001080       $pdata$?configure_argv@__scrt_narrow_argv_policy@@SAHXZ 000000018001e080     MSVCRT:utility.obj
 0004:0000108c       $pdata$__scrt_acquire_startup_lock 000000018001e08c     MSVCRT:utility.obj
 0004:00001098       $pdata$__scrt_dllmain_after_initialize_c 000000018001e098     MSVCRT:utility.obj
 0004:000010a4       $pdata$__scrt_dllmain_before_initialize_c 000000018001e0a4     MSVCRT:utility.obj
 0004:000010b0       $pdata$__scrt_dllmain_crt_thread_attach 000000018001e0b0     MSVCRT:utility.obj
 0004:000010bc       $pdata$__scrt_dllmain_crt_thread_detach 000000018001e0bc     MSVCRT:utility.obj
 0004:000010c8       $pdata$__scrt_dllmain_exception_filter 000000018001e0c8     MSVCRT:utility.obj
 0004:000010d4       $pdata$__scrt_dllmain_uninitialize_c 000000018001e0d4     MSVCRT:utility.obj
 0004:000010e0       $pdata$__scrt_dllmain_uninitialize_critical 000000018001e0e0     MSVCRT:utility.obj
 0004:000010ec       $pdata$__scrt_initialize_crt 000000018001e0ec     MSVCRT:utility.obj
 0004:000010f8       $pdata$__scrt_initialize_onexit_tables 000000018001e0f8     MSVCRT:utility.obj
 0004:00001104       $pdata$__scrt_is_nonwritable_in_current_image 000000018001e104     MSVCRT:utility.obj
 0004:00001110       $pdata$__scrt_release_startup_lock 000000018001e110     MSVCRT:utility.obj
 0004:0000111c       $pdata$__scrt_uninitialize_crt 000000018001e11c     MSVCRT:utility.obj
 0004:00001128       $pdata$_onexit             000000018001e128     MSVCRT:utility.obj
 0004:00001134       $pdata$atexit              000000018001e134     MSVCRT:utility.obj
 0004:00001140       $pdata$__security_init_cookie 000000018001e140     MSVCRT:gs_support.obj
 0004:0000114c       $pdata$DllMain             000000018001e14c     MSVCRT:dll_dllmain_stub.obj
 0004:00001158       $pdata$__scrt_initialize_default_local_stdio_options 000000018001e158     MSVCRT:default_local_stdio_options.obj
 0004:00001164       $pdata$__scrt_fastfail     000000018001e164     MSVCRT:utility_desktop.obj
 0004:00001170       $pdata$__scrt_get_show_window_mode 000000018001e170     MSVCRT:utility_desktop.obj
 0004:0000117c       $pdata$__scrt_is_managed_app 000000018001e17c     MSVCRT:utility_desktop.obj
 0004:00001188       $pdata$__scrt_unhandled_exception_filter 000000018001e188     MSVCRT:utility_desktop.obj
 0004:00001194       $pdata$_RTC_Initialize     000000018001e194     MSVCRT:_initsect_.obj
 0004:000011a0       $pdata$_RTC_Terminate      000000018001e1a0     MSVCRT:_initsect_.obj
 0004:000011ac       $pdata$__isa_available_init 000000018001e1ac     MSVCRT:_cpu_disp_.obj
 0004:000011d0       $pdata$?fin$0@?0??dllmain_crt_process_attach@@YAHQEAUHINSTANCE__@@QEAX@Z@4HA 000000018001e1d0     MSVCRT:dll_dllmain.obj
 0004:000011dc       $pdata$?fin$0@?0??dllmain_crt_process_detach@@YAH_N@Z@4HA 000000018001e1dc     MSVCRT:dll_dllmain.obj
 0004:000011e8       $pdata$?filt$0@?0??dllmain_dispatch@@YAHQEAUHINSTANCE__@@KQEAX@Z@4HA 000000018001e1e8     MSVCRT:dll_dllmain.obj
 0004:000011f4       $pdata$__scrt_is_nonwritable_in_current_image$filt$0 000000018001e1f4     MSVCRT:utility.obj
 0005:00000000       __guard_fids_?dllmain_crt_process_attach@@YAHQEAUHINSTANCE__@@QEAX@Z 000000018001f000     MSVCRT:dll_dllmain.obj
 0005:00000008       __guard_fids_?dllmain_dispatch@@YAHQEAUHINSTANCE__@@KQEAX@Z 000000018001f008     MSVCRT:dll_dllmain.obj
 0005:0000000c       __guard_fids___scrt_set_unhandled_exception_filter 000000018001f00c     MSVCRT:utility_desktop.obj
 0005:00000010       __guard_fids__             000000018001f010     MSVCRT:guard_support.obj
 0005:00000014       __guard_fids__guard_icall_checks_enforced 000000018001f014     MSVCRT:guard_support.obj
 0006:00000060       $R000000                   0000000180020060     zlib.res
