 zlibwapi

 Timestamp is 586f28a1 (Thu Jan  5 21:18:25 2017)

 Preferred load address is 0000000180000000

 Start         Length     Name                   Class
 0001:00000000 0002c470H .text$mn                CODE
 0001:0002c470 00001020H .text$mn$00             CODE
 0001:0002d490 00001100H .text$x                 CODE
 0002:00000000 00000110H .CRT$XCA                DATA
 0002:00000110 00000110H .CRT$XCZ                DATA
 0002:00000220 00000110H .CRT$XIA                DATA
 0002:00000330 00000110H .CRT$XIZ                DATA
 0002:00000440 00000110H .CRT$XPA                DATA
 0002:00000550 00000110H .CRT$XPZ                DATA
 0002:00000660 00000110H .CRT$XTA                DATA
 0002:00000770 00000110H .CRT$XTZ                DATA
 0002:00000880 00004e30H .rdata                  DATA
 0002:000056b0 000001a0H .rdata$zzzdbg           DATA
 0002:00005850 00000110H .rtc$IAA                DATA
 0002:00005960 00000110H .rtc$IZZ                DATA
 0002:00005a70 00000110H .rtc$TAA                DATA
 0002:00005b80 00000110H .rtc$TZZ                DATA
 0002:00005c90 00000e20H .xdata                  DATA
 0002:00006ab0 00001091H .edata                  DATA
 0003:00000000 000009a0H .data                   DATA
 0003:000009a0 00000751H .bss                    DATA
 0004:00000000 00001194H .pdata                  DATA
 0005:00000000 00000390H .idata$5                DATA
 0005:00000390 0000003cH .idata$2                DATA
 0005:000003cc 00000014H .idata$3                DATA
 0005:000003e0 00000390H .idata$4                DATA
 0005:00000770 0000062eH .idata$6                DATA
 0006:00000000 00000120H .gfids$y                DATA
 0007:00000000 0000011bH .00cfg                  DATA
 0008:00000000 00000170H .rsrc$01                DATA
 0008:00000170 000004dcH .rsrc$02                DATA

  Address         Publics by Value              Rva+Base               Lib:Object

 0000:00000000       ___safe_se_handler_table   0000000000000000     <absolute>
 0000:00000000       ___safe_se_handler_count   0000000000000000     <absolute>
 0000:00000000       __guard_longjmp_count      0000000000000000     <absolute>
 0000:00000000       __guard_longjmp_table      0000000000000000     <absolute>
 0000:00000000       __guard_fids_count         0000000000000000     <absolute>
 0000:00000000       __guard_iat_table          0000000000000000     <absolute>
 0000:00000000       __guard_fids_table         0000000000000000     <absolute>
 0000:00000000       __guard_iat_count          0000000000000000     <absolute>
 0000:00000000       __dynamic_value_reloc_table 0000000000000000     <absolute>
 0000:00000100       __guard_flags              0000000000000100     <absolute>
 0000:00000000       __ImageBase                0000000180000000     <linker-defined>
 0001:00000a10       longest_match              0000000180001a10 f   gvmat64.obj
 0001:00000ce9       match_init                 0000000180001ce9 f   gvmat64.obj
 0001:00000da0       inffas8664fnc              0000000180001da0 f   inffasx64.obj
 0001:00001180       adler32                    0000000180002180 f   adler32.obj
 0001:000011c0       adler32_z                  00000001800021c0 f   adler32.obj
 0001:000019d0       adler32_combine            00000001800029d0 f   adler32.obj
 0001:00001b40       adler32_combine64          0000000180002b40 f   adler32.obj
 0001:00001df0       compress                   0000000180002df0 f   compress.obj
 0001:00001e40       compress2                  0000000180002e40 f   compress.obj
 0001:00002000       compressBound              0000000180003000 f   compress.obj
 0001:000020c0       crc32                      00000001800030c0 f   crc32.obj
 0001:00002100       crc32_z                    0000000180003100 f   crc32.obj
 0001:00002470       crc32_combine              0000000180003470 f   crc32.obj
 0001:000024b0       get_crc_table              00000001800034b0 f   crc32.obj
 0001:00003770       crc32_combine64            0000000180004770 f   crc32.obj
 0001:00003d50       deflate                    0000000180004d50 f   deflate.obj
 0001:00005260       deflateEnd                 0000000180006260 f   deflate.obj
 0001:000053a0       deflateSetDictionary       00000001800063a0 f   deflate.obj
 0001:00005720       deflateGetDictionary       0000000180006720 f   deflate.obj
 0001:00005800       deflateCopy                0000000180006800 f   deflate.obj
 0001:00005b00       deflateReset               0000000180006b00 f   deflate.obj
 0001:00005b40       deflateParams              0000000180006b40 f   deflate.obj
 0001:00005d80       deflateTune                0000000180006d80 f   deflate.obj
 0001:00005e10       deflateBound               0000000180006e10 f   deflate.obj
 0001:00006020       deflatePending             0000000180007020 f   deflate.obj
 0001:00006090       deflatePrime               0000000180007090 f   deflate.obj
 0001:000061c0       deflateSetHeader           00000001800071c0 f   deflate.obj
 0001:00006220       deflateInit_               0000000180007220 f   deflate.obj
 0001:00006280       deflateInit2_              0000000180007280 f   deflate.obj
 0001:00006710       deflateResetKeep           0000000180007710 f   deflate.obj
 0001:0000b950       gzclose                    000000018000c950 f   gzclose.obj
 0001:0000b9c0       gzdopen                    000000018000c9c0 f   gzlib.obj
 0001:0000ba40       gzbuffer                   000000018000ca40 f   gzlib.obj
 0001:0000bae0       gzrewind                   000000018000cae0 f   gzlib.obj
 0001:0000bb70       gzeof                      000000018000cb70 f   gzlib.obj
 0001:0000bbe0       gzerror                    000000018000cbe0 f   gzlib.obj
 0001:0000bca0       gzclearerr                 000000018000cca0 f   gzlib.obj
 0001:0000bd20       gzopen                     000000018000cd20 f   gzlib.obj
 0001:0000bd50       gzseek                     000000018000cd50 f   gzlib.obj
 0001:0000bdb0       gztell                     000000018000cdb0 f   gzlib.obj
 0001:0000be00       gzoffset                   000000018000ce00 f   gzlib.obj
 0001:0000be50       gzopen_w                   000000018000ce50 f   gzlib.obj
 0001:0000be80       gzopen64                   000000018000ce80 f   gzlib.obj
 0001:0000beb0       gzseek64                   000000018000ceb0 f   gzlib.obj
 0001:0000c1c0       gztell64                   000000018000d1c0 f   gzlib.obj
 0001:0000c240       gzoffset64                 000000018000d240 f   gzlib.obj
 0001:0000c300       gz_error                   000000018000d300 f   gzlib.obj
 0001:0000cdf0       __local_stdio_printf_options 000000018000ddf0 f i gzlib.obj
 0001:0000ce00       snprintf                   000000018000de00 f i gzlib.obj
 0001:0000ce70       vsnprintf                  000000018000de70 f i gzlib.obj
 0001:0000cf10       gzread                     000000018000df10 f   gzread.obj
 0001:0000cfe0       gzfread                    000000018000dfe0 f   gzread.obj
 0001:0000d0d0       gzgets                     000000018000e0d0 f   gzread.obj
 0001:0000d300       gzgetc                     000000018000e300 f   gzread.obj
 0001:0000d400       gzungetc                   000000018000e400 f   gzread.obj
 0001:0000d650       gzdirect                   000000018000e650 f   gzread.obj
 0001:0000d6b0       gzclose_r                  000000018000e6b0 f   gzread.obj
 0001:0000d7b0       gzgetc_                    000000018000e7b0 f   gzread.obj
 0001:0000e7b0       gzsetparams                000000018000f7b0 f   gzwrite.obj
 0001:0000e8e0       gzwrite                    000000018000f8e0 f   gzwrite.obj
 0001:0000e970       gzfwrite                   000000018000f970 f   gzwrite.obj
 0001:0000ea50       gzprintf                   000000018000fa50 f   gzwrite.obj
 0001:0000eab0       gzputs                     000000018000fab0 f   gzwrite.obj
 0001:0000eb50       gzputc                     000000018000fb50 f   gzwrite.obj
 0001:0000ecd0       gzflush                    000000018000fcd0 f   gzwrite.obj
 0001:0000ed90       gzclose_w                  000000018000fd90 f   gzwrite.obj
 0001:0000eed0       gzvprintf                  000000018000fed0 f   gzwrite.obj
 0001:0000fde0       inflateBack                0000000180010de0 f   infback.obj
 0001:00011a60       inflateBackEnd             0000000180012a60 f   infback.obj
 0001:00011ad0       inflateBackInit_           0000000180012ad0 f   infback.obj
 0001:00012440       inflate_fast               0000000180013440 f   inffas8664.obj
 0001:000128f0       inflate                    00000001800138f0 f   inflate.obj
 0001:00015770       inflateEnd                 0000000180016770 f   inflate.obj
 0001:00015800       inflateSetDictionary       0000000180016800 f   inflate.obj
 0001:00015900       inflateGetDictionary       0000000180016900 f   inflate.obj
 0001:000159e0       inflateSync                00000001800169e0 f   inflate.obj
 0001:00015bf0       inflateCopy                0000000180016bf0 f   inflate.obj
 0001:00015e50       inflateReset               0000000180016e50 f   inflate.obj
 0001:00015ec0       inflateReset2              0000000180016ec0 f   inflate.obj
 0001:00015fc0       inflatePrime               0000000180016fc0 f   inflate.obj
 0001:000160a0       inflateMark                00000001800170a0 f   inflate.obj
 0001:00016140       inflateGetHeader           0000000180017140 f   inflate.obj
 0001:000161b0       inflateInit_               00000001800171b0 f   inflate.obj
 0001:000161f0       inflateInit2_              00000001800171f0 f   inflate.obj
 0001:00016360       inflateSyncPoint           0000000180017360 f   inflate.obj
 0001:000163d0       inflateUndermine           00000001800173d0 f   inflate.obj
 0001:00016420       inflateValidate            0000000180017420 f   inflate.obj
 0001:00016490       inflateCodesUsed           0000000180017490 f   inflate.obj
 0001:000164f0       inflateResetKeep           00000001800174f0 f   inflate.obj
 0001:00017a50       inflate_table              0000000180018a50 f   inftrees.obj
 0001:00018430       fill_fopen64_filefunc      0000000180019430 f   ioapi.obj
 0001:000184c0       fill_fopen_filefunc        00000001800194c0 f   ioapi.obj
 0001:00018550       call_zopen64               0000000180019550 f   ioapi.obj
 0001:000185c0       call_zseek64               00000001800195c0 f   ioapi.obj
 0001:00018650       call_ztell64               0000000180019650 f   ioapi.obj
 0001:000186c0       fill_zlib_filefunc64_32_def_from_filefunc32 00000001800196c0 f   ioapi.obj
 0001:00018d70       fill_win32_filefunc        0000000180019d70 f   iowin32.obj
 0001:00018e00       fill_win32_filefunc64      0000000180019e00 f   iowin32.obj
 0001:00018e90       fill_win32_filefunc64A     0000000180019e90 f   iowin32.obj
 0001:00018f20       fill_win32_filefunc64W     0000000180019f20 f   iowin32.obj
 0001:00018fb0       win32_open_file_func       0000000180019fb0 f   iowin32.obj
 0001:00019060       win32_read_file_func       000000018001a060 f   iowin32.obj
 0001:00019110       win32_write_file_func      000000018001a110 f   iowin32.obj
 0001:000191c0       win32_tell64_file_func     000000018001a1c0 f   iowin32.obj
 0001:00019260       win32_seek64_file_func     000000018001a260 f   iowin32.obj
 0001:00019350       win32_close_file_func      000000018001a350 f   iowin32.obj
 0001:000193b0       win32_error_file_func      000000018001a3b0 f   iowin32.obj
 0001:00019540       win32_open64_file_func     000000018001a540 f   iowin32.obj
 0001:000195f0       win32_open64_file_funcA    000000018001a5f0 f   iowin32.obj
 0001:000196a0       win32_open64_file_funcW    000000018001a6a0 f   iowin32.obj
 0001:000197f0       win32_tell_file_func       000000018001a7f0 f   iowin32.obj
 0001:00019890       win32_seek_file_func       000000018001a890 f   iowin32.obj
 0001:00019c80       _tr_init                   000000018001ac80 f   trees.obj
 0001:00019d40       _tr_tally                  000000018001ad40 f   trees.obj
 0001:00019ef0       _tr_flush_block            000000018001aef0 f   trees.obj
 0001:0001a370       _tr_flush_bits             000000018001b370 f   trees.obj
 0001:0001a390       _tr_align                  000000018001b390 f   trees.obj
 0001:0001a6a0       _tr_stored_block           000000018001b6a0 f   trees.obj
 0001:0001e950       uncompress                 000000018001f950 f   uncompr.obj
 0001:0001e990       uncompress2                000000018001f990 f   uncompr.obj
 0001:0001ec80       unzStringFileNameCompare   000000018001fc80 f   unzip.obj
 0001:0001ece0       unzOpen                    000000018001fce0 f   unzip.obj
 0001:0001ed10       unzOpen64                  000000018001fd10 f   unzip.obj
 0001:0001ed40       unzOpen2                   000000018001fd40 f   unzip.obj
 0001:0001edb0       unzOpen2_64                000000018001fdb0 f   unzip.obj
 0001:0001ee40       unzClose                   000000018001fe40 f   unzip.obj
 0001:0001eec0       unzGetGlobalInfo           000000018001fec0 f   unzip.obj
 0001:0001ef10       unzGetGlobalInfo64         000000018001ff10 f   unzip.obj
 0001:0001ef60       unzGetGlobalComment        000000018001ff60 f   unzip.obj
 0001:0001f060       unzGoToFirstFile           0000000180020060 f   unzip.obj
 0001:0001f150       unzGoToNextFile            0000000180020150 f   unzip.obj
 0001:0001f2b0       unzLocateFile              00000001800202b0 f   unzip.obj
 0001:0001f480       unzGetFilePos              0000000180020480 f   unzip.obj
 0001:0001f4d0       unzGoToFilePos             00000001800204d0 f   unzip.obj
 0001:0001f520       unzGetFilePos64            0000000180020520 f   unzip.obj
 0001:0001f5a0       unzGoToFilePos64           00000001800205a0 f   unzip.obj
 0001:0001f690       unzGetCurrentFileInfo64    0000000180020690 f   unzip.obj
 0001:0001f710       unzGetCurrentFileInfo      0000000180020710 f   unzip.obj
 0001:0001f8c0       unzGetCurrentFileZStreamPos64 00000001800208c0 f   unzip.obj
 0001:0001f920       unzOpenCurrentFile         0000000180020920 f   unzip.obj
 0001:0001f950       unzOpenCurrentFilePassword 0000000180020950 f   unzip.obj
 0001:0001f990       unzOpenCurrentFile2        0000000180020990 f   unzip.obj
 0001:0001f9e0       unzOpenCurrentFile3        00000001800209e0 f   unzip.obj
 0001:0001fdf0       unzCloseCurrentFile        0000000180020df0 f   unzip.obj
 0001:0001ff00       unzReadCurrentFile         0000000180020f00 f   unzip.obj
 0001:00020480       unztell                    0000000180021480 f   unzip.obj
 0001:000204e0       unztell64                  00000001800214e0 f   unzip.obj
 0001:00020540       unzeof                     0000000180021540 f   unzip.obj
 0001:000205b0       unzGetLocalExtrafield      00000001800215b0 f   unzip.obj
 0001:000206f0       unzGetOffset64             00000001800216f0 f   unzip.obj
 0001:00020770       unzGetOffset               0000000180021770 f   unzip.obj
 0001:000207b0       unzSetOffset64             00000001800217b0 f   unzip.obj
 0001:000208a0       unzSetOffset               00000001800218a0 f   unzip.obj
 0001:000234a0       zipOpen                    00000001800244a0 f   zip.obj
 0001:000234d0       zipOpen64                  00000001800244d0 f   zip.obj
 0001:00023500       zipOpen2                   0000000180024500 f   zip.obj
 0001:00023590       zipOpen2_64                0000000180024590 f   zip.obj
 0001:00023640       zipOpenNewFileInZip        0000000180024640 f   zip.obj
 0001:00023730       zipOpenNewFileInZip64      0000000180024730 f   zip.obj
 0001:00023820       zipOpenNewFileInZip2       0000000180024820 f   zip.obj
 0001:00023910       zipOpenNewFileInZip2_64    0000000180024910 f   zip.obj
 0001:00023a00       zipOpenNewFileInZip3       0000000180024a00 f   zip.obj
 0001:00023b00       zipOpenNewFileInZip3_64    0000000180024b00 f   zip.obj
 0001:00023c00       zipOpenNewFileInZip4       0000000180024c00 f   zip.obj
 0001:00023d00       zipOpenNewFileInZip4_64    0000000180024d00 f   zip.obj
 0001:00024670       zipWriteInFileInZip        0000000180025670 f   zip.obj
 0001:00024950       zipCloseFileInZip          0000000180025950 f   zip.obj
 0001:00024980       zipCloseFileInZipRaw       0000000180025980 f   zip.obj
 0001:000249c0       zipCloseFileInZipRaw64     00000001800259c0 f   zip.obj
 0001:000251c0       zipClose                   00000001800261c0 f   zip.obj
 0001:00025410       zipRemoveExtraInfoBlock    0000000180026410 f   zip.obj
 0001:00026850       LoadCentralDirectoryRecord 0000000180027850 f   zip.obj
 0001:00026fe0       zipOpen3                   0000000180027fe0 f   zip.obj
 0001:000271f0       Write_LocalFileHeader      00000001800281f0 f   zip.obj
 0001:000277b0       Write_Zip64EndOfCentralDirectoryLocator 00000001800287b0 f   zip.obj
 0001:000278a0       Write_Zip64EndOfCentralDirectoryRecord 00000001800288a0 f   zip.obj
 0001:00027ab0       Write_EndOfCentralDirectoryRecord 0000000180028ab0 f   zip.obj
 0001:00027cf0       Write_GlobalComment        0000000180028cf0 f   zip.obj
 0001:00028fe0       zlibVersion                0000000180029fe0 f   zutil.obj
 0001:00028ff0       zlibCompileFlags           0000000180029ff0 f   zutil.obj
 0001:00029130       zError                     000000018002a130 f   zutil.obj
 0001:00029160       zcalloc                    000000018002a160 f   zutil.obj
 0001:00029190       zcfree                     000000018002a190 f   zutil.obj
 0001:00029222       CreateFileA                000000018002a222 f   kernel32:KERNEL32.dll
 0001:00029228       CreateFileW                000000018002a228 f   kernel32:KERNEL32.dll
 0001:0002922e       ReadFile                   000000018002a22e f   kernel32:KERNEL32.dll
 0001:00029234       SetFilePointer             000000018002a234 f   kernel32:KERNEL32.dll
 0001:0002923a       WriteFile                  000000018002a23a f   kernel32:KERNEL32.dll
 0001:00029240       CloseHandle                000000018002a240 f   kernel32:KERNEL32.dll
 0001:00029246       GetLastError               000000018002a246 f   kernel32:KERNEL32.dll
 0001:00029260       _alloca_probe              000000018002a260 f   MSVCRTD:_chkstk_.obj
 0001:00029260       __chkstk                   000000018002a260 f   MSVCRTD:_chkstk_.obj
 0001:000297f0       _CRT_INIT                  000000018002a7f0 f   MSVCRTD:dll_dllmain.obj
 0001:00029830       _DllMainCRTStartup         000000018002a830 f   MSVCRTD:dll_dllmain.obj
 0001:00029880       ??$__crt_fast_decode_pointer@PEAP6AXXZ@@YAPEAP6AXXZQEAP6AXXZ@Z 000000018002a880 f i MSVCRTD:utility.obj
 0001:000298d0       ??$__crt_fast_encode_pointer@PEAP6AXXZ@@YAPEAP6AXXZQEAP6AXXZ@Z 000000018002a8d0 f i MSVCRTD:utility.obj
 0001:00029920       ?__crt_rotate_pointer_value@@YA_K_KH@Z 000000018002a920 f i MSVCRTD:utility.obj
 0001:00029940       ?configure_argv@__scrt_narrow_argv_policy@@SAHXZ 000000018002a940 f i MSVCRTD:utility.obj
 0001:00029b10       NtCurrentTeb               000000018002ab10 f i MSVCRTD:utility.obj
 0001:00029b20       __scrt_acquire_startup_lock 000000018002ab20 f   MSVCRTD:utility.obj
 0001:00029ba0       __scrt_dllmain_after_initialize_c 000000018002aba0 f   MSVCRTD:utility.obj
 0001:00029be0       __scrt_dllmain_before_initialize_c 000000018002abe0 f   MSVCRTD:utility.obj
 0001:00029c10       __scrt_dllmain_crt_thread_attach 000000018002ac10 f   MSVCRTD:utility.obj
 0001:00029c50       __scrt_dllmain_crt_thread_detach 000000018002ac50 f   MSVCRTD:utility.obj
 0001:00029c70       __scrt_dllmain_exception_filter 000000018002ac70 f   MSVCRTD:utility.obj
 0001:00029cf0       __scrt_dllmain_uninitialize_c 000000018002acf0 f   MSVCRTD:utility.obj
 0001:00029d30       __scrt_dllmain_uninitialize_critical 000000018002ad30 f   MSVCRTD:utility.obj
 0001:00029d50       __scrt_initialize_crt      000000018002ad50 f   MSVCRTD:utility.obj
 0001:00029db0       __scrt_initialize_onexit_tables 000000018002adb0 f   MSVCRTD:utility.obj
 0001:00029ef0       __scrt_is_nonwritable_in_current_image 000000018002aef0 f   MSVCRTD:utility.obj
 0001:00029fa0       __scrt_release_startup_lock 000000018002afa0 f   MSVCRTD:utility.obj
 0001:00029fe0       __scrt_uninitialize_crt    000000018002afe0 f   MSVCRTD:utility.obj
 0001:0002a030       _onexit                    000000018002b030 f   MSVCRTD:utility.obj
 0001:0002a0e0       at_quick_exit              000000018002b0e0 f   MSVCRTD:utility.obj
 0001:0002a150       atexit                     000000018002b150 f   MSVCRTD:utility.obj
 0001:0002a190       __security_init_cookie     000000018002b190 f   MSVCRTD:gs_support.obj
 0001:0002a2f0       DllMain                    000000018002b2f0 f   MSVCRTD:dll_dllmain_stub.obj
 0001:0002a340       ?__scrt_initialize_type_info@@YAXXZ 000000018002b340 f   MSVCRTD:tncleanup.obj
 0001:0002a360       ?__scrt_uninitialize_type_info@@YAXXZ 000000018002b360 f   MSVCRTD:tncleanup.obj
 0001:0002a380       __local_stdio_scanf_options 000000018002b380 f i MSVCRTD:default_local_stdio_options.obj
 0001:0002a390       __scrt_initialize_default_local_stdio_options 000000018002b390 f   MSVCRTD:default_local_stdio_options.obj
 0001:0002a3f0       __scrt_get_dyn_tls_init_callback 000000018002b3f0 f   MSVCRTD:dyn_tls_init.obj
 0001:0002a400       __crt_debugger_hook        000000018002b400 f   MSVCRTD:utility_desktop.obj
 0001:0002a420       __scrt_fastfail            000000018002b420 f   MSVCRTD:utility_desktop.obj
 0001:0002a620       __scrt_get_show_window_mode 000000018002b620 f   MSVCRTD:utility_desktop.obj
 0001:0002a690       __scrt_initialize_winrt    000000018002b690 f   MSVCRTD:utility_desktop.obj
 0001:0002a6a0       __scrt_is_managed_app      000000018002b6a0 f   MSVCRTD:utility_desktop.obj
 0001:0002a770       __scrt_set_unhandled_exception_filter 000000018002b770 f   MSVCRTD:utility_desktop.obj
 0001:0002a790       __scrt_unhandled_exception_filter 000000018002b790 f   MSVCRTD:utility_desktop.obj
 0001:0002a820       _RTC_Initialize            000000018002b820 f   MSVCRTD:_initsect_.obj
 0001:0002a880       _RTC_Terminate             000000018002b880 f   MSVCRTD:_initsect_.obj
 0001:0002a8e0       _guard_check_icall         000000018002b8e0 f i MSVCRTD:checkcfg.obj
 0001:0002a900       __isa_available_init       000000018002b900 f   MSVCRTD:_cpu_disp_.obj
 0001:0002ad60       _get_startup_argv_mode     000000018002bd60 f   MSVCRTD:argv_mode.obj
 0001:0002ad70       __scrt_is_ucrt_dll_in_use  000000018002bd70 f   MSVCRTD:ucrt_detection.obj
 0001:0002ada0       _guard_check_icall_nop     000000018002bda0 f i MSVCRTD:guard_support.obj
 0001:0002adb0       _guard_icall_checks_enforced 000000018002bdb0 f i MSVCRTD:guard_support.obj
 0001:0002adf0       __GSHandlerCheck           000000018002bdf0 f   MSVCRTD:_gshandler_.obj
 0001:0002ae40       __GSHandlerCheckCommon     000000018002be40 f   MSVCRTD:_gshandler_.obj
 0001:0002af90       __security_check_cookie    000000018002bf90 f   MSVCRTD:_amdsecgs_.obj
 0001:0002afc0       __raise_securityfailure    000000018002bfc0 f   MSVCRTD:gs_report.obj
 0001:0002b010       __report_gsfailure         000000018002c010 f   MSVCRTD:gs_report.obj
 0001:0002b120       __report_rangecheckfailure 000000018002c120 f   MSVCRTD:gs_report.obj
 0001:0002b140       __report_securityfailure   000000018002c140 f   MSVCRTD:gs_report.obj
 0001:0002b210       __report_securityfailureEx 000000018002c210 f   MSVCRTD:gs_report.obj
 0001:0002b50e       memcpy                     000000018002c50e f   vcruntimed:VCRUNTIME140D.dll
 0001:0002b514       memset                     000000018002c514 f   vcruntimed:VCRUNTIME140D.dll
 0001:0002b51a       memchr                     000000018002c51a f   vcruntimed:VCRUNTIME140D.dll
 0001:0002b520       __telemetry_main_invoke_trigger 000000018002c520 f   vcruntimed:VCRUNTIME140D.dll
 0001:0002b526       __telemetry_main_return_trigger 000000018002c526 f   vcruntimed:VCRUNTIME140D.dll
 0001:0002b52c       __C_specific_handler       000000018002c52c f   vcruntimed:VCRUNTIME140D.dll
 0001:0002b532       __std_type_info_destroy_list 000000018002c532 f   vcruntimed:VCRUNTIME140D.dll
 0001:0002b538       __stdio_common_vsprintf    000000018002c538 f   ucrtd:ucrtbased.dll
 0001:0002b53e       strlen                     000000018002c53e f   ucrtd:ucrtbased.dll
 0001:0002b544       free                       000000018002c544 f   ucrtd:ucrtbased.dll
 0001:0002b54a       malloc                     000000018002c54a f   ucrtd:ucrtbased.dll
 0001:0002b550       wcstombs                   000000018002c550 f   ucrtd:ucrtbased.dll
 0001:0002b556       _wopen                     000000018002c556 f   ucrtd:ucrtbased.dll
 0001:0002b55c       _lseeki64                  000000018002c55c f   ucrtd:ucrtbased.dll
 0001:0002b562       _open                      000000018002c562 f   ucrtd:ucrtbased.dll
 0001:0002b568       _errno                     000000018002c568 f   ucrtd:ucrtbased.dll
 0001:0002b56e       strerror                   000000018002c56e f   ucrtd:ucrtbased.dll
 0001:0002b574       _close                     000000018002c574 f   ucrtd:ucrtbased.dll
 0001:0002b57a       _read                      000000018002c57a f   ucrtd:ucrtbased.dll
 0001:0002b580       _write                     000000018002c580 f   ucrtd:ucrtbased.dll
 0001:0002b586       fclose                     000000018002c586 f   ucrtd:ucrtbased.dll
 0001:0002b58c       ferror                     000000018002c58c f   ucrtd:ucrtbased.dll
 0001:0002b592       fopen                      000000018002c592 f   ucrtd:ucrtbased.dll
 0001:0002b598       fread                      000000018002c598 f   ucrtd:ucrtbased.dll
 0001:0002b59e       fseek                      000000018002c59e f   ucrtd:ucrtbased.dll
 0001:0002b5a4       _fseeki64                  000000018002c5a4 f   ucrtd:ucrtbased.dll
 0001:0002b5aa       ftell                      000000018002c5aa f   ucrtd:ucrtbased.dll
 0001:0002b5b0       _ftelli64                  000000018002c5b0 f   ucrtd:ucrtbased.dll
 0001:0002b5b6       fwrite                     000000018002c5b6 f   ucrtd:ucrtbased.dll
 0001:0002b5bc       strcmp                     000000018002c5bc f   ucrtd:ucrtbased.dll
 0001:0002b5c2       srand                      000000018002c5c2 f   ucrtd:ucrtbased.dll
 0001:0002b5c8       rand                       000000018002c5c8 f   ucrtd:ucrtbased.dll
 0001:0002b5ce       _time64                    000000018002c5ce f   ucrtd:ucrtbased.dll
 0001:0002b5d4       _initterm                  000000018002c5d4 f   ucrtd:ucrtbased.dll
 0001:0002b5da       _initterm_e                000000018002c5da f   ucrtd:ucrtbased.dll
 0001:0002b5e0       _seh_filter_dll            000000018002c5e0 f   ucrtd:ucrtbased.dll
 0001:0002b5e6       _configure_narrow_argv     000000018002c5e6 f   ucrtd:ucrtbased.dll
 0001:0002b5ec       _initialize_narrow_environment 000000018002c5ec f   ucrtd:ucrtbased.dll
 0001:0002b5f2       _initialize_onexit_table   000000018002c5f2 f   ucrtd:ucrtbased.dll
 0001:0002b5f8       _register_onexit_function  000000018002c5f8 f   ucrtd:ucrtbased.dll
 0001:0002b5fe       _execute_onexit_table      000000018002c5fe f   ucrtd:ucrtbased.dll
 0001:0002b604       _crt_atexit                000000018002c604 f   ucrtd:ucrtbased.dll
 0001:0002b60a       _crt_at_quick_exit         000000018002c60a f   ucrtd:ucrtbased.dll
 0001:0002b610       _cexit                     000000018002c610 f   ucrtd:ucrtbased.dll
 0001:0002b616       terminate                  000000018002c616 f   ucrtd:ucrtbased.dll
 0001:0002b61c       QueryPerformanceCounter    000000018002c61c f   kernel32:KERNEL32.dll
 0001:0002b622       GetCurrentProcessId        000000018002c622 f   kernel32:KERNEL32.dll
 0001:0002b628       GetCurrentThreadId         000000018002c628 f   kernel32:KERNEL32.dll
 0001:0002b62e       GetSystemTimeAsFileTime    000000018002c62e f   kernel32:KERNEL32.dll
 0001:0002b634       DisableThreadLibraryCalls  000000018002c634 f   kernel32:KERNEL32.dll
 0001:0002b63a       InitializeSListHead        000000018002c63a f   kernel32:KERNEL32.dll
 0001:0002b640       RtlCaptureContext          000000018002c640 f   kernel32:KERNEL32.dll
 0001:0002b646       RtlLookupFunctionEntry     000000018002c646 f   kernel32:KERNEL32.dll
 0001:0002b64c       RtlVirtualUnwind           000000018002c64c f   kernel32:KERNEL32.dll
 0001:0002b652       IsDebuggerPresent          000000018002c652 f   kernel32:KERNEL32.dll
 0001:0002b658       UnhandledExceptionFilter   000000018002c658 f   kernel32:KERNEL32.dll
 0001:0002b65e       SetUnhandledExceptionFilter 000000018002c65e f   kernel32:KERNEL32.dll
 0001:0002b664       GetStartupInfoW            000000018002c664 f   kernel32:KERNEL32.dll
 0001:0002b66a       IsProcessorFeaturePresent  000000018002c66a f   kernel32:KERNEL32.dll
 0001:0002b670       GetModuleHandleW           000000018002c670 f   kernel32:KERNEL32.dll
 0001:0002b676       GetCurrentProcess          000000018002c676 f   kernel32:KERNEL32.dll
 0001:0002b67c       TerminateProcess           000000018002c67c f   kernel32:KERNEL32.dll
 0001:0002b690       __acrt_initialize          000000018002c690 f   MSVCRTD:ucrt_stubs.obj
 0001:0002b690       __scrt_stub_for_acrt_initialize 000000018002c690 f   MSVCRTD:ucrt_stubs.obj
 0001:0002b690       __vcrt_initialize          000000018002c690 f   MSVCRTD:ucrt_stubs.obj
 0001:0002b6a0       __scrt_stub_for_acrt_thread_attach 000000018002c6a0 f   MSVCRTD:ucrt_stubs.obj
 0001:0002b6a0       __vcrt_thread_attach       000000018002c6a0 f   MSVCRTD:ucrt_stubs.obj
 0001:0002b6a0       __acrt_thread_attach       000000018002c6a0 f   MSVCRTD:ucrt_stubs.obj
 0001:0002b6b0       __vcrt_thread_detach       000000018002c6b0 f   MSVCRTD:ucrt_stubs.obj
 0001:0002b6b0       __acrt_thread_detach       000000018002c6b0 f   MSVCRTD:ucrt_stubs.obj
 0001:0002b6b0       __scrt_stub_for_acrt_thread_detach 000000018002c6b0 f   MSVCRTD:ucrt_stubs.obj
 0001:0002b6c0       __scrt_stub_for_acrt_uninitialize 000000018002c6c0 f   MSVCRTD:ucrt_stubs.obj
 0001:0002b6c0       __vcrt_uninitialize        000000018002c6c0 f   MSVCRTD:ucrt_stubs.obj
 0001:0002b6c0       __acrt_uninitialize        000000018002c6c0 f   MSVCRTD:ucrt_stubs.obj
 0001:0002b6d0       __scrt_stub_for_acrt_uninitialize_critical 000000018002c6d0 f   MSVCRTD:ucrt_stubs.obj
 0001:0002b6d0       __vcrt_uninitialize_critical 000000018002c6d0 f   MSVCRTD:ucrt_stubs.obj
 0001:0002b6d0       __acrt_uninitialize_critical 000000018002c6d0 f   MSVCRTD:ucrt_stubs.obj
 0001:0002b6e0       __scrt_stub_for_is_c_termination_complete 000000018002c6e0 f   MSVCRTD:ucrt_stubs.obj
 0001:0002b6e0       _is_c_termination_complete 000000018002c6e0 f   MSVCRTD:ucrt_stubs.obj
 0001:0002c480       _guard_dispatch_icall_nop  000000018002d480 f   MSVCRTD:_guard_dispatch_.obj
 0002:00000000       __xc_a                     0000000180030000     MSVCRTD:initializers.obj
 0002:00000110       __xc_z                     0000000180030110     MSVCRTD:initializers.obj
 0002:00000220       __xi_a                     0000000180030220     MSVCRTD:initializers.obj
 0002:00000330       __xi_z                     0000000180030330     MSVCRTD:initializers.obj
 0002:00000440       __xp_a                     0000000180030440     MSVCRTD:initializers.obj
 0002:00000550       __xp_z                     0000000180030550     MSVCRTD:initializers.obj
 0002:00000660       __xt_a                     0000000180030660     MSVCRTD:initializers.obj
 0002:00000770       __xt_z                     0000000180030770     MSVCRTD:initializers.obj
 0002:00002ef0       deflate_copyright          0000000180032ef0     deflate.obj
 0002:000044e0       inflate_copyright          00000001800344e0     inftrees.obj
 0002:00004650       _length_code               0000000180034650     trees.obj
 0002:00004750       _dist_code                 0000000180034750     trees.obj
 0002:00005340       unz_copyright              0000000180035340     unzip.obj
 0002:000053b0       zip_copyright              00000001800353b0     zip.obj
 0002:00005410       z_errmsg                   0000000180035410     zutil.obj
 0002:00005470       _pDefaultRawDllMain        0000000180035470     MSVCRTD:dll_dllmain.obj
 0002:00005470       _pRawDllMain               0000000180035470     MSVCRTD:dll_dllmain.obj
 0002:000054e0       _load_config_used          00000001800354e0     MSVCRTD:loadcfg.obj
 0002:00005850       __rtc_iaa                  0000000180035850     MSVCRTD:_initsect_.obj
 0002:00005960       __rtc_izz                  0000000180035960     MSVCRTD:_initsect_.obj
 0002:00005a70       __rtc_taa                  0000000180035a70     MSVCRTD:_initsect_.obj
 0002:00005b80       __rtc_tzz                  0000000180035b80     MSVCRTD:_initsect_.obj
 0003:00000840       __scrt_native_dllmain_reason 0000000180038840     MSVCRTD:utility.obj
 0003:00000848       __isa_available            0000000180038848     MSVCRTD:_cpu_disp_.obj
 0003:0000084c       __isa_enabled              000000018003884c     MSVCRTD:_cpu_disp_.obj
 0003:00000850       __memcpy_nt_iters          0000000180038850     MSVCRTD:_cpu_disp_.obj
 0003:00000860       __security_cookie          0000000180038860     MSVCRTD:gs_cookie.obj
 0003:00000868       __security_cookie_complement 0000000180038868     MSVCRTD:gs_cookie.obj
 0003:00000880       __scrt_ucrt_dll_is_in_use  0000000180038880     MSVCRTD:ucrt_stubs.obj
 0003:000009b0       __scrt_current_native_startup_state 00000001800389b0     MSVCRTD:utility.obj
 0003:000009b8       __scrt_native_startup_lock 00000001800389b8     MSVCRTD:utility.obj
 0003:00000a00       ?__type_info_root_node@@3U__type_info_node@@A 0000000180038a00     MSVCRTD:tncleanup.obj
 0003:00000a18       ?_OptionsStorage@?1??__local_stdio_printf_options@@9@4_KA 0000000180038a18     MSVCRTD:default_local_stdio_options.obj
 0003:00000a28       ?_OptionsStorage@?1??__local_stdio_scanf_options@@9@4_KA 0000000180038a28     MSVCRTD:default_local_stdio_options.obj
 0003:00000a34       __scrt_debugger_hook_flag  0000000180038a34     MSVCRTD:utility_desktop.obj
 0003:00000a38       __favor                    0000000180038a38     MSVCRTD:_cpu_disp_.obj
 0003:000010c8       ?_OptionsStorage@?1??__local_stdio_printf_options@@9@9 00000001800390c8     <common>
 0003:000010e0       __dyn_tls_init_callback    00000001800390e0     <common>
 0005:00000000       __imp_CreateFileA          000000018003c000     kernel32:KERNEL32.dll
 0005:00000008       __imp_CreateFileW          000000018003c008     kernel32:KERNEL32.dll
 0005:00000010       __imp_ReadFile             000000018003c010     kernel32:KERNEL32.dll
 0005:00000018       __imp_SetFilePointer       000000018003c018     kernel32:KERNEL32.dll
 0005:00000020       __imp_WriteFile            000000018003c020     kernel32:KERNEL32.dll
 0005:00000028       __imp_CloseHandle          000000018003c028     kernel32:KERNEL32.dll
 0005:00000030       __imp_GetLastError         000000018003c030     kernel32:KERNEL32.dll
 0005:00000038       __imp_GetCurrentProcess    000000018003c038     kernel32:KERNEL32.dll
 0005:00000040       __imp_GetModuleHandleW     000000018003c040     kernel32:KERNEL32.dll
 0005:00000048       __imp_IsProcessorFeaturePresent 000000018003c048     kernel32:KERNEL32.dll
 0005:00000050       __imp_GetStartupInfoW      000000018003c050     kernel32:KERNEL32.dll
 0005:00000058       __imp_SetUnhandledExceptionFilter 000000018003c058     kernel32:KERNEL32.dll
 0005:00000060       __imp_UnhandledExceptionFilter 000000018003c060     kernel32:KERNEL32.dll
 0005:00000068       __imp_IsDebuggerPresent    000000018003c068     kernel32:KERNEL32.dll
 0005:00000070       __imp_RtlVirtualUnwind     000000018003c070     kernel32:KERNEL32.dll
 0005:00000078       __imp_RtlLookupFunctionEntry 000000018003c078     kernel32:KERNEL32.dll
 0005:00000080       __imp_RtlCaptureContext    000000018003c080     kernel32:KERNEL32.dll
 0005:00000088       __imp_InitializeSListHead  000000018003c088     kernel32:KERNEL32.dll
 0005:00000090       __imp_DisableThreadLibraryCalls 000000018003c090     kernel32:KERNEL32.dll
 0005:00000098       __imp_GetSystemTimeAsFileTime 000000018003c098     kernel32:KERNEL32.dll
 0005:000000a0       __imp_GetCurrentThreadId   000000018003c0a0     kernel32:KERNEL32.dll
 0005:000000a8       __imp_GetCurrentProcessId  000000018003c0a8     kernel32:KERNEL32.dll
 0005:000000b0       __imp_QueryPerformanceCounter 000000018003c0b0     kernel32:KERNEL32.dll
 0005:000000b8       __imp_TerminateProcess     000000018003c0b8     kernel32:KERNEL32.dll
 0005:000000c0       \177KERNEL32_NULL_THUNK_DATA 000000018003c0c0     kernel32:KERNEL32.dll
 0005:00000138       __imp_memcpy               000000018003c138     vcruntimed:VCRUNTIME140D.dll
 0005:00000140       __imp_memchr               000000018003c140     vcruntimed:VCRUNTIME140D.dll
 0005:00000148       __imp___telemetry_main_invoke_trigger 000000018003c148     vcruntimed:VCRUNTIME140D.dll
 0005:00000150       __imp___telemetry_main_return_trigger 000000018003c150     vcruntimed:VCRUNTIME140D.dll
 0005:00000158       __imp___C_specific_handler 000000018003c158     vcruntimed:VCRUNTIME140D.dll
 0005:00000160       __imp___std_type_info_destroy_list 000000018003c160     vcruntimed:VCRUNTIME140D.dll
 0005:00000168       __imp_memset               000000018003c168     vcruntimed:VCRUNTIME140D.dll
 0005:00000170       \177VCRUNTIME140D_NULL_THUNK_DATA 000000018003c170     vcruntimed:VCRUNTIME140D.dll
 0005:000001d0       __imp_fseek                000000018003c1d0     ucrtd:ucrtbased.dll
 0005:000001d8       __imp__fseeki64            000000018003c1d8     ucrtd:ucrtbased.dll
 0005:000001e0       __imp_ftell                000000018003c1e0     ucrtd:ucrtbased.dll
 0005:000001e8       __imp__errno               000000018003c1e8     ucrtd:ucrtbased.dll
 0005:000001f0       __imp_fwrite               000000018003c1f0     ucrtd:ucrtbased.dll
 0005:000001f8       __imp_strcmp               000000018003c1f8     ucrtd:ucrtbased.dll
 0005:00000200       __imp_srand                000000018003c200     ucrtd:ucrtbased.dll
 0005:00000208       __imp_rand                 000000018003c208     ucrtd:ucrtbased.dll
 0005:00000210       __imp__time64              000000018003c210     ucrtd:ucrtbased.dll
 0005:00000218       __imp__initterm            000000018003c218     ucrtd:ucrtbased.dll
 0005:00000220       __imp__initterm_e          000000018003c220     ucrtd:ucrtbased.dll
 0005:00000228       __imp__seh_filter_dll      000000018003c228     ucrtd:ucrtbased.dll
 0005:00000230       __imp__configure_narrow_argv 000000018003c230     ucrtd:ucrtbased.dll
 0005:00000238       __imp__initialize_narrow_environment 000000018003c238     ucrtd:ucrtbased.dll
 0005:00000240       __imp_fread                000000018003c240     ucrtd:ucrtbased.dll
 0005:00000248       __imp__register_onexit_function 000000018003c248     ucrtd:ucrtbased.dll
 0005:00000250       __imp__execute_onexit_table 000000018003c250     ucrtd:ucrtbased.dll
 0005:00000258       __imp__crt_atexit          000000018003c258     ucrtd:ucrtbased.dll
 0005:00000260       __imp__crt_at_quick_exit   000000018003c260     ucrtd:ucrtbased.dll
 0005:00000268       __imp__cexit               000000018003c268     ucrtd:ucrtbased.dll
 0005:00000270       __imp_terminate            000000018003c270     ucrtd:ucrtbased.dll
 0005:00000278       __imp__open                000000018003c278     ucrtd:ucrtbased.dll
 0005:00000280       __imp__lseeki64            000000018003c280     ucrtd:ucrtbased.dll
 0005:00000288       __imp__wopen               000000018003c288     ucrtd:ucrtbased.dll
 0005:00000290       __imp_wcstombs             000000018003c290     ucrtd:ucrtbased.dll
 0005:00000298       __imp_malloc               000000018003c298     ucrtd:ucrtbased.dll
 0005:000002a0       __imp_free                 000000018003c2a0     ucrtd:ucrtbased.dll
 0005:000002a8       __imp_strlen               000000018003c2a8     ucrtd:ucrtbased.dll
 0005:000002b0       __imp___stdio_common_vsprintf 000000018003c2b0     ucrtd:ucrtbased.dll
 0005:000002b8       __imp_fopen                000000018003c2b8     ucrtd:ucrtbased.dll
 0005:000002c0       __imp_ferror               000000018003c2c0     ucrtd:ucrtbased.dll
 0005:000002c8       __imp_fclose               000000018003c2c8     ucrtd:ucrtbased.dll
 0005:000002d0       __imp__write               000000018003c2d0     ucrtd:ucrtbased.dll
 0005:000002d8       __imp__read                000000018003c2d8     ucrtd:ucrtbased.dll
 0005:000002e0       __imp__close               000000018003c2e0     ucrtd:ucrtbased.dll
 0005:000002e8       __imp__initialize_onexit_table 000000018003c2e8     ucrtd:ucrtbased.dll
 0005:000002f0       __imp_strerror             000000018003c2f0     ucrtd:ucrtbased.dll
 0005:000002f8       __imp__ftelli64            000000018003c2f8     ucrtd:ucrtbased.dll
 0005:00000300       \177ucrtbased_NULL_THUNK_DATA 000000018003c300     ucrtd:ucrtbased.dll
 0005:00000390       __IMPORT_DESCRIPTOR_KERNEL32 000000018003c390     kernel32:KERNEL32.dll
 0005:000003a4       __IMPORT_DESCRIPTOR_VCRUNTIME140D 000000018003c3a4     vcruntimed:VCRUNTIME140D.dll
 0005:000003b8       __IMPORT_DESCRIPTOR_ucrtbased 000000018003c3b8     ucrtd:ucrtbased.dll
 0005:000003cc       __NULL_IMPORT_DESCRIPTOR   000000018003c3cc     kernel32:KERNEL32.dll
 0007:00000000       __guard_check_icall_fptr   000000018003e000     MSVCRTD:guard_support.obj
 0007:00000010       __guard_dispatch_icall_fptr 000000018003e010     MSVCRTD:guard_support.obj
